Archive member included to satisfy reference by file (symbol)

/Users/erensoylu/.pico-sdk/toolchain/13_2_Rel1/bin/../lib/gcc/arm-none-eabi/13.2.1/thumb/v6-m/nofp/libgcc.a(_dvmd_tls.o)
                              CMakeFiles/gpioAndPWM.dir/Users/erensoylu/.pico-sdk/sdk/1.5.1/src/rp2_common/pico_divider/divider.S.obj (__aeabi_idiv0)
/Users/erensoylu/.pico-sdk/toolchain/13_2_Rel1/bin/../lib/gcc/arm-none-eabi/13.2.1/../../../../arm-none-eabi/lib/thumb/v6-m/nofp/libg.a(libc_a-calloc.o)
                              CMakeFiles/gpioAndPWM.dir/Users/erensoylu/.pico-sdk/sdk/1.5.1/src/rp2_common/pico_malloc/pico_malloc.c.obj (calloc)
/Users/erensoylu/.pico-sdk/toolchain/13_2_Rel1/bin/../lib/gcc/arm-none-eabi/13.2.1/../../../../arm-none-eabi/lib/thumb/v6-m/nofp/libg.a(libc_a-callocr.o)
                              /Users/erensoylu/.pico-sdk/toolchain/13_2_Rel1/bin/../lib/gcc/arm-none-eabi/13.2.1/../../../../arm-none-eabi/lib/thumb/v6-m/nofp/libg.a(libc_a-calloc.o) (_calloc_r)
/Users/erensoylu/.pico-sdk/toolchain/13_2_Rel1/bin/../lib/gcc/arm-none-eabi/13.2.1/../../../../arm-none-eabi/lib/thumb/v6-m/nofp/libg.a(libc_a-malloc.o)
                              CMakeFiles/gpioAndPWM.dir/Users/erensoylu/.pico-sdk/sdk/1.5.1/src/rp2_common/pico_malloc/pico_malloc.c.obj (malloc)
/Users/erensoylu/.pico-sdk/toolchain/13_2_Rel1/bin/../lib/gcc/arm-none-eabi/13.2.1/../../../../arm-none-eabi/lib/thumb/v6-m/nofp/libg.a(libc_a-mallocr.o)
                              /Users/erensoylu/.pico-sdk/toolchain/13_2_Rel1/bin/../lib/gcc/arm-none-eabi/13.2.1/../../../../arm-none-eabi/lib/thumb/v6-m/nofp/libg.a(libc_a-callocr.o) (_malloc_r)
/Users/erensoylu/.pico-sdk/toolchain/13_2_Rel1/bin/../lib/gcc/arm-none-eabi/13.2.1/../../../../arm-none-eabi/lib/thumb/v6-m/nofp/libg.a(libc_a-mlock.o)
                              /Users/erensoylu/.pico-sdk/toolchain/13_2_Rel1/bin/../lib/gcc/arm-none-eabi/13.2.1/../../../../arm-none-eabi/lib/thumb/v6-m/nofp/libg.a(libc_a-mallocr.o) (__malloc_lock)
/Users/erensoylu/.pico-sdk/toolchain/13_2_Rel1/bin/../lib/gcc/arm-none-eabi/13.2.1/../../../../arm-none-eabi/lib/thumb/v6-m/nofp/libg.a(libc_a-realloc.o)
                              CMakeFiles/gpioAndPWM.dir/Users/erensoylu/.pico-sdk/sdk/1.5.1/src/rp2_common/pico_malloc/pico_malloc.c.obj (realloc)
/Users/erensoylu/.pico-sdk/toolchain/13_2_Rel1/bin/../lib/gcc/arm-none-eabi/13.2.1/../../../../arm-none-eabi/lib/thumb/v6-m/nofp/libg.a(libc_a-reallocr.o)
                              /Users/erensoylu/.pico-sdk/toolchain/13_2_Rel1/bin/../lib/gcc/arm-none-eabi/13.2.1/../../../../arm-none-eabi/lib/thumb/v6-m/nofp/libg.a(libc_a-realloc.o) (_realloc_r)
/Users/erensoylu/.pico-sdk/toolchain/13_2_Rel1/bin/../lib/gcc/arm-none-eabi/13.2.1/../../../../arm-none-eabi/lib/thumb/v6-m/nofp/libg.a(libc_a-memmove.o)
                              /Users/erensoylu/.pico-sdk/toolchain/13_2_Rel1/bin/../lib/gcc/arm-none-eabi/13.2.1/../../../../arm-none-eabi/lib/thumb/v6-m/nofp/libg.a(libc_a-reallocr.o) (memmove)
/Users/erensoylu/.pico-sdk/toolchain/13_2_Rel1/bin/../lib/gcc/arm-none-eabi/13.2.1/../../../../arm-none-eabi/lib/thumb/v6-m/nofp/libg.a(libc_a-impure.o)
                              /Users/erensoylu/.pico-sdk/toolchain/13_2_Rel1/bin/../lib/gcc/arm-none-eabi/13.2.1/../../../../arm-none-eabi/lib/thumb/v6-m/nofp/libg.a(libc_a-calloc.o) (_impure_ptr)
/Users/erensoylu/.pico-sdk/toolchain/13_2_Rel1/bin/../lib/gcc/arm-none-eabi/13.2.1/../../../../arm-none-eabi/lib/thumb/v6-m/nofp/libg.a(libc_a-sbrkr.o)
                              /Users/erensoylu/.pico-sdk/toolchain/13_2_Rel1/bin/../lib/gcc/arm-none-eabi/13.2.1/../../../../arm-none-eabi/lib/thumb/v6-m/nofp/libg.a(libc_a-mallocr.o) (_sbrk_r)
/Users/erensoylu/.pico-sdk/toolchain/13_2_Rel1/bin/../lib/gcc/arm-none-eabi/13.2.1/../../../../arm-none-eabi/lib/thumb/v6-m/nofp/libg.a(libc_a-errno.o)
                              /Users/erensoylu/.pico-sdk/toolchain/13_2_Rel1/bin/../lib/gcc/arm-none-eabi/13.2.1/../../../../arm-none-eabi/lib/thumb/v6-m/nofp/libg.a(libc_a-callocr.o) (__errno)
/Users/erensoylu/.pico-sdk/toolchain/13_2_Rel1/bin/../lib/gcc/arm-none-eabi/13.2.1/../../../../arm-none-eabi/lib/thumb/v6-m/nofp/libg.a(libc_a-sysconf.o)
                              /Users/erensoylu/.pico-sdk/toolchain/13_2_Rel1/bin/../lib/gcc/arm-none-eabi/13.2.1/../../../../arm-none-eabi/lib/thumb/v6-m/nofp/libg.a(libc_a-mallocr.o) (sysconf)
/Users/erensoylu/.pico-sdk/toolchain/13_2_Rel1/bin/../lib/gcc/arm-none-eabi/13.2.1/../../../../arm-none-eabi/lib/thumb/v6-m/nofp/libg.a(libc_a-init.o)
                              /Users/erensoylu/.pico-sdk/toolchain/13_2_Rel1/bin/../lib/gcc/arm-none-eabi/13.2.1/../../../../arm-none-eabi/lib/thumb/v6-m/nofp/crt0.o (__libc_init_array)
/Users/erensoylu/.pico-sdk/toolchain/13_2_Rel1/bin/../lib/gcc/arm-none-eabi/13.2.1/../../../../arm-none-eabi/lib/thumb/v6-m/nofp/libg.a(libc_a-lock.o)
[...]
Memory Configuration

Name             Origin             Length             Attributes
FLASH            0x10000000         0x00200000         xr
RAM              0x20000000         0x00040000         xrw
SCRATCH_X        0x20040000         0x00001000         xrw
SCRATCH_Y        0x20041000         0x00001000         xrw
*default*        0x00000000         0xffffffff

Linker script and memory map

LOAD /Users/erensoylu/.pico-sdk/toolchain/13_2_Rel1/bin/../lib/gcc/arm-none-eabi/13.2.1/thumb/v6-m/nofp/crti.o
LOAD /Users/erensoylu/.pico-sdk/toolchain/13_2_Rel1/bin/../lib/gcc/arm-none-eabi/13.2.1/thumb/v6-m/nofp/crtbegin.o
LOAD /Users/erensoylu/.pico-sdk/toolchain/13_2_Rel1/bin/../lib/gcc/arm-none-eabi/13.2.1/../../../../arm-none-eabi/lib/thumb/v6-m/nofp/crt0.o

.flash_begin    0x10000000        0x0
                0x10000000                        __flash_binary_start = .

.boot2          0x10000000      0x100
                0x10000000                        __boot2_start__ = .
 *(.boot2)
 .boot2         0x10000000      0x100 /var/folders/ld/491lmq2s329cfv5624pgf59c0000gn/T//cc25O9AL.o
                0x10000100                        __boot2_end__ = .
                0x00000001                        ASSERT (((__boot2_end__ - __boot2_start__) == 0x100), ERROR: Pico second stage bootloader must be 256 bytes in size)

.text           0x10000100     0x6be8
                0x10000100                        __logical_binary_start = .
 *(.vectors)
 .vectors       0x10000100       0xd4 CMakeFiles/gpioAndPWM.dir/Users/erensoylu/.pico-sdk/sdk/1.5.1/src/rp2_common/pico_standard_link/crt0.S.obj
                0x10000100                __VECTOR_TABLE
                0x10000100                __vectors
                0x100001c0                __default_isrs_start
                0x100001c0                isr_invalid
                0x100001c2                isr_nmi
                0x100001c4                isr_hardfault
                0x100001c6                isr_svcall
                0x100001c8                isr_pendsv
                0x100001ca                isr_systick
                0x100001cc                isr_irq28
                0x100001cc                isr_irq19
                0x100001cc                isr_irq0
                0x100001cc                isr_irq6
                0x100001cc                isr_irq22
                0x100001cc                isr_irq17
                0x100001cc                isr_irq14
                0x100001cc                isr_irq2
                0x100001cc                isr_irq10
                0x100001cc                isr_irq8
                0x100001cc                isr_irq24
                0x100001cc                isr_irq1
                0x100001cc                isr_irq7
                0x100001cc                isr_irq21
                0x100001cc                isr_irq20
                0x100001cc                isr_irq15
                0x100001cc                isr_irq25
                0x100001cc                isr_irq4
                0x100001cc                isr_irq16
                0x100001cc                isr_irq29
                0x100001cc                isr_irq26
                0x100001cc                __default_isrs_end
                0x100001cc                isr_irq3
                0x100001cc                isr_irq9
                0x100001cc                __unhandled_user_irq
                0x100001cc                isr_irq13
                0x100001cc                isr_irq27
                0x100001cc                isr_irq31
                0x100001cc                isr_irq5
                0x100001cc                isr_irq11
                0x100001cc                isr_irq23
                0x100001cc                isr_irq18
                0x100001cc                isr_irq30
                0x100001cc                isr_irq12
                0x100001d2                unhandled_user_irq_num_in_r0
 *(.binary_info_header)
 .binary_info_header
                0x100001d4       0x14 CMakeFiles/gpioAndPWM.dir/Users/erensoylu/.pico-sdk/sdk/1.5.1/src/rp2_common/pico_standard_link/crt0.S.obj
                0x100001e8                        __binary_info_header_end = .
 *(.reset)
 .reset         0x100001e8       0xa0 CMakeFiles/gpioAndPWM.dir/Users/erensoylu/.pico-sdk/sdk/1.5.1/src/rp2_common/pico_standard_link/crt0.S.obj
                0x100001e8                _entry_point
 .reset         0x10000288       0x30 CMakeFiles/gpioAndPWM.dir/Users/erensoylu/.pico-sdk/sdk/1.5.1/src/rp2_common/pico_standard_link/binary_info.c.obj
 *(.init)
 .init          0x100002b8        0x4 /Users/erensoylu/.pico-sdk/toolchain/13_2_Rel1/bin/../lib/gcc/arm-none-eabi/13.2.1/thumb/v6-m/nofp/crti.o
                0x100002b8                _init
 *(EXCLUDE_FILE(*libm.a: *libc.a:*lib_a-mem*.o *libgcc.a:) .text*)
 .text.register_tm_clones
                0x100002bc       0x28 /Users/erensoylu/.pico-sdk/toolchain/13_2_Rel1/bin/../lib/gcc/arm-none-eabi/13.2.1/thumb/v6-m/nofp/crtbegin.o
 .text.frame_dummy
                0x100002e4       0x24 /Users/erensoylu/.pico-sdk/toolchain/13_2_Rel1/bin/../lib/gcc/arm-none-eabi/13.2.1/thumb/v6-m/nofp/crtbegin.o
 .text.main     0x10000308       0x8e CMakeFiles/gpioAndPWM.dir/gpioAndPWM.c.obj
                0x10000308                main
 *fill*         0x10000396        0x2 
 .text.gpio_set_function
                0x10000398       0x30 CMakeFiles/gpioAndPWM.dir/Users/erensoylu/.pico-sdk/sdk/1.5.1/src/rp2_common/hardware_gpio/gpio.c.obj
                0x10000398                gpio_set_function
 .text.gpio_set_pulls
                0x100003c8       0x34 CMakeFiles/gpioAndPWM.dir/Users/erensoylu/.pico-sdk/sdk/1.5.1/src/rp2_common/hardware_gpio/gpio.c.obj
                0x100003c8                gpio_set_pulls
 .text.gpio_init
                0x100003fc       0x16 CMakeFiles/gpioAndPWM.dir/Users/erensoylu/.pico-sdk/sdk/1.5.1/src/rp2_common/hardware_gpio/gpio.c.obj
                0x100003fc                gpio_init
 .text.gpio_init_mask
                0x10000412       0x1e CMakeFiles/gpioAndPWM.dir/Users/erensoylu/.pico-sdk/sdk/1.5.1/src/rp2_common/hardware_gpio/gpio.c.obj
                0x10000412                gpio_init_mask
 .text.running_on_fpga
                0x10000430       0x14 CMakeFiles/gpioAndPWM.dir/Users/erensoylu/.pico-sdk/sdk/1.5.1/src/rp2_common/pico_platform/platform.c.obj
                0x10000430                running_on_fpga
 .text.hw_claim_lock
                0x10000444       0x18 CMakeFiles/gpioAndPWM.dir/Users/erensoylu/.pico-sdk/sdk/1.5.1/src/rp2_common/hardware_claim/claim.c.obj
                0x10000444                hw_claim_lock
 .text.hw_claim_unlock
                0x1000045c       0x14 CMakeFiles/gpioAndPWM.dir/Users/erensoylu/.pico-sdk/sdk/1.5.1/src/rp2_common/hardware_claim/claim.c.obj
                0x1000045c                hw_claim_unlock
 .text.hw_claim_or_assert
                0x10000470       0x32 CMakeFiles/gpioAndPWM.dir/Users/erensoylu/.pico-sdk/sdk/1.5.1/src/rp2_common/hardware_claim/claim.c.obj
                0x10000470                hw_claim_or_assert
 .text.hw_claim_unused_from_range
                0x100004a2       0x50 CMakeFiles/gpioAndPWM.dir/Users/erensoylu/.pico-sdk/sdk/1.5.1/src/rp2_common/hardware_claim/claim.c.obj
                0x100004a2                hw_claim_unused_from_range
 *fill*         0x100004f2        0x2 
 .text.spin_locks_reset
                0x100004f4       0x20 CMakeFiles/gpioAndPWM.dir/Users/erensoylu/.pico-sdk/sdk/1.5.1/src/rp2_common/hardware_sync/sync.c.obj
                0x100004f4                spin_locks_reset
 .text.next_striped_spin_lock_num
                0x10000514       0x1c CMakeFiles/gpioAndPWM.dir/Users/erensoylu/.pico-sdk/sdk/1.5.1/src/rp2_common/hardware_sync/sync.c.obj
                0x10000514                next_striped_spin_lock_num
 .text.spin_lock_claim_unused
                0x10000530       0x24 CMakeFiles/gpioAndPWM.dir/Users/erensoylu/.pico-sdk/sdk/1.5.1/src/rp2_common/hardware_sync/sync.c.obj
                0x10000530                spin_lock_claim_unused
 .text.set_raw_irq_handler_and_unlock
                0x10000554       0x28 CMakeFiles/gpioAndPWM.dir/Users/erensoylu/.pico-sdk/sdk/1.5.1/src/rp2_common/hardware_irq/irq.c.obj
 .text.resolve_branch
                0x1000057c       0x30 CMakeFiles/gpioAndPWM.dir/Users/erensoylu/.pico-sdk/sdk/1.5.1/src/rp2_common/hardware_irq/irq.c.obj
 .text.make_branch
                0x100005ac       0x48 CMakeFiles/gpioAndPWM.dir/Users/erensoylu/.pico-sdk/sdk/1.5.1/src/rp2_common/hardware_irq/irq.c.obj
 .text.insert_branch_and_link
                0x100005f4       0x40 CMakeFiles/gpioAndPWM.dir/Users/erensoylu/.pico-sdk/sdk/1.5.1/src/rp2_common/hardware_irq/irq.c.obj
 .text.irq_is_enabled
                0x10000634       0x18 CMakeFiles/gpioAndPWM.dir/Users/erensoylu/.pico-sdk/sdk/1.5.1/src/rp2_common/hardware_irq/irq.c.obj
                0x10000634                irq_is_enabled
 .text.irq_set_mask_enabled
                0x1000064c       0x20 CMakeFiles/gpioAndPWM.dir/Users/erensoylu/.pico-sdk/sdk/1.5.1/src/rp2_common/hardware_irq/irq.c.obj
                0x1000064c                irq_set_mask_enabled
 .text.irq_set_enabled
                0x1000066c        0xe CMakeFiles/gpioAndPWM.dir/Users/erensoylu/.pico-sdk/sdk/1.5.1/src/rp2_common/hardware_irq/irq.c.obj
                0x1000066c                irq_set_enabled
 *fill*         0x1000067a        0x2 
 .text.irq_set_pending
                0x1000067c       0x10 CMakeFiles/gpioAndPWM.dir/Users/erensoylu/.pico-sdk/sdk/1.5.1/src/rp2_common/hardware_irq/irq.c.obj
                0x1000067c                irq_set_pending
 .text.irq_get_vtable_handler
                0x1000068c       0x10 CMakeFiles/gpioAndPWM.dir/Users/erensoylu/.pico-sdk/sdk/1.5.1/src/rp2_common/hardware_irq/irq.c.obj
                0x1000068c                irq_get_vtable_handler
 .text.irq_has_shared_handler
                0x1000069c       0x24 CMakeFiles/gpioAndPWM.dir/Users/erensoylu/.pico-sdk/sdk/1.5.1/src/rp2_common/hardware_irq/irq.c.obj
                0x1000069c                irq_has_shared_handler
 .text.irq_set_exclusive_handler
                0x100006c0       0x54 CMakeFiles/gpioAndPWM.dir/Users/erensoylu/.pico-sdk/sdk/1.5.1/src/rp2_common/hardware_irq/irq.c.obj
                0x100006c0                irq_set_exclusive_handler
 .text.irq_add_shared_handler
                0x10000714      0x210 CMakeFiles/gpioAndPWM.dir/Users/erensoylu/.pico-sdk/sdk/1.5.1/src/rp2_common/hardware_irq/irq.c.obj
                0x10000714                irq_add_shared_handler
 .text.irq_remove_handler
                0x10000924      0x188 CMakeFiles/gpioAndPWM.dir/Users/erensoylu/.pico-sdk/sdk/1.5.1/src/rp2_common/hardware_irq/irq.c.obj
                0x10000924                irq_remove_handler
 .text.irq_add_tail_to_free_list
                0x10000aac       0xf0 CMakeFiles/gpioAndPWM.dir/Users/erensoylu/.pico-sdk/sdk/1.5.1/src/rp2_common/hardware_irq/irq.c.obj
                0x10000aac                irq_add_tail_to_free_list
 .text.irq_init_priorities
                0x10000b9c       0x1c CMakeFiles/gpioAndPWM.dir/Users/erensoylu/.pico-sdk/sdk/1.5.1/src/rp2_common/hardware_irq/irq.c.obj
                0x10000b9c                irq_init_priorities
 .text.user_irq_claim_unused
                0x10000bb8       0x2c CMakeFiles/gpioAndPWM.dir/Users/erensoylu/.pico-sdk/sdk/1.5.1/src/rp2_common/hardware_irq/irq.c.obj
                0x10000bb8                user_irq_claim_unused
 .text.lock_init
                0x10000be4       0x10 CMakeFiles/gpioAndPWM.dir/Users/erensoylu/.pico-sdk/sdk/1.5.1/src/common/pico_sync/lock_core.c.obj
                0x10000be4                lock_init
 .text.update_us_since_boot
                0x10000bf4       0x24 CMakeFiles/gpioAndPWM.dir/Users/erensoylu/.pico-sdk/sdk/1.5.1/src/common/pico_sync/mutex.c.obj
 .text.delayed_by_ms
                0x10000c18       0x44 CMakeFiles/gpioAndPWM.dir/Users/erensoylu/.pico-sdk/sdk/1.5.1/src/common/pico_sync/mutex.c.obj
 .text.get_absolute_time
                0x10000c5c       0x22 CMakeFiles/gpioAndPWM.dir/Users/erensoylu/.pico-sdk/sdk/1.5.1/src/common/pico_sync/mutex.c.obj
 .text.make_timeout_time_ms
                0x10000c7e       0x20 CMakeFiles/gpioAndPWM.dir/Users/erensoylu/.pico-sdk/sdk/1.5.1/src/common/pico_sync/mutex.c.obj
 .text.mutex_init
                0x10000c9e       0x1a CMakeFiles/gpioAndPWM.dir/Users/erensoylu/.pico-sdk/sdk/1.5.1/src/common/pico_sync/mutex.c.obj
                0x10000c9e                mutex_init
 .text.recursive_mutex_init
                0x10000cb8       0x1e CMakeFiles/gpioAndPWM.dir/Users/erensoylu/.pico-sdk/sdk/1.5.1/src/common/pico_sync/mutex.c.obj
                0x10000cb8                recursive_mutex_init
 *fill*         0x10000cd6        0x2 
 .text.critical_section_init_with_lock_num
                0x10000cd8       0x14 CMakeFiles/gpioAndPWM.dir/Users/erensoylu/.pico-sdk/sdk/1.5.1/src/common/pico_sync/critical_section.c.obj
                0x10000cd8                critical_section_init_with_lock_num
 .text.critical_section_init
                0x10000cec       0x14 CMakeFiles/gpioAndPWM.dir/Users/erensoylu/.pico-sdk/sdk/1.5.1/src/common/pico_sync/critical_section.c.obj
                0x10000cec                critical_section_init
 .text.time_reached
                0x10000d00       0x28 CMakeFiles/gpioAndPWM.dir/Users/erensoylu/.pico-sdk/sdk/1.5.1/src/common/pico_time/time.c.obj
 .text.get_entry
                0x10000d28       0x38 CMakeFiles/gpioAndPWM.dir/Users/erensoylu/.pico-sdk/sdk/1.5.1/src/common/pico_time/time.c.obj
 .text.timer_pool_entry_comparator
                0x10000d60       0x2e CMakeFiles/gpioAndPWM.dir/Users/erensoylu/.pico-sdk/sdk/1.5.1/src/common/pico_time/time.c.obj
                0x10000d60                timer_pool_entry_comparator
 *fill*         0x10000d8e        0x2 
 .text.update_us_since_boot
                0x10000d90       0x24 CMakeFiles/gpioAndPWM.dir/Users/erensoylu/.pico-sdk/sdk/1.5.1/src/common/pico_time/time.c.obj
 .text.delayed_by_us
                0x10000db4       0x34 CMakeFiles/gpioAndPWM.dir/Users/erensoylu/.pico-sdk/sdk/1.5.1/src/common/pico_time/time.c.obj
 .text.ph_get_node
                0x10000de8       0x30 CMakeFiles/gpioAndPWM.dir/Users/erensoylu/.pico-sdk/sdk/1.5.1/src/common/pico_time/time.c.obj
 .text.ph_contains_node
                0x10000e18       0x1e CMakeFiles/gpioAndPWM.dir/Users/erensoylu/.pico-sdk/sdk/1.5.1/src/common/pico_time/time.c.obj
 .text.ph_new_node
                0x10000e36       0x28 CMakeFiles/gpioAndPWM.dir/Users/erensoylu/.pico-sdk/sdk/1.5.1/src/common/pico_time/time.c.obj
 *fill*         0x10000e5e        0x2 
 .text.ph_add_child_node
                0x10000e60       0x6c CMakeFiles/gpioAndPWM.dir/Users/erensoylu/.pico-sdk/sdk/1.5.1/src/common/pico_time/time.c.obj
 .text.ph_merge_nodes
                0x10000ecc       0x3e CMakeFiles/gpioAndPWM.dir/Users/erensoylu/.pico-sdk/sdk/1.5.1/src/common/pico_time/time.c.obj
 *fill*         0x10000f0a        0x2 
 .text.ph_insert_node
                0x10000f0c       0x3c CMakeFiles/gpioAndPWM.dir/Users/erensoylu/.pico-sdk/sdk/1.5.1/src/common/pico_time/time.c.obj
 .text.ph_free_node
                0x10000f48       0x5c CMakeFiles/gpioAndPWM.dir/Users/erensoylu/.pico-sdk/sdk/1.5.1/src/common/pico_time/time.c.obj
 .text.get_entry_id_high
                0x10000fa4       0x30 CMakeFiles/gpioAndPWM.dir/Users/erensoylu/.pico-sdk/sdk/1.5.1/src/common/pico_time/time.c.obj
 .text.alarm_pool_post_alloc_init
                0x10000fd4       0x40 CMakeFiles/gpioAndPWM.dir/Users/erensoylu/.pico-sdk/sdk/1.5.1/src/common/pico_time/time.c.obj
 .text.sleep_until_callback
                0x10001014       0x30 CMakeFiles/gpioAndPWM.dir/Users/erensoylu/.pico-sdk/sdk/1.5.1/src/common/pico_time/time.c.obj
 .text.get_absolute_time
                0x10001044       0x22 CMakeFiles/gpioAndPWM.dir/Users/erensoylu/.pico-sdk/sdk/1.5.1/src/common/pico_time/time.c.obj
 .text.make_timeout_time_us
                0x10001066       0x24 CMakeFiles/gpioAndPWM.dir/Users/erensoylu/.pico-sdk/sdk/1.5.1/src/common/pico_time/time.c.obj
 *fill*         0x1000108a        0x2 
 .text.add_alarm_under_lock
                0x1000108c       0x94 CMakeFiles/gpioAndPWM.dir/Users/erensoylu/.pico-sdk/sdk/1.5.1/src/common/pico_time/time.c.obj
 .text.alarm_pool_alarm_callback
                0x10001120      0x210 CMakeFiles/gpioAndPWM.dir/Users/erensoylu/.pico-sdk/sdk/1.5.1/src/common/pico_time/time.c.obj
 .text.alarm_pool_init_default
                0x10001330       0x40 CMakeFiles/gpioAndPWM.dir/Users/erensoylu/.pico-sdk/sdk/1.5.1/src/common/pico_time/time.c.obj
                0x10001330                alarm_pool_init_default
 .text.alarm_pool_get_default
                0x10001370       0x2c CMakeFiles/gpioAndPWM.dir/Users/erensoylu/.pico-sdk/sdk/1.5.1/src/common/pico_time/time.c.obj
                0x10001370                alarm_pool_get_default
 .text.alarm_pool_add_alarm_at
                0x1000139c      0x10e CMakeFiles/gpioAndPWM.dir/Users/erensoylu/.pico-sdk/sdk/1.5.1/src/common/pico_time/time.c.obj
                0x1000139c                alarm_pool_add_alarm_at
 .text.add_alarm_at
                0x100014aa       0x2e CMakeFiles/gpioAndPWM.dir/Users/erensoylu/.pico-sdk/sdk/1.5.1/src/common/pico_time/time.c.obj
 .text.alarm_pool_cancel_alarm
                0x100014d8       0xa8 CMakeFiles/gpioAndPWM.dir/Users/erensoylu/.pico-sdk/sdk/1.5.1/src/common/pico_time/time.c.obj
                0x100014d8                alarm_pool_cancel_alarm
 .text.cancel_alarm
                0x10001580       0x10 CMakeFiles/gpioAndPWM.dir/Users/erensoylu/.pico-sdk/sdk/1.5.1/src/common/pico_time/time.c.obj
 .text.alarm_pool_core_num
                0x10001590        0x4 CMakeFiles/gpioAndPWM.dir/Users/erensoylu/.pico-sdk/sdk/1.5.1/src/common/pico_time/time.c.obj
                0x10001590                alarm_pool_core_num
 .text.sleep_until
                0x10001594       0xb0 CMakeFiles/gpioAndPWM.dir/Users/erensoylu/.pico-sdk/sdk/1.5.1/src/common/pico_time/time.c.obj
                0x10001594                sleep_until
 .text.sleep_us
                0x10001644       0x1a CMakeFiles/gpioAndPWM.dir/Users/erensoylu/.pico-sdk/sdk/1.5.1/src/common/pico_time/time.c.obj
                0x10001644                sleep_us
 .text.sleep_ms
                0x1000165e       0x14 CMakeFiles/gpioAndPWM.dir/Users/erensoylu/.pico-sdk/sdk/1.5.1/src/common/pico_time/time.c.obj
                0x1000165e                sleep_ms
 *fill*         0x10001672        0x2 
 .text.best_effort_wfe_or_timeout
                0x10001674       0x44 CMakeFiles/gpioAndPWM.dir/Users/erensoylu/.pico-sdk/sdk/1.5.1/src/common/pico_time/time.c.obj
                0x10001674                best_effort_wfe_or_timeout
 .text.hardware_alarm_irq_handler
                0x100016b8       0x8c CMakeFiles/gpioAndPWM.dir/Users/erensoylu/.pico-sdk/sdk/1.5.1/src/rp2_common/hardware_timer/timer.c.obj
 .text.hardware_alarm_claim
                0x10001744       0x18 CMakeFiles/gpioAndPWM.dir/Users/erensoylu/.pico-sdk/sdk/1.5.1/src/rp2_common/hardware_timer/timer.c.obj
                0x10001744                hardware_alarm_claim
 .text.time_us_64
                0x1000175c       0x18 CMakeFiles/gpioAndPWM.dir/Users/erensoylu/.pico-sdk/sdk/1.5.1/src/rp2_common/hardware_timer/timer.c.obj
                0x1000175c                time_us_64
 .text.busy_wait_until
                0x10001774       0x28 CMakeFiles/gpioAndPWM.dir/Users/erensoylu/.pico-sdk/sdk/1.5.1/src/rp2_common/hardware_timer/timer.c.obj
                0x10001774                busy_wait_until
 .text.hardware_alarm_set_callback
                0x1000179c       0x90 CMakeFiles/gpioAndPWM.dir/Users/erensoylu/.pico-sdk/sdk/1.5.1/src/rp2_common/hardware_timer/timer.c.obj
                0x1000179c                hardware_alarm_set_callback
 .text.hardware_alarm_set_target
                0x1000182c       0xe8 CMakeFiles/gpioAndPWM.dir/Users/erensoylu/.pico-sdk/sdk/1.5.1/src/rp2_common/hardware_timer/timer.c.obj
                0x1000182c                hardware_alarm_set_target
 .text.hardware_alarm_cancel
                0x10001914       0x40 CMakeFiles/gpioAndPWM.dir/Users/erensoylu/.pico-sdk/sdk/1.5.1/src/rp2_common/hardware_timer/timer.c.obj
                0x10001914                hardware_alarm_cancel
 .text.ph_get_node
                0x10001954       0x30 CMakeFiles/gpioAndPWM.dir/Users/erensoylu/.pico-sdk/sdk/1.5.1/src/common/pico_util/pheap.c.obj
 .text.ph_add_child_node
                0x10001984       0x6c CMakeFiles/gpioAndPWM.dir/Users/erensoylu/.pico-sdk/sdk/1.5.1/src/common/pico_util/pheap.c.obj
 .text.ph_merge_nodes
                0x100019f0       0x3e CMakeFiles/gpioAndPWM.dir/Users/erensoylu/.pico-sdk/sdk/1.5.1/src/common/pico_util/pheap.c.obj
 .text.ph_clear
                0x10001a2e       0x34 CMakeFiles/gpioAndPWM.dir/Users/erensoylu/.pico-sdk/sdk/1.5.1/src/common/pico_util/pheap.c.obj
                0x10001a2e                ph_clear
 .text.ph_post_alloc_init
                0x10001a62        0xe CMakeFiles/gpioAndPWM.dir/Users/erensoylu/.pico-sdk/sdk/1.5.1/src/common/pico_util/pheap.c.obj
                0x10001a62                ph_post_alloc_init
 .text.ph_merge_two_pass
                0x10001a70       0x5c CMakeFiles/gpioAndPWM.dir/Users/erensoylu/.pico-sdk/sdk/1.5.1/src/common/pico_util/pheap.c.obj
                0x10001a70                ph_merge_two_pass
 .text.ph_remove_any_head
                0x10001acc       0xc0 CMakeFiles/gpioAndPWM.dir/Users/erensoylu/.pico-sdk/sdk/1.5.1/src/common/pico_util/pheap.c.obj
 .text.ph_remove_head
                0x10001b8c       0x14 CMakeFiles/gpioAndPWM.dir/Users/erensoylu/.pico-sdk/sdk/1.5.1/src/common/pico_util/pheap.c.obj
                0x10001b8c                ph_remove_head
 .text.ph_remove_and_free_node
                0x10001ba0       0xa0 CMakeFiles/gpioAndPWM.dir/Users/erensoylu/.pico-sdk/sdk/1.5.1/src/common/pico_util/pheap.c.obj
                0x10001ba0                ph_remove_and_free_node
 .text.clock_configure
                0x10001c40      0x108 CMakeFiles/gpioAndPWM.dir/Users/erensoylu/.pico-sdk/sdk/1.5.1/src/rp2_common/hardware_clocks/clocks.c.obj
                0x10001c40                clock_configure
 .text.clocks_init
                0x10001d48      0x100 CMakeFiles/gpioAndPWM.dir/Users/erensoylu/.pico-sdk/sdk/1.5.1/src/rp2_common/hardware_clocks/clocks.c.obj
                0x10001d48                clocks_init
 .text.pll_init
                0x10001e48      0x120 CMakeFiles/gpioAndPWM.dir/Users/erensoylu/.pico-sdk/sdk/1.5.1/src/rp2_common/hardware_pll/pll.c.obj
                0x10001e48                pll_init
 .text.watchdog_start_tick
                0x10001f68       0x10 CMakeFiles/gpioAndPWM.dir/Users/erensoylu/.pico-sdk/sdk/1.5.1/src/rp2_common/hardware_watchdog/watchdog.c.obj
                0x10001f68                watchdog_start_tick
 .text.watchdog_update
                0x10001f78       0x14 CMakeFiles/gpioAndPWM.dir/Users/erensoylu/.pico-sdk/sdk/1.5.1/src/rp2_common/hardware_watchdog/watchdog.c.obj
                0x10001f78                watchdog_update
 .text._watchdog_enable
                0x10001f8c       0x78 CMakeFiles/gpioAndPWM.dir/Users/erensoylu/.pico-sdk/sdk/1.5.1/src/rp2_common/hardware_watchdog/watchdog.c.obj
                0x10001f8c                _watchdog_enable
 .text.watchdog_reboot
                0x10002004       0x48 CMakeFiles/gpioAndPWM.dir/Users/erensoylu/.pico-sdk/sdk/1.5.1/src/rp2_common/hardware_watchdog/watchdog.c.obj
                0x10002004                watchdog_reboot
 .text.xosc_init
                0x1000204c       0x28 CMakeFiles/gpioAndPWM.dir/Users/erensoylu/.pico-sdk/sdk/1.5.1/src/rp2_common/hardware_xosc/xosc.c.obj
                0x1000204c                xosc_init
 .text._exit    0x10002074        0x4 CMakeFiles/gpioAndPWM.dir/Users/erensoylu/.pico-sdk/sdk/1.5.1/src/rp2_common/pico_runtime/runtime.c.obj
                0x10002074                _exit
 .text.exit     0x10002078        0x6 CMakeFiles/gpioAndPWM.dir/Users/erensoylu/.pico-sdk/sdk/1.5.1/src/rp2_common/pico_runtime/runtime.c.obj
                0x10002078                exit
 *fill*         0x1000207e        0x2 
 .text.__assert_func
                0x10002080       0x38 CMakeFiles/gpioAndPWM.dir/Users/erensoylu/.pico-sdk/sdk/1.5.1/src/rp2_common/pico_runtime/runtime.c.obj
                0x10002080                __assert_func
 .text.runtime_init
                0x100020b8       0xf8 CMakeFiles/gpioAndPWM.dir/Users/erensoylu/.pico-sdk/sdk/1.5.1/src/rp2_common/pico_runtime/runtime.c.obj
                0x100020b8                runtime_init
 .text.panic    0x100021b0       0x30 CMakeFiles/gpioAndPWM.dir/Users/erensoylu/.pico-sdk/sdk/1.5.1/src/rp2_common/pico_runtime/runtime.c.obj
                0x100021b0                panic
 .text._out_null
                0x100021e0        0x2 CMakeFiles/gpioAndPWM.dir/Users/erensoylu/.pico-sdk/sdk/1.5.1/src/rp2_common/pico_printf/printf.c.obj
 .text._out_fct
                0x100021e2        0xe CMakeFiles/gpioAndPWM.dir/Users/erensoylu/.pico-sdk/sdk/1.5.1/src/rp2_common/pico_printf/printf.c.obj
 .text._atoi    0x100021f0       0x24 CMakeFiles/gpioAndPWM.dir/Users/erensoylu/.pico-sdk/sdk/1.5.1/src/rp2_common/pico_printf/printf.c.obj
 .text._out_rev
                0x10002214       0xae CMakeFiles/gpioAndPWM.dir/Users/erensoylu/.pico-sdk/sdk/1.5.1/src/rp2_common/pico_printf/printf.c.obj
 .text._ntoa_format
                0x100022c2      0x110 CMakeFiles/gpioAndPWM.dir/Users/erensoylu/.pico-sdk/sdk/1.5.1/src/rp2_common/pico_printf/printf.c.obj
 .text._ntoa_long
                0x100023d2       0xbc CMakeFiles/gpioAndPWM.dir/Users/erensoylu/.pico-sdk/sdk/1.5.1/src/rp2_common/pico_printf/printf.c.obj
 .text._ntoa_long_long
                0x1000248e      0x10e CMakeFiles/gpioAndPWM.dir/Users/erensoylu/.pico-sdk/sdk/1.5.1/src/rp2_common/pico_printf/printf.c.obj
 .text._etoa    0x1000259c      0x420 CMakeFiles/gpioAndPWM.dir/Users/erensoylu/.pico-sdk/sdk/1.5.1/src/rp2_common/pico_printf/printf.c.obj
 .text._ftoa    0x100029bc      0x354 CMakeFiles/gpioAndPWM.dir/Users/erensoylu/.pico-sdk/sdk/1.5.1/src/rp2_common/pico_printf/printf.c.obj
 .text._vsnprintf
                0x10002d10      0x668 CMakeFiles/gpioAndPWM.dir/Users/erensoylu/.pico-sdk/sdk/1.5.1/src/rp2_common/pico_printf/printf.c.obj
 .text.vfctprintf
                0x10003378       0x20 CMakeFiles/gpioAndPWM.dir/Users/erensoylu/.pico-sdk/sdk/1.5.1/src/rp2_common/pico_printf/printf.c.obj
                0x10003378                vfctprintf
 .text          0x10003398       0x10 CMakeFiles/gpioAndPWM.dir/Users/erensoylu/.pico-sdk/sdk/1.5.1/src/rp2_common/pico_bit_ops/bit_ops_aeabi.S.obj
 .text.rom_func_lookup
                0x100033a8       0x10 CMakeFiles/gpioAndPWM.dir/Users/erensoylu/.pico-sdk/sdk/1.5.1/src/rp2_common/pico_bootrom/bootrom.c.obj
                0x100033a8                rom_func_lookup
 .text.rom_data_lookup
                0x100033b8       0x10 CMakeFiles/gpioAndPWM.dir/Users/erensoylu/.pico-sdk/sdk/1.5.1/src/rp2_common/pico_bootrom/bootrom.c.obj
                0x100033b8                rom_data_lookup
 .text.rom_funcs_lookup
                0x100033c8       0x36 CMakeFiles/gpioAndPWM.dir/Users/erensoylu/.pico-sdk/sdk/1.5.1/src/rp2_common/pico_bootrom/bootrom.c.obj
                0x100033c8                rom_funcs_lookup
 *fill*         0x100033fe        0x2 
 .text.__wrap___aeabi_idiv
                0x10003400       0x50 CMakeFiles/gpioAndPWM.dir/Users/erensoylu/.pico-sdk/sdk/1.5.1/src/rp2_common/pico_divider/divider.S.obj
                0x10003400                __wrap___aeabi_idivmod
                0x10003400                divmod_s32s32
                0x10003400                div_s32s32
                0x10003400                __wrap___aeabi_idiv
                0x10003408                divmod_s32s32_unsafe
                0x10003434                divmod_s32s32_savestate
 .text.__wrap___aeabi_uidiv
                0x10003450       0x4c CMakeFiles/gpioAndPWM.dir/Users/erensoylu/.pico-sdk/sdk/1.5.1/src/rp2_common/pico_divider/divider.S.obj
                0x10003450                __wrap___aeabi_uidiv
                0x10003450                __wrap___aeabi_uidivmod
                0x10003450                div_u32u32
                0x10003450                divmod_u32u32
                0x10003458                divmod_u32u32_unsafe
                0x10003480                divmod_u32u32_savestate
 .text.__wrap___aeabi_ldiv
                0x1000349c      0x424 CMakeFiles/gpioAndPWM.dir/Users/erensoylu/.pico-sdk/sdk/1.5.1/src/rp2_common/pico_divider/divider.S.obj
                0x1000349c                __wrap___aeabi_ldivmod
                0x1000349c                div_s64s64
                0x1000349c                divmod_s64s64
                0x100034cc                divmod_u64u64
                0x100034cc                div_u64u64
                0x100034cc                __wrap___aeabi_uldivmod
                0x100034dc                divmod_u64u64_savestate
                0x100034fc                divmod_s64s64_unsafe
                0x10003584                divmod_u64u64_unsafe
 .text.__wrap___aeabi_darithmetic
                0x100038c0       0x80 CMakeFiles/gpioAndPWM.dir/Users/erensoylu/.pico-sdk/sdk/1.5.1/src/rp2_common/pico_double/double_aeabi.S.obj
                0x100038c0                __wrap___aeabi_drsub
                0x100038c6                __wrap___aeabi_dsub
                0x100038d8                __wrap___aeabi_dadd
                0x100038ea                __wrap___aeabi_ddiv
                0x10003926                __wrap___aeabi_dmul
 .text.__wrap___aeabi_cdcmple
                0x10003940       0x6c CMakeFiles/gpioAndPWM.dir/Users/erensoylu/.pico-sdk/sdk/1.5.1/src/rp2_common/pico_double/double_aeabi.S.obj
                0x10003940                __wrap___aeabi_cdrcmple
                0x10003950                __wrap___aeabi_cdcmple
                0x10003950                __wrap___aeabi_cdcmpeq
 .text.__wrap___aeabi_dcmplt
                0x100039ac        0xc CMakeFiles/gpioAndPWM.dir/Users/erensoylu/.pico-sdk/sdk/1.5.1/src/rp2_common/pico_double/double_aeabi.S.obj
                0x100039ac                __wrap___aeabi_dcmplt
 .text.__wrap___aeabi_dcmple
                0x100039b8       0x10 CMakeFiles/gpioAndPWM.dir/Users/erensoylu/.pico-sdk/sdk/1.5.1/src/rp2_common/pico_double/double_aeabi.S.obj
                0x100039b8                __wrap___aeabi_dcmple
 .text.__wrap___aeabi_dcmpge
                0x100039c8       0x10 CMakeFiles/gpioAndPWM.dir/Users/erensoylu/.pico-sdk/sdk/1.5.1/src/rp2_common/pico_double/double_aeabi.S.obj
                0x100039c8                __wrap___aeabi_dcmpge
 .text.__wrap___aeabi_dcmpgt
                0x100039d8        0xa CMakeFiles/gpioAndPWM.dir/Users/erensoylu/.pico-sdk/sdk/1.5.1/src/rp2_common/pico_double/double_aeabi.S.obj
                0x100039d8                __wrap___aeabi_dcmpgt
 .text.__wrap___aeabi_dcmpun
                0x100039e2       0x1c CMakeFiles/gpioAndPWM.dir/Users/erensoylu/.pico-sdk/sdk/1.5.1/src/rp2_common/pico_double/double_aeabi.S.obj
                0x100039e2                __wrap___aeabi_dcmpun
 *fill*         0x100039fe        0x2 
 .text.__wrap___aeabi_i2d
                0x10003a00       0x38 CMakeFiles/gpioAndPWM.dir/Users/erensoylu/.pico-sdk/sdk/1.5.1/src/rp2_common/pico_double/double_aeabi.S.obj
                0x10003a00                __wrap___aeabi_ui2d
                0x10003a08                __wrap___aeabi_i2d
 .text.__wrap___aeabi_d2iz
                0x10003a38       0x48 CMakeFiles/gpioAndPWM.dir/Users/erensoylu/.pico-sdk/sdk/1.5.1/src/rp2_common/pico_double/double_aeabi.S.obj
                0x10003a38                __wrap___aeabi_d2iz
                0x10003a38                double2int_z
 .text.__wrap___aeabi_d2uiz
                0x10003a80       0x18 CMakeFiles/gpioAndPWM.dir/Users/erensoylu/.pico-sdk/sdk/1.5.1/src/rp2_common/pico_double/double_aeabi.S.obj
                0x10003a80                double2uint
                0x10003a80                __wrap___aeabi_d2uiz
 .text.__aeabi_double_init
                0x10003a98       0xcc CMakeFiles/gpioAndPWM.dir/Users/erensoylu/.pico-sdk/sdk/1.5.1/src/rp2_common/pico_double/double_init_rom.c.obj
                0x10003a98                __aeabi_double_init
 .text.double_table_shim_on_use_helper
                0x10003b64       0x34 CMakeFiles/gpioAndPWM.dir/Users/erensoylu/.pico-sdk/sdk/1.5.1/src/rp2_common/pico_double/double_v1_rom_shim.S.obj
                0x10003b64                double_table_shim_on_use_helper
 .text.__wrap___aeabi_dsub
                0x10003b98       0x10 CMakeFiles/gpioAndPWM.dir/Users/erensoylu/.pico-sdk/sdk/1.5.1/src/rp2_common/pico_double/double_v1_rom_shim.S.obj
                0x10003b98                drsub_shim
                0x10003b9e                dsub_shim
 .text.dadd_shim
                0x10003ba8      0x15c CMakeFiles/gpioAndPWM.dir/Users/erensoylu/.pico-sdk/sdk/1.5.1/src/rp2_common/pico_double/double_v1_rom_shim.S.obj
                0x10003ba8                dadd_shim
 .text.dmul_shim
                0x10003d04      0x15c CMakeFiles/gpioAndPWM.dir/Users/erensoylu/.pico-sdk/sdk/1.5.1/src/rp2_common/pico_double/double_v1_rom_shim.S.obj
                0x10003d04                dmul_shim
 .text.ddiv_shim
                0x10003e60      0x1b0 CMakeFiles/gpioAndPWM.dir/Users/erensoylu/.pico-sdk/sdk/1.5.1/src/rp2_common/pico_double/double_v1_rom_shim.S.obj
                0x10003e60                ddiv_shim
 .text.double2uint_shim
                0x10004010        0xe CMakeFiles/gpioAndPWM.dir/Users/erensoylu/.pico-sdk/sdk/1.5.1/src/rp2_common/pico_double/double_v1_rom_shim.S.obj
                0x10004010                double2uint_shim
                0x10004012                double2ufix_shim
 *fill*         0x1000401e        0x2 
 .text.double2uint64_shim
                0x10004020       0x70 CMakeFiles/gpioAndPWM.dir/Users/erensoylu/.pico-sdk/sdk/1.5.1/src/rp2_common/pico_double/double_v1_rom_shim.S.obj
                0x10004020                double2uint64_shim
                0x10004022                double2ufix64_shim
                0x10004042                d2fix_a
 .text.dunpacks
                0x10004090       0x3c CMakeFiles/gpioAndPWM.dir/Users/erensoylu/.pico-sdk/sdk/1.5.1/src/rp2_common/pico_double/double_v1_rom_shim.S.obj
                0x10004090                dunpacks
 .text.__aeabi_lmul
                0x100040cc       0x32 CMakeFiles/gpioAndPWM.dir/Users/erensoylu/.pico-sdk/sdk/1.5.1/src/rp2_common/pico_int64_ops/pico_int64_ops_aeabi.S.obj
                0x100040cc                __wrap___aeabi_lmul
 *fill*         0x100040fe        0x2 
 .text.__aeabi_float_init
                0x10004100       0xfc CMakeFiles/gpioAndPWM.dir/Users/erensoylu/.pico-sdk/sdk/1.5.1/src/rp2_common/pico_float/float_init_rom.c.obj
                0x10004100                __aeabi_float_init
 .text.float_table_shim_on_use_helper
                0x100041fc       0x34 CMakeFiles/gpioAndPWM.dir/Users/erensoylu/.pico-sdk/sdk/1.5.1/src/rp2_common/pico_float/float_v1_rom_shim.S.obj
                0x100041fc                float_table_shim_on_use_helper
 .text          0x10004230       0x10 CMakeFiles/gpioAndPWM.dir/Users/erensoylu/.pico-sdk/sdk/1.5.1/src/rp2_common/pico_mem_ops/mem_ops_aeabi.S.obj
                0x10004230                __aeabi_mem_init
 .text.memset   0x10004240        0xc CMakeFiles/gpioAndPWM.dir/Users/erensoylu/.pico-sdk/sdk/1.5.1/src/rp2_common/pico_mem_ops/mem_ops_aeabi.S.obj
                0x10004240                __wrap_memset
 .text.memcpy   0x1000424c        0xc CMakeFiles/gpioAndPWM.dir/Users/erensoylu/.pico-sdk/sdk/1.5.1/src/rp2_common/pico_mem_ops/mem_ops_aeabi.S.obj
                0x1000424c                __wrap___aeabi_memcpy
                0x1000424c                __wrap_memcpy
 .text.stdio_out_chars_no_crlf
                0x10004258        0xe CMakeFiles/gpioAndPWM.dir/Users/erensoylu/.pico-sdk/sdk/1.5.1/src/rp2_common/pico_stdio/stdio.c.obj
 *fill*         0x10004266        0x2 
 .text.stdio_out_chars_crlf
                0x10004268       0x80 CMakeFiles/gpioAndPWM.dir/Users/erensoylu/.pico-sdk/sdk/1.5.1/src/rp2_common/pico_stdio/stdio.c.obj
 .text.stdio_stack_buffer_flush
                0x100042e8       0x44 CMakeFiles/gpioAndPWM.dir/Users/erensoylu/.pico-sdk/sdk/1.5.1/src/rp2_common/pico_stdio/stdio.c.obj
 .text.stdio_buffered_printer
                0x1000432c       0x20 CMakeFiles/gpioAndPWM.dir/Users/erensoylu/.pico-sdk/sdk/1.5.1/src/rp2_common/pico_stdio/stdio.c.obj
 .text.update_us_since_boot
                0x1000434c       0x24 CMakeFiles/gpioAndPWM.dir/Users/erensoylu/.pico-sdk/sdk/1.5.1/src/rp2_common/pico_stdio/stdio.c.obj
 .text.get_absolute_time
                0x10004370       0x22 CMakeFiles/gpioAndPWM.dir/Users/erensoylu/.pico-sdk/sdk/1.5.1/src/rp2_common/pico_stdio/stdio.c.obj
 *fill*         0x10004392        0x2 
 .text.delayed_by_ms
                0x10004394       0x44 CMakeFiles/gpioAndPWM.dir/Users/erensoylu/.pico-sdk/sdk/1.5.1/src/rp2_common/pico_stdio/stdio.c.obj
 .text.make_timeout_time_ms
                0x100043d8       0x20 CMakeFiles/gpioAndPWM.dir/Users/erensoylu/.pico-sdk/sdk/1.5.1/src/rp2_common/pico_stdio/stdio.c.obj
 .text.stdout_serialize_begin
                0x100043f8       0x20 CMakeFiles/gpioAndPWM.dir/Users/erensoylu/.pico-sdk/sdk/1.5.1/src/rp2_common/pico_stdio/stdio.c.obj
                0x100043f8                stdout_serialize_begin
 .text.stdout_serialize_end
                0x10004418       0x10 CMakeFiles/gpioAndPWM.dir/Users/erensoylu/.pico-sdk/sdk/1.5.1/src/rp2_common/pico_stdio/stdio.c.obj
                0x10004418                stdout_serialize_end
 .text.stdio_put_string
                0x10004428       0x98 CMakeFiles/gpioAndPWM.dir/Users/erensoylu/.pico-sdk/sdk/1.5.1/src/rp2_common/pico_stdio/stdio.c.obj
 .text.stdio_set_driver_enabled
                0x100044c0       0x2c CMakeFiles/gpioAndPWM.dir/Users/erensoylu/.pico-sdk/sdk/1.5.1/src/rp2_common/pico_stdio/stdio.c.obj
                0x100044c0                stdio_set_driver_enabled
 .text.stdio_flush
                0x100044ec       0x20 CMakeFiles/gpioAndPWM.dir/Users/erensoylu/.pico-sdk/sdk/1.5.1/src/rp2_common/pico_stdio/stdio.c.obj
                0x100044ec                stdio_flush
 .text.__wrap_puts
                0x1000450c       0x1e CMakeFiles/gpioAndPWM.dir/Users/erensoylu/.pico-sdk/sdk/1.5.1/src/rp2_common/pico_stdio/stdio.c.obj
                0x1000450c                __wrap_puts
 *fill*         0x1000452a        0x2 
 .text.__wrap_vprintf
                0x1000452c       0x40 CMakeFiles/gpioAndPWM.dir/Users/erensoylu/.pico-sdk/sdk/1.5.1/src/rp2_common/pico_stdio/stdio.c.obj
                0x1000452c                __wrap_vprintf
 .text.__wrap_printf
                0x1000456c       0x18 CMakeFiles/gpioAndPWM.dir/Users/erensoylu/.pico-sdk/sdk/1.5.1/src/rp2_common/pico_stdio/stdio.c.obj
                0x1000456c                __wrap_printf
 .text.stdio_init_all
                0x10004584        0x8 CMakeFiles/gpioAndPWM.dir/Users/erensoylu/.pico-sdk/sdk/1.5.1/src/rp2_common/pico_stdio/stdio.c.obj
                0x10004584                stdio_init_all
 .text.resetd_init
                0x1000458c        0x2 CMakeFiles/gpioAndPWM.dir/Users/erensoylu/.pico-sdk/sdk/1.5.1/src/rp2_common/pico_stdio_usb/reset_interface.c.obj
 *fill*         0x1000458e        0x2 
 .text.resetd_reset
                0x10004590        0xc CMakeFiles/gpioAndPWM.dir/Users/erensoylu/.pico-sdk/sdk/1.5.1/src/rp2_common/pico_stdio_usb/reset_interface.c.obj
 .text.resetd_open
                0x1000459c       0x34 CMakeFiles/gpioAndPWM.dir/Users/erensoylu/.pico-sdk/sdk/1.5.1/src/rp2_common/pico_stdio_usb/reset_interface.c.obj
 .text.resetd_xfer_cb
                0x100045d0        0x4 CMakeFiles/gpioAndPWM.dir/Users/erensoylu/.pico-sdk/sdk/1.5.1/src/rp2_common/pico_stdio_usb/reset_interface.c.obj
 .text.reset_usb_boot
                0x100045d4       0x18 CMakeFiles/gpioAndPWM.dir/Users/erensoylu/.pico-sdk/sdk/1.5.1/src/rp2_common/pico_stdio_usb/reset_interface.c.obj
 .text.resetd_control_xfer_cb
                0x100045ec       0x5c CMakeFiles/gpioAndPWM.dir/Users/erensoylu/.pico-sdk/sdk/1.5.1/src/rp2_common/pico_stdio_usb/reset_interface.c.obj
 .text.usbd_app_driver_get_cb
                0x10004648        0xc CMakeFiles/gpioAndPWM.dir/Users/erensoylu/.pico-sdk/sdk/1.5.1/src/rp2_common/pico_stdio_usb/reset_interface.c.obj
                0x10004648                usbd_app_driver_get_cb
 .text.tud_cdc_line_coding_cb
                0x10004654       0x28 CMakeFiles/gpioAndPWM.dir/Users/erensoylu/.pico-sdk/sdk/1.5.1/src/rp2_common/pico_stdio_usb/reset_interface.c.obj
                0x10004654                tud_cdc_line_coding_cb
 .text.stdio_usb_set_chars_available_callback
                0x1000467c       0x14 CMakeFiles/gpioAndPWM.dir/Users/erensoylu/.pico-sdk/sdk/1.5.1/src/rp2_common/pico_stdio_usb/stdio_usb.c.obj
                0x1000467c                stdio_usb_set_chars_available_callback
 .text.update_us_since_boot
                0x10004690       0x24 CMakeFiles/gpioAndPWM.dir/Users/erensoylu/.pico-sdk/sdk/1.5.1/src/rp2_common/pico_stdio_usb/stdio_usb.c.obj
 .text.get_absolute_time
                0x100046b4       0x22 CMakeFiles/gpioAndPWM.dir/Users/erensoylu/.pico-sdk/sdk/1.5.1/src/rp2_common/pico_stdio_usb/stdio_usb.c.obj
 *fill*         0x100046d6        0x2 
 .text.delayed_by_ms
                0x100046d8       0x44 CMakeFiles/gpioAndPWM.dir/Users/erensoylu/.pico-sdk/sdk/1.5.1/src/rp2_common/pico_stdio_usb/stdio_usb.c.obj
 .text.make_timeout_time_ms
                0x1000471c       0x20 CMakeFiles/gpioAndPWM.dir/Users/erensoylu/.pico-sdk/sdk/1.5.1/src/rp2_common/pico_stdio_usb/stdio_usb.c.obj
 .text.delayed_by_us
                0x1000473c       0x34 CMakeFiles/gpioAndPWM.dir/Users/erensoylu/.pico-sdk/sdk/1.5.1/src/rp2_common/pico_stdio_usb/stdio_usb.c.obj
 .text.usb_irq  0x10004770       0x10 CMakeFiles/gpioAndPWM.dir/Users/erensoylu/.pico-sdk/sdk/1.5.1/src/rp2_common/pico_stdio_usb/stdio_usb.c.obj
 .text.critical_section_enter_blocking
                0x10004780       0x16 CMakeFiles/gpioAndPWM.dir/Users/erensoylu/.pico-sdk/sdk/1.5.1/src/rp2_common/pico_stdio_usb/stdio_usb.c.obj
 *fill*         0x10004796        0x2 
 .text.timer_task
                0x10004798       0x4c CMakeFiles/gpioAndPWM.dir/Users/erensoylu/.pico-sdk/sdk/1.5.1/src/rp2_common/pico_stdio_usb/stdio_usb.c.obj
 .text.alarm_pool_add_alarm_in_us
                0x100047e4       0x3a CMakeFiles/gpioAndPWM.dir/Users/erensoylu/.pico-sdk/sdk/1.5.1/src/rp2_common/pico_stdio_usb/stdio_usb.c.obj
 .text.add_alarm_in_us
                0x1000481e       0x2e CMakeFiles/gpioAndPWM.dir/Users/erensoylu/.pico-sdk/sdk/1.5.1/src/rp2_common/pico_stdio_usb/stdio_usb.c.obj
 .text.low_priority_worker_irq
                0x1000484c       0x7c CMakeFiles/gpioAndPWM.dir/Users/erensoylu/.pico-sdk/sdk/1.5.1/src/rp2_common/pico_stdio_usb/stdio_usb.c.obj
 .text.tud_cdc_rx_cb
                0x100048c8       0x20 CMakeFiles/gpioAndPWM.dir/Users/erensoylu/.pico-sdk/sdk/1.5.1/src/rp2_common/pico_stdio_usb/stdio_usb.c.obj
                0x100048c8                tud_cdc_rx_cb
 .text.stdio_usb_init
                0x100048e8       0xd0 CMakeFiles/gpioAndPWM.dir/Users/erensoylu/.pico-sdk/sdk/1.5.1/src/rp2_common/pico_stdio_usb/stdio_usb.c.obj
                0x100048e8                stdio_usb_init
 .text.stdio_usb_connected
                0x100049b8        0xa CMakeFiles/gpioAndPWM.dir/Users/erensoylu/.pico-sdk/sdk/1.5.1/src/rp2_common/pico_stdio_usb/stdio_usb.c.obj
                0x100049b8                stdio_usb_connected
 *fill*         0x100049c2        0x2 
 .text.stdio_usb_in_chars
                0x100049c4       0x88 CMakeFiles/gpioAndPWM.dir/Users/erensoylu/.pico-sdk/sdk/1.5.1/src/rp2_common/pico_stdio_usb/stdio_usb.c.obj
                0x100049c4                stdio_usb_in_chars
 .text.stdio_usb_out_chars
                0x10004a4c       0xd8 CMakeFiles/gpioAndPWM.dir/Users/erensoylu/.pico-sdk/sdk/1.5.1/src/rp2_common/pico_stdio_usb/stdio_usb.c.obj
 .text.tud_descriptor_device_cb
                0x10004b24        0x8 CMakeFiles/gpioAndPWM.dir/Users/erensoylu/.pico-sdk/sdk/1.5.1/src/rp2_common/pico_stdio_usb/stdio_usb_descriptors.c.obj
                0x10004b24                tud_descriptor_device_cb
 .text.tud_descriptor_configuration_cb
                0x10004b2c        0x8 CMakeFiles/gpioAndPWM.dir/Users/erensoylu/.pico-sdk/sdk/1.5.1/src/rp2_common/pico_stdio_usb/stdio_usb_descriptors.c.obj
                0x10004b2c                tud_descriptor_configuration_cb
 .text.tud_descriptor_string_cb
                0x10004b34       0x6c CMakeFiles/gpioAndPWM.dir/Users/erensoylu/.pico-sdk/sdk/1.5.1/src/rp2_common/pico_stdio_usb/stdio_usb_descriptors.c.obj
                0x10004b34                tud_descriptor_string_cb
 .text._retrieve_unique_id_on_boot
                0x10004ba0       0x10 CMakeFiles/gpioAndPWM.dir/Users/erensoylu/.pico-sdk/sdk/1.5.1/src/rp2_common/pico_unique_id/unique_id.c.obj
 .text.pico_get_unique_board_id_string
                0x10004bb0       0x5c CMakeFiles/gpioAndPWM.dir/Users/erensoylu/.pico-sdk/sdk/1.5.1/src/rp2_common/pico_unique_id/unique_id.c.obj
                0x10004bb0                pico_get_unique_board_id_string
 .text.flash_get_unique_id
                0x10004c0c       0x40 CMakeFiles/gpioAndPWM.dir/Users/erensoylu/.pico-sdk/sdk/1.5.1/src/rp2_common/hardware_flash/flash.c.obj
                0x10004c0c                flash_get_unique_id
 .text.hw_endpoint_get_by_addr
                0x10004c4c       0x18 CMakeFiles/gpioAndPWM.dir/Users/erensoylu/.pico-sdk/sdk/1.5.1/lib/tinyusb/src/portable/raspberrypi/rp2040/dcd_rp2040.c.obj
 .text._hw_endpoint_alloc
                0x10004c64       0x70 CMakeFiles/gpioAndPWM.dir/Users/erensoylu/.pico-sdk/sdk/1.5.1/lib/tinyusb/src/portable/raspberrypi/rp2040/dcd_rp2040.c.obj
 .text.hw_endpoint_init
                0x10004cd4       0x88 CMakeFiles/gpioAndPWM.dir/Users/erensoylu/.pico-sdk/sdk/1.5.1/lib/tinyusb/src/portable/raspberrypi/rp2040/dcd_rp2040.c.obj
 .text.dcd_event_sof
                0x10004d5c       0x2c CMakeFiles/gpioAndPWM.dir/Users/erensoylu/.pico-sdk/sdk/1.5.1/lib/tinyusb/src/portable/raspberrypi/rp2040/dcd_rp2040.c.obj
 .text.hw_endpoint_xfer
                0x10004d88       0x14 CMakeFiles/gpioAndPWM.dir/Users/erensoylu/.pico-sdk/sdk/1.5.1/lib/tinyusb/src/portable/raspberrypi/rp2040/dcd_rp2040.c.obj
 .text.dcd_int_enable
                0x10004d9c       0x2c CMakeFiles/gpioAndPWM.dir/Users/erensoylu/.pico-sdk/sdk/1.5.1/lib/tinyusb/src/portable/raspberrypi/rp2040/dcd_rp2040.c.obj
                0x10004d9c                dcd_int_enable
 .text.dcd_set_address
                0x10004dc8       0x2c CMakeFiles/gpioAndPWM.dir/Users/erensoylu/.pico-sdk/sdk/1.5.1/lib/tinyusb/src/portable/raspberrypi/rp2040/dcd_rp2040.c.obj
                0x10004dc8                dcd_set_address
 .text.dcd_connect
                0x10004df4       0x10 CMakeFiles/gpioAndPWM.dir/Users/erensoylu/.pico-sdk/sdk/1.5.1/lib/tinyusb/src/portable/raspberrypi/rp2040/dcd_rp2040.c.obj
                0x10004df4                dcd_connect
 .text.dcd_init
                0x10004e04       0x80 CMakeFiles/gpioAndPWM.dir/Users/erensoylu/.pico-sdk/sdk/1.5.1/lib/tinyusb/src/portable/raspberrypi/rp2040/dcd_rp2040.c.obj
                0x10004e04                dcd_init
 .text.dcd_edpt0_status_complete
                0x10004e84       0x1c CMakeFiles/gpioAndPWM.dir/Users/erensoylu/.pico-sdk/sdk/1.5.1/lib/tinyusb/src/portable/raspberrypi/rp2040/dcd_rp2040.c.obj
                0x10004e84                dcd_edpt0_status_complete
 .text.dcd_edpt_open
                0x10004ea0       0x40 CMakeFiles/gpioAndPWM.dir/Users/erensoylu/.pico-sdk/sdk/1.5.1/lib/tinyusb/src/portable/raspberrypi/rp2040/dcd_rp2040.c.obj
                0x10004ea0                dcd_edpt_open
 .text.dcd_edpt_close_all
                0x10004ee0        0x8 CMakeFiles/gpioAndPWM.dir/Users/erensoylu/.pico-sdk/sdk/1.5.1/lib/tinyusb/src/portable/raspberrypi/rp2040/dcd_rp2040.c.obj
                0x10004ee0                dcd_edpt_close_all
 .text.dcd_edpt_xfer
                0x10004ee8       0x34 CMakeFiles/gpioAndPWM.dir/Users/erensoylu/.pico-sdk/sdk/1.5.1/lib/tinyusb/src/portable/raspberrypi/rp2040/dcd_rp2040.c.obj
                0x10004ee8                dcd_edpt_xfer
 .text.dcd_edpt_stall
                0x10004f1c       0x2c CMakeFiles/gpioAndPWM.dir/Users/erensoylu/.pico-sdk/sdk/1.5.1/lib/tinyusb/src/portable/raspberrypi/rp2040/dcd_rp2040.c.obj
                0x10004f1c                dcd_edpt_stall
 .text.dcd_edpt_clear_stall
                0x10004f48       0x20 CMakeFiles/gpioAndPWM.dir/Users/erensoylu/.pico-sdk/sdk/1.5.1/lib/tinyusb/src/portable/raspberrypi/rp2040/dcd_rp2040.c.obj
                0x10004f48                dcd_edpt_clear_stall
 .text.rp2040_usb_init
                0x10004f68       0x4c CMakeFiles/gpioAndPWM.dir/Users/erensoylu/.pico-sdk/sdk/1.5.1/lib/tinyusb/src/portable/raspberrypi/rp2040/rp2040_usb.c.obj
                0x10004f68                rp2040_usb_init
 .text.hw_endpoint_xfer_start
                0x10004fb4       0x50 CMakeFiles/gpioAndPWM.dir/Users/erensoylu/.pico-sdk/sdk/1.5.1/lib/tinyusb/src/portable/raspberrypi/rp2040/rp2040_usb.c.obj
                0x10004fb4                hw_endpoint_xfer_start
 .text.configuration_reset
                0x10005004       0x84 CMakeFiles/gpioAndPWM.dir/Users/erensoylu/.pico-sdk/sdk/1.5.1/lib/tinyusb/src/device/usbd.c.obj
 .text.critical_section_enter_blocking
                0x10005088       0x16 CMakeFiles/gpioAndPWM.dir/Users/erensoylu/.pico-sdk/sdk/1.5.1/lib/tinyusb/src/device/usbd.c.obj
 .text.usbd_reset
                0x1000509e        0xc CMakeFiles/gpioAndPWM.dir/Users/erensoylu/.pico-sdk/sdk/1.5.1/lib/tinyusb/src/device/usbd.c.obj
 .text.invoke_class_control
                0x100050aa       0x1a CMakeFiles/gpioAndPWM.dir/Users/erensoylu/.pico-sdk/sdk/1.5.1/lib/tinyusb/src/device/usbd.c.obj
 .text.process_set_config
                0x100050c4      0x178 CMakeFiles/gpioAndPWM.dir/Users/erensoylu/.pico-sdk/sdk/1.5.1/lib/tinyusb/src/device/usbd.c.obj
 .text.process_get_descriptor
                0x1000523c       0xdc CMakeFiles/gpioAndPWM.dir/Users/erensoylu/.pico-sdk/sdk/1.5.1/lib/tinyusb/src/device/usbd.c.obj
 .text.tud_mounted
                0x10005318       0x10 CMakeFiles/gpioAndPWM.dir/Users/erensoylu/.pico-sdk/sdk/1.5.1/lib/tinyusb/src/device/usbd.c.obj
                0x10005318                tud_mounted
 .text.tud_suspended
                0x10005328       0x10 CMakeFiles/gpioAndPWM.dir/Users/erensoylu/.pico-sdk/sdk/1.5.1/lib/tinyusb/src/device/usbd.c.obj
                0x10005328                tud_suspended
 .text.tud_inited
                0x10005338       0x14 CMakeFiles/gpioAndPWM.dir/Users/erensoylu/.pico-sdk/sdk/1.5.1/lib/tinyusb/src/device/usbd.c.obj
                0x10005338                tud_inited
 .text.tud_init
                0x1000534c       0xcc CMakeFiles/gpioAndPWM.dir/Users/erensoylu/.pico-sdk/sdk/1.5.1/lib/tinyusb/src/device/usbd.c.obj
                0x1000534c                tud_init
 .text.usbd_defer_func
                0x10005418       0x2a CMakeFiles/gpioAndPWM.dir/Users/erensoylu/.pico-sdk/sdk/1.5.1/lib/tinyusb/src/device/usbd.c.obj
                0x10005418                usbd_defer_func
 *fill*         0x10005442        0x2 
 .text.usbd_edpt_open
                0x10005444       0x34 CMakeFiles/gpioAndPWM.dir/Users/erensoylu/.pico-sdk/sdk/1.5.1/lib/tinyusb/src/device/usbd.c.obj
                0x10005444                usbd_edpt_open
 .text.usbd_open_edpt_pair
                0x10005478       0x62 CMakeFiles/gpioAndPWM.dir/Users/erensoylu/.pico-sdk/sdk/1.5.1/lib/tinyusb/src/device/usbd.c.obj
                0x10005478                usbd_open_edpt_pair
 *fill*         0x100054da        0x2 
 .text.usbd_edpt_claim
                0x100054dc       0x28 CMakeFiles/gpioAndPWM.dir/Users/erensoylu/.pico-sdk/sdk/1.5.1/lib/tinyusb/src/device/usbd.c.obj
                0x100054dc                usbd_edpt_claim
 .text.usbd_edpt_release
                0x10005504       0x28 CMakeFiles/gpioAndPWM.dir/Users/erensoylu/.pico-sdk/sdk/1.5.1/lib/tinyusb/src/device/usbd.c.obj
                0x10005504                usbd_edpt_release
 .text.usbd_edpt_xfer
                0x1000552c       0x78 CMakeFiles/gpioAndPWM.dir/Users/erensoylu/.pico-sdk/sdk/1.5.1/lib/tinyusb/src/device/usbd.c.obj
                0x1000552c                usbd_edpt_xfer
 .text.usbd_edpt_stall
                0x100055a4       0x48 CMakeFiles/gpioAndPWM.dir/Users/erensoylu/.pico-sdk/sdk/1.5.1/lib/tinyusb/src/device/usbd.c.obj
                0x100055a4                usbd_edpt_stall
 .text.usbd_edpt_clear_stall
                0x100055ec       0x48 CMakeFiles/gpioAndPWM.dir/Users/erensoylu/.pico-sdk/sdk/1.5.1/lib/tinyusb/src/device/usbd.c.obj
                0x100055ec                usbd_edpt_clear_stall
 .text.usbd_edpt_stalled
                0x10005634       0x1c CMakeFiles/gpioAndPWM.dir/Users/erensoylu/.pico-sdk/sdk/1.5.1/lib/tinyusb/src/device/usbd.c.obj
                0x10005634                usbd_edpt_stalled
 .text.process_control_request
                0x10005650      0x374 CMakeFiles/gpioAndPWM.dir/Users/erensoylu/.pico-sdk/sdk/1.5.1/lib/tinyusb/src/device/usbd.c.obj
 .text.tud_task_ext
                0x100059c4      0x1a8 CMakeFiles/gpioAndPWM.dir/Users/erensoylu/.pico-sdk/sdk/1.5.1/lib/tinyusb/src/device/usbd.c.obj
                0x100059c4                tud_task_ext
 .text._status_stage_xact
                0x10005b6c       0x1a CMakeFiles/gpioAndPWM.dir/Users/erensoylu/.pico-sdk/sdk/1.5.1/lib/tinyusb/src/device/usbd_control.c.obj
 *fill*         0x10005b86        0x2 
 .text._data_stage_xact
                0x10005b88       0x58 CMakeFiles/gpioAndPWM.dir/Users/erensoylu/.pico-sdk/sdk/1.5.1/lib/tinyusb/src/device/usbd_control.c.obj
 .text.tud_control_status
                0x10005be0       0x28 CMakeFiles/gpioAndPWM.dir/Users/erensoylu/.pico-sdk/sdk/1.5.1/lib/tinyusb/src/device/usbd_control.c.obj
                0x10005be0                tud_control_status
 .text.tud_control_xfer
                0x10005c08       0x68 CMakeFiles/gpioAndPWM.dir/Users/erensoylu/.pico-sdk/sdk/1.5.1/lib/tinyusb/src/device/usbd_control.c.obj
                0x10005c08                tud_control_xfer
 .text.usbd_control_reset
                0x10005c70       0x14 CMakeFiles/gpioAndPWM.dir/Users/erensoylu/.pico-sdk/sdk/1.5.1/lib/tinyusb/src/device/usbd_control.c.obj
                0x10005c70                usbd_control_reset
 .text.usbd_control_set_complete_callback
                0x10005c84        0xc CMakeFiles/gpioAndPWM.dir/Users/erensoylu/.pico-sdk/sdk/1.5.1/lib/tinyusb/src/device/usbd_control.c.obj
                0x10005c84                usbd_control_set_complete_callback
 .text.usbd_control_set_request
                0x10005c90       0x1c CMakeFiles/gpioAndPWM.dir/Users/erensoylu/.pico-sdk/sdk/1.5.1/lib/tinyusb/src/device/usbd_control.c.obj
                0x10005c90                usbd_control_set_request
 .text.usbd_control_xfer_cb
                0x10005cac       0xbc CMakeFiles/gpioAndPWM.dir/Users/erensoylu/.pico-sdk/sdk/1.5.1/lib/tinyusb/src/device/usbd_control.c.obj
                0x10005cac                usbd_control_xfer_cb
 .text._prep_out_transaction
                0x10005d68       0x4a CMakeFiles/gpioAndPWM.dir/Users/erensoylu/.pico-sdk/sdk/1.5.1/lib/tinyusb/src/class/cdc/cdc_device.c.obj
 *fill*         0x10005db2        0x2 
 .text.tud_cdc_n_connected
                0x10005db4       0x38 CMakeFiles/gpioAndPWM.dir/Users/erensoylu/.pico-sdk/sdk/1.5.1/lib/tinyusb/src/class/cdc/cdc_device.c.obj
                0x10005db4                tud_cdc_n_connected
 .text.tud_cdc_n_available
                0x10005dec       0x18 CMakeFiles/gpioAndPWM.dir/Users/erensoylu/.pico-sdk/sdk/1.5.1/lib/tinyusb/src/class/cdc/cdc_device.c.obj
                0x10005dec                tud_cdc_n_available
 .text.tud_cdc_n_read
                0x10005e04       0x28 CMakeFiles/gpioAndPWM.dir/Users/erensoylu/.pico-sdk/sdk/1.5.1/lib/tinyusb/src/class/cdc/cdc_device.c.obj
                0x10005e04                tud_cdc_n_read
 .text.tud_cdc_n_write_flush
                0x10005e2c       0xb8 CMakeFiles/gpioAndPWM.dir/Users/erensoylu/.pico-sdk/sdk/1.5.1/lib/tinyusb/src/class/cdc/cdc_device.c.obj
                0x10005e2c                tud_cdc_n_write_flush
 .text.tud_cdc_n_write
                0x10005ee4       0x38 CMakeFiles/gpioAndPWM.dir/Users/erensoylu/.pico-sdk/sdk/1.5.1/lib/tinyusb/src/class/cdc/cdc_device.c.obj
                0x10005ee4                tud_cdc_n_write
 .text.tud_cdc_n_write_available
                0x10005f1c       0x1c CMakeFiles/gpioAndPWM.dir/Users/erensoylu/.pico-sdk/sdk/1.5.1/lib/tinyusb/src/class/cdc/cdc_device.c.obj
                0x10005f1c                tud_cdc_n_write_available
 .text.cdcd_init
                0x10005f38       0xbc CMakeFiles/gpioAndPWM.dir/Users/erensoylu/.pico-sdk/sdk/1.5.1/lib/tinyusb/src/class/cdc/cdc_device.c.obj
                0x10005f38                cdcd_init
 .text.cdcd_reset
                0x10005ff4       0x44 CMakeFiles/gpioAndPWM.dir/Users/erensoylu/.pico-sdk/sdk/1.5.1/lib/tinyusb/src/class/cdc/cdc_device.c.obj
                0x10005ff4                cdcd_reset
 .text.cdcd_open
                0x10006038       0xc4 CMakeFiles/gpioAndPWM.dir/Users/erensoylu/.pico-sdk/sdk/1.5.1/lib/tinyusb/src/class/cdc/cdc_device.c.obj
                0x10006038                cdcd_open
 .text.cdcd_control_xfer_cb
                0x100060fc      0x134 CMakeFiles/gpioAndPWM.dir/Users/erensoylu/.pico-sdk/sdk/1.5.1/lib/tinyusb/src/class/cdc/cdc_device.c.obj
                0x100060fc                cdcd_control_xfer_cb
 .text.cdcd_xfer_cb
                0x10006230      0x130 CMakeFiles/gpioAndPWM.dir/Users/erensoylu/.pico-sdk/sdk/1.5.1/lib/tinyusb/src/class/cdc/cdc_device.c.obj
                0x10006230                cdcd_xfer_cb
 .text.tusb_init
                0x10006360        0xa CMakeFiles/gpioAndPWM.dir/Users/erensoylu/.pico-sdk/sdk/1.5.1/lib/tinyusb/src/tusb.c.obj
                0x10006360                tusb_init
 .text.tusb_inited
                0x1000636a        0xe CMakeFiles/gpioAndPWM.dir/Users/erensoylu/.pico-sdk/sdk/1.5.1/lib/tinyusb/src/tusb.c.obj
                0x1000636a                tusb_inited
 .text.tu_edpt_claim
                0x10006378       0x50 CMakeFiles/gpioAndPWM.dir/Users/erensoylu/.pico-sdk/sdk/1.5.1/lib/tinyusb/src/tusb.c.obj
                0x10006378                tu_edpt_claim
 .text.tu_edpt_release
                0x100063c8       0x38 CMakeFiles/gpioAndPWM.dir/Users/erensoylu/.pico-sdk/sdk/1.5.1/lib/tinyusb/src/tusb.c.obj
                0x100063c8                tu_edpt_release
 .text.tu_edpt_validate
                0x10006400       0x78 CMakeFiles/gpioAndPWM.dir/Users/erensoylu/.pico-sdk/sdk/1.5.1/lib/tinyusb/src/tusb.c.obj
                0x10006400                tu_edpt_validate
 .text.tu_edpt_bind_driver
                0x10006478       0x26 CMakeFiles/gpioAndPWM.dir/Users/erensoylu/.pico-sdk/sdk/1.5.1/lib/tinyusb/src/tusb.c.obj
                0x10006478                tu_edpt_bind_driver
 .text.advance_index
                0x1000649e       0x1a CMakeFiles/gpioAndPWM.dir/Users/erensoylu/.pico-sdk/sdk/1.5.1/lib/tinyusb/src/common/tusb_fifo.c.obj
 .text._tu_fifo_peek
                0x100064b8       0x56 CMakeFiles/gpioAndPWM.dir/Users/erensoylu/.pico-sdk/sdk/1.5.1/lib/tinyusb/src/common/tusb_fifo.c.obj
 .text._ff_pull_const_addr
                0x1000650e       0x4c CMakeFiles/gpioAndPWM.dir/Users/erensoylu/.pico-sdk/sdk/1.5.1/lib/tinyusb/src/common/tusb_fifo.c.obj
 .text._ff_pull_n
                0x1000655a      0x110 CMakeFiles/gpioAndPWM.dir/Users/erensoylu/.pico-sdk/sdk/1.5.1/lib/tinyusb/src/common/tusb_fifo.c.obj
 .text._tu_fifo_peek_n
                0x1000666a       0x6a CMakeFiles/gpioAndPWM.dir/Users/erensoylu/.pico-sdk/sdk/1.5.1/lib/tinyusb/src/common/tusb_fifo.c.obj
 .text._tu_fifo_read_n
                0x100066d4       0x4e CMakeFiles/gpioAndPWM.dir/Users/erensoylu/.pico-sdk/sdk/1.5.1/lib/tinyusb/src/common/tusb_fifo.c.obj
 .text._ff_push_const_addr
                0x10006722       0x40 CMakeFiles/gpioAndPWM.dir/Users/erensoylu/.pico-sdk/sdk/1.5.1/lib/tinyusb/src/common/tusb_fifo.c.obj
 .text._ff_push_n
                0x10006762      0x10c CMakeFiles/gpioAndPWM.dir/Users/erensoylu/.pico-sdk/sdk/1.5.1/lib/tinyusb/src/common/tusb_fifo.c.obj
 .text._tu_fifo_write_n
                0x1000686e       0xf0 CMakeFiles/gpioAndPWM.dir/Users/erensoylu/.pico-sdk/sdk/1.5.1/lib/tinyusb/src/common/tusb_fifo.c.obj
 .text.tu_fifo_config
                0x1000695e       0x7c CMakeFiles/gpioAndPWM.dir/Users/erensoylu/.pico-sdk/sdk/1.5.1/lib/tinyusb/src/common/tusb_fifo.c.obj
                0x1000695e                tu_fifo_config
 .text.tu_fifo_count
                0x100069da       0x2a CMakeFiles/gpioAndPWM.dir/Users/erensoylu/.pico-sdk/sdk/1.5.1/lib/tinyusb/src/common/tusb_fifo.c.obj
                0x100069da                tu_fifo_count
 .text.tu_fifo_empty
                0x10006a04        0xe CMakeFiles/gpioAndPWM.dir/Users/erensoylu/.pico-sdk/sdk/1.5.1/lib/tinyusb/src/common/tusb_fifo.c.obj
                0x10006a04                tu_fifo_empty
 .text.tu_fifo_full
                0x10006a12       0x28 CMakeFiles/gpioAndPWM.dir/Users/erensoylu/.pico-sdk/sdk/1.5.1/lib/tinyusb/src/common/tusb_fifo.c.obj
                0x10006a12                tu_fifo_full
 .text.tu_fifo_remaining
                0x10006a3a       0x2c CMakeFiles/gpioAndPWM.dir/Users/erensoylu/.pico-sdk/sdk/1.5.1/lib/tinyusb/src/common/tusb_fifo.c.obj
                0x10006a3a                tu_fifo_remaining
 .text.tu_fifo_read
                0x10006a66       0x42 CMakeFiles/gpioAndPWM.dir/Users/erensoylu/.pico-sdk/sdk/1.5.1/lib/tinyusb/src/common/tusb_fifo.c.obj
                0x10006a66                tu_fifo_read
 .text.tu_fifo_read_n
                0x10006aa8        0xa CMakeFiles/gpioAndPWM.dir/Users/erensoylu/.pico-sdk/sdk/1.5.1/lib/tinyusb/src/common/tusb_fifo.c.obj
                0x10006aa8                tu_fifo_read_n
 .text.tu_fifo_write
                0x10006ab2       0x64 CMakeFiles/gpioAndPWM.dir/Users/erensoylu/.pico-sdk/sdk/1.5.1/lib/tinyusb/src/common/tusb_fifo.c.obj
                0x10006ab2                tu_fifo_write
 .text.tu_fifo_write_n
                0x10006b16        0xa CMakeFiles/gpioAndPWM.dir/Users/erensoylu/.pico-sdk/sdk/1.5.1/lib/tinyusb/src/common/tusb_fifo.c.obj
                0x10006b16                tu_fifo_write_n
 .text.tu_fifo_clear
                0x10006b20       0x3e CMakeFiles/gpioAndPWM.dir/Users/erensoylu/.pico-sdk/sdk/1.5.1/lib/tinyusb/src/common/tusb_fifo.c.obj
                0x10006b20                tu_fifo_clear
 .text.tu_fifo_set_overwritable
                0x10006b5e       0x46 CMakeFiles/gpioAndPWM.dir/Users/erensoylu/.pico-sdk/sdk/1.5.1/lib/tinyusb/src/common/tusb_fifo.c.obj
                0x10006b5e                tu_fifo_set_overwritable
 .text.strlen   0x10006ba4       0x5c /Users/erensoylu/.pico-sdk/toolchain/13_2_Rel1/bin/../lib/gcc/arm-none-eabi/13.2.1/../../../../arm-none-eabi/lib/thumb/v6-m/nofp/libg.a(libc_a-strlen-stub.o)
                0x10006ba4                strlen
 *(.fini)
 .fini          0x10006c00        0x4 /Users/erensoylu/.pico-sdk/toolchain/13_2_Rel1/bin/../lib/gcc/arm-none-eabi/13.2.1/thumb/v6-m/nofp/crti.o
                0x10006c00                _fini
 *fill*         0x10006c04        0x4 
 .fini.__stub   0x10006c08       0xe0 linker stubs
 *crtbegin.o(.ctors)
 *crtbegin?.o(.ctors)
 *(EXCLUDE_FILE(*crtend.o *crtend?.o) .ctors)
 *(SORT_BY_NAME(.ctors.*))
 *(.ctors)
 *crtbegin.o(.dtors)
 *crtbegin?.o(.dtors)
 *(EXCLUDE_FILE(*crtend.o *crtend?.o) .dtors)
 *(SORT_BY_NAME(.dtors.*))
 *(.dtors)
 *(.eh_frame*)
 .eh_frame      0x10006ce8        0x0 /Users/erensoylu/.pico-sdk/toolchain/13_2_Rel1/bin/../lib/gcc/arm-none-eabi/13.2.1/thumb/v6-m/nofp/crtbegin.o
                0x10006ce8                        . = ALIGN (0x4)

.glue_7         0x10006ce8        0x0
 .glue_7        0x10006ce8        0x0 linker stubs

.glue_7t        0x10006ce8        0x0
 .glue_7t       0x10006ce8        0x0 linker stubs

.vfp11_veneer   0x10006ce8        0x0
 .vfp11_veneer  0x10006ce8        0x0 linker stubs

.v4_bx          0x10006ce8        0x0
 .v4_bx         0x10006ce8        0x0 linker stubs

.iplt           0x10006ce8        0x0
 .iplt          0x10006ce8        0x0 /Users/erensoylu/.pico-sdk/toolchain/13_2_Rel1/bin/../lib/gcc/arm-none-eabi/13.2.1/thumb/v6-m/nofp/crtbegin.o

.rodata         0x10006ce8     0x15b4
 *(EXCLUDE_FILE(*libm.a: *libc.a:*lib_a-mem*.o *libgcc.a:) .rodata*)
 .rodata.spin_lock_claim_unused.str1.4
                0x10006ce8      0xeff CMakeFiles/gpioAndPWM.dir/Users/erensoylu/.pico-sdk/sdk/1.5.1/src/rp2_common/hardware_sync/sync.c.obj
                                 0x1b (size before relaxing)
 .rodata.resolve_branch.str1.4
                0x10007be7       0x5f CMakeFiles/gpioAndPWM.dir/Users/erensoylu/.pico-sdk/sdk/1.5.1/src/rp2_common/hardware_irq/irq.c.obj
 .rodata.make_branch.str1.4
                0x10007be7       0x30 CMakeFiles/gpioAndPWM.dir/Users/erensoylu/.pico-sdk/sdk/1.5.1/src/rp2_common/hardware_irq/irq.c.obj
 .rodata.insert_branch_and_link.str1.4
                0x10007be7       0x10 CMakeFiles/gpioAndPWM.dir/Users/erensoylu/.pico-sdk/sdk/1.5.1/src/rp2_common/hardware_irq/irq.c.obj
 .rodata.irq_set_exclusive_handler.str1.4
                0x10007be7       0x36 CMakeFiles/gpioAndPWM.dir/Users/erensoylu/.pico-sdk/sdk/1.5.1/src/rp2_common/hardware_irq/irq.c.obj
 .rodata.irq_add_shared_handler.str1.4
                0x10007be7       0xc2 CMakeFiles/gpioAndPWM.dir/Users/erensoylu/.pico-sdk/sdk/1.5.1/src/rp2_common/hardware_irq/irq.c.obj
 .rodata.irq_remove_handler.str1.4
                0x10007be7       0x3a CMakeFiles/gpioAndPWM.dir/Users/erensoylu/.pico-sdk/sdk/1.5.1/src/rp2_common/hardware_irq/irq.c.obj
 .rodata.irq_add_tail_to_free_list.str1.4
                0x10007be7       0x3a CMakeFiles/gpioAndPWM.dir/Users/erensoylu/.pico-sdk/sdk/1.5.1/src/rp2_common/hardware_irq/irq.c.obj
 .rodata.user_irq_claim_unused.str1.4
                0x10007be7       0x1b CMakeFiles/gpioAndPWM.dir/Users/erensoylu/.pico-sdk/sdk/1.5.1/src/rp2_common/hardware_irq/irq.c.obj
 *fill*         0x10007be7        0x1 
 .rodata.__func__.0
                0x10007be8       0x1a CMakeFiles/gpioAndPWM.dir/Users/erensoylu/.pico-sdk/sdk/1.5.1/src/rp2_common/hardware_irq/irq.c.obj
 *fill*         0x10007c02        0x2 
 .rodata.__func__.1
                0x10007c04       0x17 CMakeFiles/gpioAndPWM.dir/Users/erensoylu/.pico-sdk/sdk/1.5.1/src/rp2_common/hardware_irq/irq.c.obj
 *fill*         0x10007c1b        0x1 
 .rodata.__func__.2
                0x10007c1c       0x13 CMakeFiles/gpioAndPWM.dir/Users/erensoylu/.pico-sdk/sdk/1.5.1/src/rp2_common/hardware_irq/irq.c.obj
 *fill*         0x10007c2f        0x1 
 .rodata.__func__.3
                0x10007c30        0xc CMakeFiles/gpioAndPWM.dir/Users/erensoylu/.pico-sdk/sdk/1.5.1/src/rp2_common/hardware_irq/irq.c.obj
 .rodata.__func__.4
                0x10007c3c        0xf CMakeFiles/gpioAndPWM.dir/Users/erensoylu/.pico-sdk/sdk/1.5.1/src/rp2_common/hardware_irq/irq.c.obj
 *fill*         0x10007c4b        0x1 
 .rodata.__func__.5
                0x10007c4c       0x17 CMakeFiles/gpioAndPWM.dir/Users/erensoylu/.pico-sdk/sdk/1.5.1/src/rp2_common/hardware_irq/irq.c.obj
 *fill*         0x10007c63        0x1 
 .rodata.__func__.6
                0x10007c64       0x1a CMakeFiles/gpioAndPWM.dir/Users/erensoylu/.pico-sdk/sdk/1.5.1/src/rp2_common/hardware_irq/irq.c.obj
 .rodata.update_us_since_boot.str1.4
                0x10007c7e       0x6b CMakeFiles/gpioAndPWM.dir/Users/erensoylu/.pico-sdk/sdk/1.5.1/src/common/pico_sync/mutex.c.obj
 .rodata.str1.4
                0x10007c7e       0x95 CMakeFiles/gpioAndPWM.dir/Users/erensoylu/.pico-sdk/sdk/1.5.1/src/common/pico_sync/mutex.c.obj
 *fill*         0x10007c7e        0x2 
 .rodata.__func__.1
                0x10007c80        0xb CMakeFiles/gpioAndPWM.dir/Users/erensoylu/.pico-sdk/sdk/1.5.1/src/common/pico_sync/mutex.c.obj
 *fill*         0x10007c8b        0x1 
 .rodata.__func__.3
                0x10007c8c       0x18 CMakeFiles/gpioAndPWM.dir/Users/erensoylu/.pico-sdk/sdk/1.5.1/src/common/pico_sync/mutex.c.obj
 .rodata.__func__.4
                0x10007ca4       0x15 CMakeFiles/gpioAndPWM.dir/Users/erensoylu/.pico-sdk/sdk/1.5.1/src/common/pico_sync/mutex.c.obj
 .rodata.get_entry.str1.4
                0x10007cb9       0x65 CMakeFiles/gpioAndPWM.dir/Users/erensoylu/.pico-sdk/sdk/1.5.1/src/common/pico_time/time.c.obj
 .rodata.update_us_since_boot.str1.4
                0x10007cb9       0x6b CMakeFiles/gpioAndPWM.dir/Users/erensoylu/.pico-sdk/sdk/1.5.1/src/common/pico_time/time.c.obj
 .rodata.ph_get_node.str1.4
                0x10007cb9       0x70 CMakeFiles/gpioAndPWM.dir/Users/erensoylu/.pico-sdk/sdk/1.5.1/src/common/pico_time/time.c.obj
 .rodata.ph_add_child_node.str1.4
                0x10007cb9       0x2e CMakeFiles/gpioAndPWM.dir/Users/erensoylu/.pico-sdk/sdk/1.5.1/src/common/pico_time/time.c.obj
 .rodata.ph_insert_node.str1.4
                0x10007cb9        0x3 CMakeFiles/gpioAndPWM.dir/Users/erensoylu/.pico-sdk/sdk/1.5.1/src/common/pico_time/time.c.obj
 .rodata.ph_free_node.str1.4
                0x10007cb9       0x38 CMakeFiles/gpioAndPWM.dir/Users/erensoylu/.pico-sdk/sdk/1.5.1/src/common/pico_time/time.c.obj
 .rodata.add_alarm_under_lock.str1.4
                0x10007cb9       0x28 CMakeFiles/gpioAndPWM.dir/Users/erensoylu/.pico-sdk/sdk/1.5.1/src/common/pico_time/time.c.obj
 .rodata.alarm_pool_alarm_callback.str1.4
                0x10007cb9       0x60 CMakeFiles/gpioAndPWM.dir/Users/erensoylu/.pico-sdk/sdk/1.5.1/src/common/pico_time/time.c.obj
 .rodata.alarm_pool_get_default.str1.4
                0x10007cb9       0x21 CMakeFiles/gpioAndPWM.dir/Users/erensoylu/.pico-sdk/sdk/1.5.1/src/common/pico_time/time.c.obj
 .rodata.alarm_pool_cancel_alarm.str1.4
                0x10007cb9       0x27 CMakeFiles/gpioAndPWM.dir/Users/erensoylu/.pico-sdk/sdk/1.5.1/src/common/pico_time/time.c.obj
 .rodata.sleep_until.str1.4
                0x10007cb9       0x4d CMakeFiles/gpioAndPWM.dir/Users/erensoylu/.pico-sdk/sdk/1.5.1/src/common/pico_time/time.c.obj
 *fill*         0x10007cb9        0x3 
 .rodata.__func__.1
                0x10007cbc       0x18 CMakeFiles/gpioAndPWM.dir/Users/erensoylu/.pico-sdk/sdk/1.5.1/src/common/pico_time/time.c.obj
 .rodata.__func__.3
                0x10007cd4       0x17 CMakeFiles/gpioAndPWM.dir/Users/erensoylu/.pico-sdk/sdk/1.5.1/src/common/pico_time/time.c.obj
 *fill*         0x10007ceb        0x1 
 .rodata.__func__.4
                0x10007cec       0x12 CMakeFiles/gpioAndPWM.dir/Users/erensoylu/.pico-sdk/sdk/1.5.1/src/common/pico_time/time.c.obj
 *fill*         0x10007cfe        0x2 
 .rodata.__func__.5
                0x10007d00        0xd CMakeFiles/gpioAndPWM.dir/Users/erensoylu/.pico-sdk/sdk/1.5.1/src/common/pico_time/time.c.obj
 *fill*         0x10007d0d        0x3 
 .rodata.__func__.6
                0x10007d10       0x12 CMakeFiles/gpioAndPWM.dir/Users/erensoylu/.pico-sdk/sdk/1.5.1/src/common/pico_time/time.c.obj
 *fill*         0x10007d22        0x2 
 .rodata.__func__.7
                0x10007d24        0xf CMakeFiles/gpioAndPWM.dir/Users/erensoylu/.pico-sdk/sdk/1.5.1/src/common/pico_time/time.c.obj
 *fill*         0x10007d33        0x1 
 .rodata.__func__.8
                0x10007d34        0xc CMakeFiles/gpioAndPWM.dir/Users/erensoylu/.pico-sdk/sdk/1.5.1/src/common/pico_time/time.c.obj
 .rodata.__func__.9
                0x10007d40       0x15 CMakeFiles/gpioAndPWM.dir/Users/erensoylu/.pico-sdk/sdk/1.5.1/src/common/pico_time/time.c.obj
 *fill*         0x10007d55        0x3 
 .rodata.__func__.10
                0x10007d58       0x15 CMakeFiles/gpioAndPWM.dir/Users/erensoylu/.pico-sdk/sdk/1.5.1/src/common/pico_time/time.c.obj
 *fill*         0x10007d6d        0x3 
 .rodata.__func__.11
                0x10007d70       0x1a CMakeFiles/gpioAndPWM.dir/Users/erensoylu/.pico-sdk/sdk/1.5.1/src/common/pico_time/time.c.obj
 *fill*         0x10007d8a        0x2 
 .rodata.__func__.12
                0x10007d8c        0xa CMakeFiles/gpioAndPWM.dir/Users/erensoylu/.pico-sdk/sdk/1.5.1/src/common/pico_time/time.c.obj
 .rodata.hardware_alarm_claim.str1.4
                0x10007d96       0x22 CMakeFiles/gpioAndPWM.dir/Users/erensoylu/.pico-sdk/sdk/1.5.1/src/rp2_common/hardware_timer/timer.c.obj
 .rodata.hardware_alarm_set_target.str1.4
                0x10007d96       0x6f CMakeFiles/gpioAndPWM.dir/Users/erensoylu/.pico-sdk/sdk/1.5.1/src/rp2_common/hardware_timer/timer.c.obj
 *fill*         0x10007d96        0x2 
 .rodata.__func__.0
                0x10007d98       0x1a CMakeFiles/gpioAndPWM.dir/Users/erensoylu/.pico-sdk/sdk/1.5.1/src/rp2_common/hardware_timer/timer.c.obj
 .rodata.ph_get_node.str1.4
                0x10007db2       0x70 CMakeFiles/gpioAndPWM.dir/Users/erensoylu/.pico-sdk/sdk/1.5.1/src/common/pico_util/pheap.c.obj
 .rodata.ph_add_child_node.str1.4
                0x10007db2       0x2e CMakeFiles/gpioAndPWM.dir/Users/erensoylu/.pico-sdk/sdk/1.5.1/src/common/pico_util/pheap.c.obj
 .rodata.ph_remove_any_head.str1.4
                0x10007db2       0xac CMakeFiles/gpioAndPWM.dir/Users/erensoylu/.pico-sdk/sdk/1.5.1/src/common/pico_util/pheap.c.obj
 .rodata.ph_remove_and_free_node.str1.4
                0x10007db2       0x26 CMakeFiles/gpioAndPWM.dir/Users/erensoylu/.pico-sdk/sdk/1.5.1/src/common/pico_util/pheap.c.obj
 *fill*         0x10007db2        0x2 
 .rodata.__func__.0
                0x10007db4       0x18 CMakeFiles/gpioAndPWM.dir/Users/erensoylu/.pico-sdk/sdk/1.5.1/src/common/pico_util/pheap.c.obj
 .rodata.__func__.1
                0x10007dcc       0x13 CMakeFiles/gpioAndPWM.dir/Users/erensoylu/.pico-sdk/sdk/1.5.1/src/common/pico_util/pheap.c.obj
 *fill*         0x10007ddf        0x1 
 .rodata.__func__.2
                0x10007de0       0x12 CMakeFiles/gpioAndPWM.dir/Users/erensoylu/.pico-sdk/sdk/1.5.1/src/common/pico_util/pheap.c.obj
 *fill*         0x10007df2        0x2 
 .rodata.__func__.3
                0x10007df4        0xc CMakeFiles/gpioAndPWM.dir/Users/erensoylu/.pico-sdk/sdk/1.5.1/src/common/pico_util/pheap.c.obj
 .rodata.clock_configure.str1.4
                0x10007e00       0x61 CMakeFiles/gpioAndPWM.dir/Users/erensoylu/.pico-sdk/sdk/1.5.1/src/rp2_common/hardware_clocks/clocks.c.obj
 .rodata.__func__.1
                0x10007e00       0x10 CMakeFiles/gpioAndPWM.dir/Users/erensoylu/.pico-sdk/sdk/1.5.1/src/rp2_common/hardware_clocks/clocks.c.obj
 .rodata.pll_init.str1.4
                0x10007e10      0x12c CMakeFiles/gpioAndPWM.dir/Users/erensoylu/.pico-sdk/sdk/1.5.1/src/rp2_common/hardware_pll/pll.c.obj
 .rodata.__func__.0
                0x10007e10        0x9 CMakeFiles/gpioAndPWM.dir/Users/erensoylu/.pico-sdk/sdk/1.5.1/src/rp2_common/hardware_pll/pll.c.obj
 .rodata.__assert_func.str1.4
                0x10007e19       0x43 CMakeFiles/gpioAndPWM.dir/Users/erensoylu/.pico-sdk/sdk/1.5.1/src/rp2_common/pico_runtime/runtime.c.obj
 .rodata.runtime_init.str1.4
                0x10007e19       0x6b CMakeFiles/gpioAndPWM.dir/Users/erensoylu/.pico-sdk/sdk/1.5.1/src/rp2_common/pico_runtime/runtime.c.obj
 .rodata.panic.str1.4
                0x10007e19       0x12 CMakeFiles/gpioAndPWM.dir/Users/erensoylu/.pico-sdk/sdk/1.5.1/src/rp2_common/pico_runtime/runtime.c.obj
 *fill*         0x10007e19        0x3 
 .rodata.__func__.2
                0x10007e1c        0xd CMakeFiles/gpioAndPWM.dir/Users/erensoylu/.pico-sdk/sdk/1.5.1/src/rp2_common/pico_runtime/runtime.c.obj
 .rodata._ftoa.str1.4
                0x10007e29       0x15 CMakeFiles/gpioAndPWM.dir/Users/erensoylu/.pico-sdk/sdk/1.5.1/src/rp2_common/pico_printf/printf.c.obj
 *fill*         0x10007e29        0x3 
 .rodata._vsnprintf
                0x10007e2c      0x19c CMakeFiles/gpioAndPWM.dir/Users/erensoylu/.pico-sdk/sdk/1.5.1/src/rp2_common/pico_printf/printf.c.obj
 .rodata.pow10.0
                0x10007fc8       0x50 CMakeFiles/gpioAndPWM.dir/Users/erensoylu/.pico-sdk/sdk/1.5.1/src/rp2_common/pico_printf/printf.c.obj
 .rodata.__aeabi_double_init.str1.4
                0x10008018       0xa6 CMakeFiles/gpioAndPWM.dir/Users/erensoylu/.pico-sdk/sdk/1.5.1/src/rp2_common/pico_double/double_init_rom.c.obj
 .rodata.__func__.0
                0x10008018       0x14 CMakeFiles/gpioAndPWM.dir/Users/erensoylu/.pico-sdk/sdk/1.5.1/src/rp2_common/pico_double/double_init_rom.c.obj
 .rodata.__aeabi_float_init.str1.4
                0x1000802c       0x88 CMakeFiles/gpioAndPWM.dir/Users/erensoylu/.pico-sdk/sdk/1.5.1/src/rp2_common/pico_float/float_init_rom.c.obj
 .rodata.__func__.0
                0x1000802c       0x13 CMakeFiles/gpioAndPWM.dir/Users/erensoylu/.pico-sdk/sdk/1.5.1/src/rp2_common/pico_float/float_init_rom.c.obj
 .rodata.str1.4
                0x1000803f       0x44 CMakeFiles/gpioAndPWM.dir/Users/erensoylu/.pico-sdk/sdk/1.5.1/src/rp2_common/pico_standard_link/binary_info.c.obj
 *fill*         0x1000803f        0x1 
 .rodata.__bi_81
                0x10008040        0xc CMakeFiles/gpioAndPWM.dir/Users/erensoylu/.pico-sdk/sdk/1.5.1/src/rp2_common/pico_standard_link/binary_info.c.obj
 .rodata.__bi_75
                0x1000804c        0xc CMakeFiles/gpioAndPWM.dir/Users/erensoylu/.pico-sdk/sdk/1.5.1/src/rp2_common/pico_standard_link/binary_info.c.obj
 .rodata.__bi_56
                0x10008058        0xc CMakeFiles/gpioAndPWM.dir/Users/erensoylu/.pico-sdk/sdk/1.5.1/src/rp2_common/pico_standard_link/binary_info.c.obj
 .rodata.__bi_44
                0x10008064        0xc CMakeFiles/gpioAndPWM.dir/Users/erensoylu/.pico-sdk/sdk/1.5.1/src/rp2_common/pico_standard_link/binary_info.c.obj
 .rodata.update_us_since_boot.str1.4
                0x10008070       0x6b CMakeFiles/gpioAndPWM.dir/Users/erensoylu/.pico-sdk/sdk/1.5.1/src/rp2_common/pico_stdio/stdio.c.obj
 .rodata.crlf_str.2
                0x10008070        0x2 CMakeFiles/gpioAndPWM.dir/Users/erensoylu/.pico-sdk/sdk/1.5.1/src/rp2_common/pico_stdio/stdio.c.obj
 *fill*         0x10008072        0x2 
 .rodata.__func__.3
                0x10008074       0x15 CMakeFiles/gpioAndPWM.dir/Users/erensoylu/.pico-sdk/sdk/1.5.1/src/rp2_common/pico_stdio/stdio.c.obj
 *fill*         0x10008089        0x3 
 .rodata._resetd_driver
                0x1000808c       0x18 CMakeFiles/gpioAndPWM.dir/Users/erensoylu/.pico-sdk/sdk/1.5.1/src/rp2_common/pico_stdio_usb/reset_interface.c.obj
 .rodata.update_us_since_boot.str1.4
                0x100080a4       0x6b CMakeFiles/gpioAndPWM.dir/Users/erensoylu/.pico-sdk/sdk/1.5.1/src/rp2_common/pico_stdio_usb/stdio_usb.c.obj
 .rodata.stdio_usb_init.str1.4
                0x100080a4       0x57 CMakeFiles/gpioAndPWM.dir/Users/erensoylu/.pico-sdk/sdk/1.5.1/src/rp2_common/pico_stdio_usb/stdio_usb.c.obj
 .rodata.str1.4
                0x100080a4       0x13 CMakeFiles/gpioAndPWM.dir/Users/erensoylu/.pico-sdk/sdk/1.5.1/src/rp2_common/pico_stdio_usb/stdio_usb.c.obj
 .rodata.__bi_182.0
                0x100080a4        0xc CMakeFiles/gpioAndPWM.dir/Users/erensoylu/.pico-sdk/sdk/1.5.1/src/rp2_common/pico_stdio_usb/stdio_usb.c.obj
 .rodata.__func__.1
                0x100080b0        0xf CMakeFiles/gpioAndPWM.dir/Users/erensoylu/.pico-sdk/sdk/1.5.1/src/rp2_common/pico_stdio_usb/stdio_usb.c.obj
 *fill*         0x100080bf        0x1 
 .rodata.__func__.3
                0x100080c0       0x15 CMakeFiles/gpioAndPWM.dir/Users/erensoylu/.pico-sdk/sdk/1.5.1/src/rp2_common/pico_stdio_usb/stdio_usb.c.obj
 .rodata.str1.4
                0x100080d5       0x2a CMakeFiles/gpioAndPWM.dir/Users/erensoylu/.pico-sdk/sdk/1.5.1/src/rp2_common/pico_stdio_usb/stdio_usb_descriptors.c.obj
 *fill*         0x100080d5        0x3 
 .rodata.usbd_desc_str
                0x100080d8       0x18 CMakeFiles/gpioAndPWM.dir/Users/erensoylu/.pico-sdk/sdk/1.5.1/src/rp2_common/pico_stdio_usb/stdio_usb_descriptors.c.obj
 .rodata.usbd_desc_cfg
                0x100080f0       0x54 CMakeFiles/gpioAndPWM.dir/Users/erensoylu/.pico-sdk/sdk/1.5.1/src/rp2_common/pico_stdio_usb/stdio_usb_descriptors.c.obj
 .rodata.usbd_desc_device
                0x10008144       0x12 CMakeFiles/gpioAndPWM.dir/Users/erensoylu/.pico-sdk/sdk/1.5.1/src/rp2_common/pico_stdio_usb/stdio_usb_descriptors.c.obj
 .rodata.pico_get_unique_board_id_string.str1.4
                0x10008156       0x57 CMakeFiles/gpioAndPWM.dir/Users/erensoylu/.pico-sdk/sdk/1.5.1/src/rp2_common/pico_unique_id/unique_id.c.obj
 *fill*         0x10008156        0x2 
 .rodata.__func__.0
                0x10008158       0x20 CMakeFiles/gpioAndPWM.dir/Users/erensoylu/.pico-sdk/sdk/1.5.1/src/rp2_common/pico_unique_id/unique_id.c.obj
 .rodata.str1.4
                0x10008178      0x162 CMakeFiles/gpioAndPWM.dir/Users/erensoylu/.pico-sdk/sdk/1.5.1/src/rp2_common/hardware_flash/flash.c.obj
 .rodata.__func__.0
                0x10008178        0xd CMakeFiles/gpioAndPWM.dir/Users/erensoylu/.pico-sdk/sdk/1.5.1/src/rp2_common/hardware_flash/flash.c.obj
 .rodata._hw_endpoint_alloc.str1.4
                0x10008185       0xc1 CMakeFiles/gpioAndPWM.dir/Users/erensoylu/.pico-sdk/sdk/1.5.1/lib/tinyusb/src/portable/raspberrypi/rp2040/dcd_rp2040.c.obj
 .rodata.str1.4
                0x10008185       0x14 CMakeFiles/gpioAndPWM.dir/Users/erensoylu/.pico-sdk/sdk/1.5.1/lib/tinyusb/src/portable/raspberrypi/rp2040/dcd_rp2040.c.obj
 .rodata.dcd_int_enable.str1.4
                0x10008185        0xc CMakeFiles/gpioAndPWM.dir/Users/erensoylu/.pico-sdk/sdk/1.5.1/lib/tinyusb/src/portable/raspberrypi/rp2040/dcd_rp2040.c.obj
 *fill*         0x10008185        0x3 
 .rodata.__func__.0
                0x10008188        0xe CMakeFiles/gpioAndPWM.dir/Users/erensoylu/.pico-sdk/sdk/1.5.1/lib/tinyusb/src/portable/raspberrypi/rp2040/dcd_rp2040.c.obj
 *fill*         0x10008196        0x2 
 .rodata.__func__.1
                0x10008198        0xe CMakeFiles/gpioAndPWM.dir/Users/erensoylu/.pico-sdk/sdk/1.5.1/lib/tinyusb/src/portable/raspberrypi/rp2040/dcd_rp2040.c.obj
 *fill*         0x100081a6        0x2 
 .rodata.__func__.3
                0x100081a8       0x10 CMakeFiles/gpioAndPWM.dir/Users/erensoylu/.pico-sdk/sdk/1.5.1/lib/tinyusb/src/portable/raspberrypi/rp2040/dcd_rp2040.c.obj
 .rodata.__func__.5
                0x100081b8        0xf CMakeFiles/gpioAndPWM.dir/Users/erensoylu/.pico-sdk/sdk/1.5.1/lib/tinyusb/src/portable/raspberrypi/rp2040/dcd_rp2040.c.obj
 *fill*         0x100081c7        0x1 
 .rodata.__func__.6
                0x100081c8       0x13 CMakeFiles/gpioAndPWM.dir/Users/erensoylu/.pico-sdk/sdk/1.5.1/lib/tinyusb/src/portable/raspberrypi/rp2040/dcd_rp2040.c.obj
 *fill*         0x100081db        0x1 
 .rodata.__func__.7
                0x100081dc        0x9 CMakeFiles/gpioAndPWM.dir/Users/erensoylu/.pico-sdk/sdk/1.5.1/lib/tinyusb/src/portable/raspberrypi/rp2040/dcd_rp2040.c.obj
 .rodata.str1.4
                0x100081e5       0xf3 CMakeFiles/gpioAndPWM.dir/Users/erensoylu/.pico-sdk/sdk/1.5.1/lib/tinyusb/src/portable/raspberrypi/rp2040/rp2040_usb.c.obj
 *fill*         0x100081e5        0x3 
 .rodata.__func__.0
                0x100081e8        0xf CMakeFiles/gpioAndPWM.dir/Users/erensoylu/.pico-sdk/sdk/1.5.1/lib/tinyusb/src/portable/raspberrypi/rp2040/rp2040_usb.c.obj
 *fill*         0x100081f7        0x1 
 .rodata.process_get_descriptor
                0x100081f8       0x40 CMakeFiles/gpioAndPWM.dir/Users/erensoylu/.pico-sdk/sdk/1.5.1/lib/tinyusb/src/device/usbd.c.obj
 .rodata.process_control_request
                0x10008238       0x28 CMakeFiles/gpioAndPWM.dir/Users/erensoylu/.pico-sdk/sdk/1.5.1/lib/tinyusb/src/device/usbd.c.obj
 .rodata.tud_task_ext
                0x10008260       0x24 CMakeFiles/gpioAndPWM.dir/Users/erensoylu/.pico-sdk/sdk/1.5.1/lib/tinyusb/src/device/usbd.c.obj
 .rodata._usbd_driver
                0x10008284       0x18 CMakeFiles/gpioAndPWM.dir/Users/erensoylu/.pico-sdk/sdk/1.5.1/lib/tinyusb/src/device/usbd.c.obj
                0x1000829c                        . = ALIGN (0x4)
 *(SORT_BY_ALIGNMENT(SORT_BY_NAME(.flashdata*)))
                0x1000829c                        . = ALIGN (0x4)

.ARM.extab
 *(.ARM.extab* .gnu.linkonce.armextab.*)
                0x1000829c                        __exidx_start = .

.ARM.exidx
 *(.ARM.exidx* .gnu.linkonce.armexidx.*)
                0x1000829c                        __exidx_end = .
                0x1000829c                        . = ALIGN (0x4)
                0x1000829c                        __binary_info_start = .

.binary_info    0x1000829c       0x24
 *(.binary_info.keep.*)
 .binary_info.keep.__bi_ptr81
                0x1000829c        0x4 CMakeFiles/gpioAndPWM.dir/Users/erensoylu/.pico-sdk/sdk/1.5.1/src/rp2_common/pico_standard_link/binary_info.c.obj
 .binary_info.keep.__bi_ptr75
                0x100082a0        0x4 CMakeFiles/gpioAndPWM.dir/Users/erensoylu/.pico-sdk/sdk/1.5.1/src/rp2_common/pico_standard_link/binary_info.c.obj
 .binary_info.keep.__bi_ptr56
                0x100082a4        0x4 CMakeFiles/gpioAndPWM.dir/Users/erensoylu/.pico-sdk/sdk/1.5.1/src/rp2_common/pico_standard_link/binary_info.c.obj
 .binary_info.keep.__bi_ptr50
                0x100082a8        0x4 CMakeFiles/gpioAndPWM.dir/Users/erensoylu/.pico-sdk/sdk/1.5.1/src/rp2_common/pico_standard_link/binary_info.c.obj
 .binary_info.keep.__bi_ptr44
                0x100082ac        0x4 CMakeFiles/gpioAndPWM.dir/Users/erensoylu/.pico-sdk/sdk/1.5.1/src/rp2_common/pico_standard_link/binary_info.c.obj
 .binary_info.keep.__bi_ptr38
                0x100082b0        0x4 CMakeFiles/gpioAndPWM.dir/Users/erensoylu/.pico-sdk/sdk/1.5.1/src/rp2_common/pico_standard_link/binary_info.c.obj
 .binary_info.keep.__bi_ptr30
                0x100082b4        0x4 CMakeFiles/gpioAndPWM.dir/Users/erensoylu/.pico-sdk/sdk/1.5.1/src/rp2_common/pico_standard_link/binary_info.c.obj
 .binary_info.keep.__bi_ptr22
                0x100082b8        0x4 CMakeFiles/gpioAndPWM.dir/Users/erensoylu/.pico-sdk/sdk/1.5.1/src/rp2_common/pico_standard_link/binary_info.c.obj
 *(.binary_info.*)
 .binary_info.__bi_ptr182
                0x100082bc        0x4 CMakeFiles/gpioAndPWM.dir/Users/erensoylu/.pico-sdk/sdk/1.5.1/src/rp2_common/pico_stdio_usb/stdio_usb.c.obj
                0x100082c0                        __binary_info_end = .

.rel.dyn        0x100082c0        0x0
 .rel.iplt      0x100082c0        0x0 /Users/erensoylu/.pico-sdk/toolchain/13_2_Rel1/bin/../lib/gcc/arm-none-eabi/13.2.1/thumb/v6-m/nofp/crtbegin.o
                0x100082c0                        . = ALIGN (0x4)

.ram_vector_table
                0x20000000       0xc0
 *(.ram_vector_table)
 .ram_vector_table
                0x20000000       0xc0 CMakeFiles/gpioAndPWM.dir/Users/erensoylu/.pico-sdk/sdk/1.5.1/src/rp2_common/pico_runtime/runtime.c.obj
                0x20000000                ram_vector_table

.data           0x200000c0      0xb40 load address 0x100082c0
                0x200000c0                        __data_start__ = .
 *(vtable)
 *(.time_critical*)
 .time_critical.mutex_try_enter
                0x200000c0       0x46 CMakeFiles/gpioAndPWM.dir/Users/erensoylu/.pico-sdk/sdk/1.5.1/src/common/pico_sync/mutex.c.obj
                0x200000c0                mutex_try_enter
 *fill*         0x20000106        0x2 
 .time_critical.mutex_enter_block_until
                0x20000108       0x8c CMakeFiles/gpioAndPWM.dir/Users/erensoylu/.pico-sdk/sdk/1.5.1/src/common/pico_sync/mutex.c.obj
                0x20000108                mutex_enter_block_until
 .time_critical.mutex_try_enter_block_until
                0x20000194       0x34 CMakeFiles/gpioAndPWM.dir/Users/erensoylu/.pico-sdk/sdk/1.5.1/src/common/pico_sync/mutex.c.obj
                0x20000194                mutex_try_enter_block_until
 .time_critical.mutex_enter_timeout_ms
                0x200001c8       0x1a CMakeFiles/gpioAndPWM.dir/Users/erensoylu/.pico-sdk/sdk/1.5.1/src/common/pico_sync/mutex.c.obj
                0x200001c8                mutex_enter_timeout_ms
 *fill*         0x200001e2        0x2 
 .time_critical.mutex_exit
                0x200001e4       0x4c CMakeFiles/gpioAndPWM.dir/Users/erensoylu/.pico-sdk/sdk/1.5.1/src/common/pico_sync/mutex.c.obj
                0x200001e4                mutex_exit
 .time_critical.flash_init_boot2_copyout
                0x20000230       0x30 CMakeFiles/gpioAndPWM.dir/Users/erensoylu/.pico-sdk/sdk/1.5.1/src/rp2_common/hardware_flash/flash.c.obj
 .time_critical.flash_enable_xip_via_boot2
                0x20000260        0xc CMakeFiles/gpioAndPWM.dir/Users/erensoylu/.pico-sdk/sdk/1.5.1/src/rp2_common/hardware_flash/flash.c.obj
 .time_critical.flash_cs_force
                0x2000026c       0x28 CMakeFiles/gpioAndPWM.dir/Users/erensoylu/.pico-sdk/sdk/1.5.1/src/rp2_common/hardware_flash/flash.c.obj
 .time_critical.flash_do_cmd
                0x20000294       0xd8 CMakeFiles/gpioAndPWM.dir/Users/erensoylu/.pico-sdk/sdk/1.5.1/src/rp2_common/hardware_flash/flash.c.obj
                0x20000294                flash_do_cmd
 .time_critical.reset_non_control_endpoints
                0x2000036c       0x40 CMakeFiles/gpioAndPWM.dir/Users/erensoylu/.pico-sdk/sdk/1.5.1/lib/tinyusb/src/portable/raspberrypi/rp2040/dcd_rp2040.c.obj
 .time_critical.hw_handle_buff_status
                0x200003ac       0xa4 CMakeFiles/gpioAndPWM.dir/Users/erensoylu/.pico-sdk/sdk/1.5.1/lib/tinyusb/src/portable/raspberrypi/rp2040/dcd_rp2040.c.obj
 .time_critical.dcd_rp2040_irq
                0x20000450      0x1b8 CMakeFiles/gpioAndPWM.dir/Users/erensoylu/.pico-sdk/sdk/1.5.1/lib/tinyusb/src/portable/raspberrypi/rp2040/dcd_rp2040.c.obj
 .time_critical.e15_is_bulkin_ep
                0x20000608       0x2c CMakeFiles/gpioAndPWM.dir/Users/erensoylu/.pico-sdk/sdk/1.5.1/lib/tinyusb/src/portable/raspberrypi/rp2040/rp2040_usb.c.obj
 .time_critical.e15_is_critical_frame_period
                0x20000634       0x30 CMakeFiles/gpioAndPWM.dir/Users/erensoylu/.pico-sdk/sdk/1.5.1/lib/tinyusb/src/portable/raspberrypi/rp2040/rp2040_usb.c.obj
 .time_critical.prepare_ep_buffer
                0x20000664       0x6c CMakeFiles/gpioAndPWM.dir/Users/erensoylu/.pico-sdk/sdk/1.5.1/lib/tinyusb/src/portable/raspberrypi/rp2040/rp2040_usb.c.obj
 .time_critical.sync_ep_buffer
                0x200006d0       0x7c CMakeFiles/gpioAndPWM.dir/Users/erensoylu/.pico-sdk/sdk/1.5.1/lib/tinyusb/src/portable/raspberrypi/rp2040/rp2040_usb.c.obj
 .time_critical._hw_endpoint_xfer_sync
                0x2000074c       0x28 CMakeFiles/gpioAndPWM.dir/Users/erensoylu/.pico-sdk/sdk/1.5.1/lib/tinyusb/src/portable/raspberrypi/rp2040/rp2040_usb.c.obj
 .time_critical.hw_endpoint_reset_transfer
                0x20000774        0xc CMakeFiles/gpioAndPWM.dir/Users/erensoylu/.pico-sdk/sdk/1.5.1/lib/tinyusb/src/portable/raspberrypi/rp2040/rp2040_usb.c.obj
                0x20000774                hw_endpoint_reset_transfer
 .time_critical._hw_endpoint_buffer_control_update32
                0x20000780       0x58 CMakeFiles/gpioAndPWM.dir/Users/erensoylu/.pico-sdk/sdk/1.5.1/lib/tinyusb/src/portable/raspberrypi/rp2040/rp2040_usb.c.obj
                0x20000780                _hw_endpoint_buffer_control_update32
 .time_critical.hw_endpoint_start_next_buffer
                0x200007d8       0x88 CMakeFiles/gpioAndPWM.dir/Users/erensoylu/.pico-sdk/sdk/1.5.1/lib/tinyusb/src/portable/raspberrypi/rp2040/rp2040_usb.c.obj
                0x200007d8                hw_endpoint_start_next_buffer
 .time_critical.hw_endpoint_xfer_continue
                0x20000860       0x50 CMakeFiles/gpioAndPWM.dir/Users/erensoylu/.pico-sdk/sdk/1.5.1/lib/tinyusb/src/portable/raspberrypi/rp2040/rp2040_usb.c.obj
                0x20000860                hw_endpoint_xfer_continue
 .time_critical.tinyusb
                0x200008b0      0x1ac CMakeFiles/gpioAndPWM.dir/Users/erensoylu/.pico-sdk/sdk/1.5.1/lib/tinyusb/src/device/usbd.c.obj
                0x200008b0                dcd_event_handler
 *(.text*)
 .text          0x20000a5c        0x4 /Users/erensoylu/.pico-sdk/toolchain/13_2_Rel1/bin/../lib/gcc/arm-none-eabi/13.2.1/thumb/v6-m/nofp/libgcc.a(_dvmd_tls.o)
                0x20000a5c                __aeabi_ldiv0
                0x20000a5c                __aeabi_idiv0
 .text.__stub   0x20000a60       0xa0 linker stubs
                0x20000b00                        . = ALIGN (0x4)
 *(.rodata*)
                0x20000b00                        . = ALIGN (0x4)
 *(.data*)
 .data.striped_spin_lock_num
                0x20000b00        0x1 CMakeFiles/gpioAndPWM.dir/Users/erensoylu/.pico-sdk/sdk/1.5.1/src/rp2_common/hardware_sync/sync.c.obj
 *fill*         0x20000b01        0x3 
 .data          0x20000b04       0x48 CMakeFiles/gpioAndPWM.dir/Users/erensoylu/.pico-sdk/sdk/1.5.1/src/rp2_common/hardware_irq/irq_handler_chain.S.obj
                0x20000b04                irq_handler_chain_slots
                0x20000b34                irq_handler_chain_first_slot
                0x20000b3e                irq_handler_chain_remove_tail
 .data.default_alarm_pool
                0x20000b4c       0x18 CMakeFiles/gpioAndPWM.dir/Users/erensoylu/.pico-sdk/sdk/1.5.1/src/common/pico_time/time.c.obj
 .data.default_alarm_pool_heap
                0x20000b64       0x10 CMakeFiles/gpioAndPWM.dir/Users/erensoylu/.pico-sdk/sdk/1.5.1/src/common/pico_time/time.c.obj
 *fill*         0x20000b74        0xc 
 .data.aeabi_bits_funcs
                0x20000b80       0x10 CMakeFiles/gpioAndPWM.dir/Users/erensoylu/.pico-sdk/sdk/1.5.1/src/rp2_common/pico_bit_ops/bit_ops_aeabi.S.obj
                0x20000b80                aeabi_bits_funcs
                0x20000b90                aeabi_bits_funcs_end
 .data.aeabi_mem_funcs
                0x20000b90       0x10 CMakeFiles/gpioAndPWM.dir/Users/erensoylu/.pico-sdk/sdk/1.5.1/src/rp2_common/pico_mem_ops/mem_ops_aeabi.S.obj
                0x20000b90                aeabi_mem_funcs
                0x20000ba0                aeabi_mem_funcs_end
 .data.stdio_usb
                0x20000ba0       0x18 CMakeFiles/gpioAndPWM.dir/Users/erensoylu/.pico-sdk/sdk/1.5.1/src/rp2_common/pico_stdio_usb/stdio_usb.c.obj
                0x20000ba0                stdio_usb
 .data.ep_dir_string
                0x20000bb8        0x8 CMakeFiles/gpioAndPWM.dir/Users/erensoylu/.pico-sdk/sdk/1.5.1/lib/tinyusb/src/portable/raspberrypi/rp2040/rp2040_usb.c.obj
                0x20000bb8                ep_dir_string
 .data._usbd_qdef