Archive member included to satisfy reference by file (symbol)

/Users/erensoylu/.pico-sdk/toolchain/13_2_Rel1/bin/../lib/gcc/arm-none-eabi/13.2.1/thumb/v6-m/nofp/libgcc.a(_dvmd_tls.o)
                              CMakeFiles/basics.dir/Users/erensoylu/.pico-sdk/sdk/1.5.1/src/rp2_common/pico_divider/divider.S.obj (__aeabi_idiv0)
/Users/erensoylu/.pico-sdk/toolchain/13_2_Rel1/bin/../lib/gcc/arm-none-eabi/13.2.1/../../../../arm-none-eabi/lib/thumb/v6-m/nofp/libg.a(libc_a-calloc.o)
                              CMakeFiles/basics.dir/Users/erensoylu/.pico-sdk/sdk/1.5.1/src/rp2_common/pico_malloc/pico_malloc.c.obj (calloc)
/Users/erensoylu/.pico-sdk/toolchain/13_2_Rel1/bin/../lib/gcc/arm-none-eabi/13.2.1/../../../../arm-none-eabi/lib/thumb/v6-m/nofp/libg.a(libc_a-callocr.o)
                              /Users/erensoylu/.pico-sdk/toolchain/13_2_Rel1/bin/../lib/gcc/arm-none-eabi/13.2.1/../../../../arm-none-eabi/lib/thumb/v6-m/nofp/libg.a(libc_a-calloc.o) (_calloc_r)
/Users/erensoylu/.pico-sdk/toolchain/13_2_Rel1/bin/../lib/gcc/arm-none-eabi/13.2.1/../../../../arm-none-eabi/lib/thumb/v6-m/nofp/libg.a(libc_a-malloc.o)
                              CMakeFiles/basics.dir/Users/erensoylu/.pico-sdk/sdk/1.5.1/src/rp2_common/pico_malloc/pico_malloc.c.obj (malloc)
/Users/erensoylu/.pico-sdk/toolchain/13_2_Rel1/bin/../lib/gcc/arm-none-eabi/13.2.1/../../../../arm-none-eabi/lib/thumb/v6-m/nofp/libg.a(libc_a-mallocr.o)
                              /Users/erensoylu/.pico-sdk/toolchain/13_2_Rel1/bin/../lib/gcc/arm-none-eabi/13.2.1/../../../../arm-none-eabi/lib/thumb/v6-m/nofp/libg.a(libc_a-callocr.o) (_malloc_r)
/Users/erensoylu/.pico-sdk/toolchain/13_2_Rel1/bin/../lib/gcc/arm-none-eabi/13.2.1/../../../../arm-none-eabi/lib/thumb/v6-m/nofp/libg.a(libc_a-mlock.o)
                              /Users/erensoylu/.pico-sdk/toolchain/13_2_Rel1/bin/../lib/gcc/arm-none-eabi/13.2.1/../../../../arm-none-eabi/lib/thumb/v6-m/nofp/libg.a(libc_a-mallocr.o) (__malloc_lock)
/Users/erensoylu/.pico-sdk/toolchain/13_2_Rel1/bin/../lib/gcc/arm-none-eabi/13.2.1/../../../../arm-none-eabi/lib/thumb/v6-m/nofp/libg.a(libc_a-realloc.o)
                              CMakeFiles/basics.dir/Users/erensoylu/.pico-sdk/sdk/1.5.1/src/rp2_common/pico_malloc/pico_malloc.c.obj (realloc)
/Users/erensoylu/.pico-sdk/toolchain/13_2_Rel1/bin/../lib/gcc/arm-none-eabi/13.2.1/../../../../arm-none-eabi/lib/thumb/v6-m/nofp/libg.a(libc_a-reallocr.o)
                              /Users/erensoylu/.pico-sdk/toolchain/13_2_Rel1/bin/../lib/gcc/arm-none-eabi/13.2.1/../../../../arm-none-eabi/lib/thumb/v6-m/nofp/libg.a(libc_a-realloc.o) (_realloc_r)
/Users/erensoylu/.pico-sdk/toolchain/13_2_Rel1/bin/../lib/gcc/arm-none-eabi/13.2.1/../../../../arm-none-eabi/lib/thumb/v6-m/nofp/libg.a(libc_a-memmove.o)
                              /Users/erensoylu/.pico-sdk/toolchain/13_2_Rel1/bin/../lib/gcc/arm-none-eabi/13.2.1/../../../../arm-none-eabi/lib/thumb/v6-m/nofp/libg.a(libc_a-reallocr.o) (memmove)
/Users/erensoylu/.pico-sdk/toolchain/13_2_Rel1/bin/../lib/gcc/arm-none-eabi/13.2.1/../../../../arm-none-eabi/lib/thumb/v6-m/nofp/libg.a(libc_a-impure.o)
                              /Users/erensoylu/.pico-sdk/toolchain/13_2_Rel1/bin/../lib/gcc/arm-none-eabi/13.2.1/../../../../arm-none-eabi/lib/thumb/v6-m/nofp/libg.a(libc_a-calloc.o) (_impure_ptr)
/Users/erensoylu/.pico-sdk/toolchain/13_2_Rel1/bin/../lib/gcc/arm-none-eabi/13.2.1/../../../../arm-none-eabi/lib/thumb/v6-m/nofp/libg.a(libc_a-sbrkr.o)
                              /Users/erensoylu/.pico-sdk/toolchain/13_2_Rel1/bin/../lib/gcc/arm-none-eabi/13.2.1/../../../../arm-none-eabi/lib/thumb/v6-m/nofp/libg.a(libc_a-mallocr.o) (_sbrk_r)
/Users/erensoylu/.pico-sdk/toolchain/13_2_Rel1/bin/../lib/gcc/arm-none-eabi/13.2.1/../../../../arm-none-eabi/lib/thumb/v6-m/nofp/libg.a(libc_a-errno.o)
                              /Users/erensoylu/.pico-sdk/toolchain/13_2_Rel1/bin/../lib/gcc/arm-none-eabi/13.2.1/../../../../arm-none-eabi/lib/thumb/v6-m/nofp/libg.a(libc_a-callocr.o) (__errno)
/Users/erensoylu/.pico-sdk/toolchain/13_2_Rel1/bin/../lib/gcc/arm-none-eabi/13.2.1/../../../../arm-none-eabi/lib/thumb/v6-m/nofp/libg.a(libc_a-sysconf.o)
                              /Users/erensoylu/.pico-sdk/toolchain/13_2_Rel1/bin/../lib/gcc/arm-none-eabi/13.2.1/../../../../arm-none-eabi/lib/thumb/v6-m/nofp/libg.a(libc_a-mallocr.o) (sysconf)
/Users/erensoylu/.pico-sdk/toolchain/13_2_Rel1/bin/../lib/gcc/arm-none-eabi/13.2.1/../../../../arm-none-eabi/lib/thumb/v6-m/nofp/libg.a(libc_a-init.o)
                              /Users/erensoylu/.pico-sdk/toolchain/13_2_Rel1/bin/../lib/gcc/arm-none-eabi/13.2.1/../../../../arm-none-eabi/lib/thumb/v6-m/nofp/crt0.o (__libc_init_array)
/Users/erensoylu/.pico-sdk/toolchain/13_2_Rel1/bin/../lib/gcc/arm-none-eabi/13.2.1/../../../../arm-none-eabi/lib/thumb/v6-m/nofp/libg.a(libc_a-lock.o)
[...]
Memory Configuration

Name             Origin             Length             Attributes
FLASH            0x10000000         0x00200000         xr
RAM              0x20000000         0x00040000         xrw
SCRATCH_X        0x20040000         0x00001000         xrw
SCRATCH_Y        0x20041000         0x00001000         xrw
*default*        0x00000000         0xffffffff

Linker script and memory map

LOAD /Users/erensoylu/.pico-sdk/toolchain/13_2_Rel1/bin/../lib/gcc/arm-none-eabi/13.2.1/thumb/v6-m/nofp/crti.o
LOAD /Users/erensoylu/.pico-sdk/toolchain/13_2_Rel1/bin/../lib/gcc/arm-none-eabi/13.2.1/thumb/v6-m/nofp/crtbegin.o
LOAD /Users/erensoylu/.pico-sdk/toolchain/13_2_Rel1/bin/../lib/gcc/arm-none-eabi/13.2.1/../../../../arm-none-eabi/lib/thumb/v6-m/nofp/crt0.o

.flash_begin    0x10000000        0x0
                0x10000000                        __flash_binary_start = .

.boot2          0x10000000      0x100
                0x10000000                        __boot2_start__ = .
 *(.boot2)
 .boot2         0x10000000      0x100 /var/folders/ld/491lmq2s329cfv5624pgf59c0000gn/T//cc4LIfe5.o
                0x10000100                        __boot2_end__ = .
                0x00000001                        ASSERT (((__boot2_end__ - __boot2_start__) == 0x100), ERROR: Pico second stage bootloader must be 256 bytes in size)

.text           0x10000100     0x6ae0
                0x10000100                        __logical_binary_start = .
 *(.vectors)
 .vectors       0x10000100       0xd4 CMakeFiles/basics.dir/Users/erensoylu/.pico-sdk/sdk/1.5.1/src/rp2_common/pico_standard_link/crt0.S.obj
                0x10000100                __VECTOR_TABLE
                0x10000100                __vectors
                0x100001c0                __default_isrs_start
                0x100001c0                isr_invalid
                0x100001c2                isr_nmi
                0x100001c4                isr_hardfault
                0x100001c6                isr_svcall
                0x100001c8                isr_pendsv
                0x100001ca                isr_systick
                0x100001cc                isr_irq28
                0x100001cc                isr_irq19
                0x100001cc                isr_irq0
                0x100001cc                isr_irq6
                0x100001cc                isr_irq22
                0x100001cc                isr_irq17
                0x100001cc                isr_irq14
                0x100001cc                isr_irq2
                0x100001cc                isr_irq10
                0x100001cc                isr_irq8
                0x100001cc                isr_irq24
                0x100001cc                isr_irq1
                0x100001cc                isr_irq7
                0x100001cc                isr_irq21
                0x100001cc                isr_irq20
                0x100001cc                isr_irq15
                0x100001cc                isr_irq25
                0x100001cc                isr_irq4
                0x100001cc                isr_irq16
                0x100001cc                isr_irq29
                0x100001cc                isr_irq26
                0x100001cc                __default_isrs_end
                0x100001cc                isr_irq3
                0x100001cc                isr_irq9
                0x100001cc                __unhandled_user_irq
                0x100001cc                isr_irq13
                0x100001cc                isr_irq27
                0x100001cc                isr_irq31
                0x100001cc                isr_irq5
                0x100001cc                isr_irq11
                0x100001cc                isr_irq23
                0x100001cc                isr_irq18
                0x100001cc                isr_irq30
                0x100001cc                isr_irq12
                0x100001d2                unhandled_user_irq_num_in_r0
 *(.binary_info_header)
 .binary_info_header
                0x100001d4       0x14 CMakeFiles/basics.dir/Users/erensoylu/.pico-sdk/sdk/1.5.1/src/rp2_common/pico_standard_link/crt0.S.obj
                0x100001e8                        __binary_info_header_end = .
 *(.reset)
 .reset         0x100001e8       0xa0 CMakeFiles/basics.dir/Users/erensoylu/.pico-sdk/sdk/1.5.1/src/rp2_common/pico_standard_link/crt0.S.obj
                0x100001e8                _entry_point
 .reset         0x10000288       0x30 CMakeFiles/basics.dir/Users/erensoylu/.pico-sdk/sdk/1.5.1/src/rp2_common/pico_standard_link/binary_info.c.obj
 *(.init)
 .init          0x100002b8        0x4 /Users/erensoylu/.pico-sdk/toolchain/13_2_Rel1/bin/../lib/gcc/arm-none-eabi/13.2.1/thumb/v6-m/nofp/crti.o
                0x100002b8                _init
 *(EXCLUDE_FILE(*libm.a: *libc.a:*lib_a-mem*.o *libgcc.a:) .text*)
 .text.register_tm_clones
                0x100002bc       0x28 /Users/erensoylu/.pico-sdk/toolchain/13_2_Rel1/bin/../lib/gcc/arm-none-eabi/13.2.1/thumb/v6-m/nofp/crtbegin.o
 .text.frame_dummy
                0x100002e4       0x24 /Users/erensoylu/.pico-sdk/toolchain/13_2_Rel1/bin/../lib/gcc/arm-none-eabi/13.2.1/thumb/v6-m/nofp/crtbegin.o
 .text.main     0x10000308       0x14 CMakeFiles/basics.dir/basics.c.obj
                0x10000308                main
 .text.running_on_fpga
                0x1000031c       0x14 CMakeFiles/basics.dir/Users/erensoylu/.pico-sdk/sdk/1.5.1/src/rp2_common/pico_platform/platform.c.obj
                0x1000031c                running_on_fpga
 .text.hw_claim_lock
                0x10000330       0x18 CMakeFiles/basics.dir/Users/erensoylu/.pico-sdk/sdk/1.5.1/src/rp2_common/hardware_claim/claim.c.obj
                0x10000330                hw_claim_lock
 .text.hw_claim_unlock
                0x10000348       0x14 CMakeFiles/basics.dir/Users/erensoylu/.pico-sdk/sdk/1.5.1/src/rp2_common/hardware_claim/claim.c.obj
                0x10000348                hw_claim_unlock
 .text.hw_claim_or_assert
                0x1000035c       0x32 CMakeFiles/basics.dir/Users/erensoylu/.pico-sdk/sdk/1.5.1/src/rp2_common/hardware_claim/claim.c.obj
                0x1000035c                hw_claim_or_assert
 .text.hw_claim_unused_from_range
                0x1000038e       0x50 CMakeFiles/basics.dir/Users/erensoylu/.pico-sdk/sdk/1.5.1/src/rp2_common/hardware_claim/claim.c.obj
                0x1000038e                hw_claim_unused_from_range
 *fill*         0x100003de        0x2 
 .text.spin_locks_reset
                0x100003e0       0x20 CMakeFiles/basics.dir/Users/erensoylu/.pico-sdk/sdk/1.5.1/src/rp2_common/hardware_sync/sync.c.obj
                0x100003e0                spin_locks_reset
 .text.next_striped_spin_lock_num
                0x10000400       0x1c CMakeFiles/basics.dir/Users/erensoylu/.pico-sdk/sdk/1.5.1/src/rp2_common/hardware_sync/sync.c.obj
                0x10000400                next_striped_spin_lock_num
 .text.spin_lock_claim_unused
                0x1000041c       0x24 CMakeFiles/basics.dir/Users/erensoylu/.pico-sdk/sdk/1.5.1/src/rp2_common/hardware_sync/sync.c.obj
                0x1000041c                spin_lock_claim_unused
 .text.set_raw_irq_handler_and_unlock
                0x10000440       0x28 CMakeFiles/basics.dir/Users/erensoylu/.pico-sdk/sdk/1.5.1/src/rp2_common/hardware_irq/irq.c.obj
 .text.resolve_branch
                0x10000468       0x30 CMakeFiles/basics.dir/Users/erensoylu/.pico-sdk/sdk/1.5.1/src/rp2_common/hardware_irq/irq.c.obj
 .text.make_branch
                0x10000498       0x48 CMakeFiles/basics.dir/Users/erensoylu/.pico-sdk/sdk/1.5.1/src/rp2_common/hardware_irq/irq.c.obj
 .text.insert_branch_and_link
                0x100004e0       0x40 CMakeFiles/basics.dir/Users/erensoylu/.pico-sdk/sdk/1.5.1/src/rp2_common/hardware_irq/irq.c.obj
 .text.irq_is_enabled
                0x10000520       0x18 CMakeFiles/basics.dir/Users/erensoylu/.pico-sdk/sdk/1.5.1/src/rp2_common/hardware_irq/irq.c.obj
                0x10000520                irq_is_enabled
 .text.irq_set_mask_enabled
                0x10000538       0x20 CMakeFiles/basics.dir/Users/erensoylu/.pico-sdk/sdk/1.5.1/src/rp2_common/hardware_irq/irq.c.obj
                0x10000538                irq_set_mask_enabled
 .text.irq_set_enabled
                0x10000558        0xe CMakeFiles/basics.dir/Users/erensoylu/.pico-sdk/sdk/1.5.1/src/rp2_common/hardware_irq/irq.c.obj
                0x10000558                irq_set_enabled
 *fill*         0x10000566        0x2 
 .text.irq_set_pending
                0x10000568       0x10 CMakeFiles/basics.dir/Users/erensoylu/.pico-sdk/sdk/1.5.1/src/rp2_common/hardware_irq/irq.c.obj
                0x10000568                irq_set_pending
 .text.irq_get_vtable_handler
                0x10000578       0x10 CMakeFiles/basics.dir/Users/erensoylu/.pico-sdk/sdk/1.5.1/src/rp2_common/hardware_irq/irq.c.obj
                0x10000578                irq_get_vtable_handler
 .text.irq_has_shared_handler
                0x10000588       0x24 CMakeFiles/basics.dir/Users/erensoylu/.pico-sdk/sdk/1.5.1/src/rp2_common/hardware_irq/irq.c.obj
                0x10000588                irq_has_shared_handler
 .text.irq_set_exclusive_handler
                0x100005ac       0x54 CMakeFiles/basics.dir/Users/erensoylu/.pico-sdk/sdk/1.5.1/src/rp2_common/hardware_irq/irq.c.obj
                0x100005ac                irq_set_exclusive_handler
 .text.irq_add_shared_handler
                0x10000600      0x210 CMakeFiles/basics.dir/Users/erensoylu/.pico-sdk/sdk/1.5.1/src/rp2_common/hardware_irq/irq.c.obj
                0x10000600                irq_add_shared_handler
 .text.irq_remove_handler
                0x10000810      0x188 CMakeFiles/basics.dir/Users/erensoylu/.pico-sdk/sdk/1.5.1/src/rp2_common/hardware_irq/irq.c.obj
                0x10000810                irq_remove_handler
 .text.irq_add_tail_to_free_list
                0x10000998       0xf0 CMakeFiles/basics.dir/Users/erensoylu/.pico-sdk/sdk/1.5.1/src/rp2_common/hardware_irq/irq.c.obj
                0x10000998                irq_add_tail_to_free_list
 .text.irq_init_priorities
                0x10000a88       0x1c CMakeFiles/basics.dir/Users/erensoylu/.pico-sdk/sdk/1.5.1/src/rp2_common/hardware_irq/irq.c.obj
                0x10000a88                irq_init_priorities
 .text.user_irq_claim_unused
                0x10000aa4       0x2c CMakeFiles/basics.dir/Users/erensoylu/.pico-sdk/sdk/1.5.1/src/rp2_common/hardware_irq/irq.c.obj
                0x10000aa4                user_irq_claim_unused
 .text.lock_init
                0x10000ad0       0x10 CMakeFiles/basics.dir/Users/erensoylu/.pico-sdk/sdk/1.5.1/src/common/pico_sync/lock_core.c.obj
                0x10000ad0                lock_init
 .text.update_us_since_boot
                0x10000ae0       0x24 CMakeFiles/basics.dir/Users/erensoylu/.pico-sdk/sdk/1.5.1/src/common/pico_sync/mutex.c.obj
 .text.delayed_by_ms
                0x10000b04       0x44 CMakeFiles/basics.dir/Users/erensoylu/.pico-sdk/sdk/1.5.1/src/common/pico_sync/mutex.c.obj
 .text.get_absolute_time
                0x10000b48       0x22 CMakeFiles/basics.dir/Users/erensoylu/.pico-sdk/sdk/1.5.1/src/common/pico_sync/mutex.c.obj
 .text.make_timeout_time_ms
                0x10000b6a       0x20 CMakeFiles/basics.dir/Users/erensoylu/.pico-sdk/sdk/1.5.1/src/common/pico_sync/mutex.c.obj
 .text.mutex_init
                0x10000b8a       0x1a CMakeFiles/basics.dir/Users/erensoylu/.pico-sdk/sdk/1.5.1/src/common/pico_sync/mutex.c.obj
                0x10000b8a                mutex_init
 .text.recursive_mutex_init
                0x10000ba4       0x1e CMakeFiles/basics.dir/Users/erensoylu/.pico-sdk/sdk/1.5.1/src/common/pico_sync/mutex.c.obj
                0x10000ba4                recursive_mutex_init
 *fill*         0x10000bc2        0x2 
 .text.critical_section_init_with_lock_num
                0x10000bc4       0x14 CMakeFiles/basics.dir/Users/erensoylu/.pico-sdk/sdk/1.5.1/src/common/pico_sync/critical_section.c.obj
                0x10000bc4                critical_section_init_with_lock_num
 .text.critical_section_init
                0x10000bd8       0x14 CMakeFiles/basics.dir/Users/erensoylu/.pico-sdk/sdk/1.5.1/src/common/pico_sync/critical_section.c.obj
                0x10000bd8                critical_section_init
 .text.time_reached
                0x10000bec       0x28 CMakeFiles/basics.dir/Users/erensoylu/.pico-sdk/sdk/1.5.1/src/common/pico_time/time.c.obj
 .text.get_entry
                0x10000c14       0x38 CMakeFiles/basics.dir/Users/erensoylu/.pico-sdk/sdk/1.5.1/src/common/pico_time/time.c.obj
 .text.timer_pool_entry_comparator
                0x10000c4c       0x2e CMakeFiles/basics.dir/Users/erensoylu/.pico-sdk/sdk/1.5.1/src/common/pico_time/time.c.obj
                0x10000c4c                timer_pool_entry_comparator
 *fill*         0x10000c7a        0x2 
 .text.update_us_since_boot
                0x10000c7c       0x24 CMakeFiles/basics.dir/Users/erensoylu/.pico-sdk/sdk/1.5.1/src/common/pico_time/time.c.obj
 .text.delayed_by_us
                0x10000ca0       0x34 CMakeFiles/basics.dir/Users/erensoylu/.pico-sdk/sdk/1.5.1/src/common/pico_time/time.c.obj
 .text.ph_get_node
                0x10000cd4       0x30 CMakeFiles/basics.dir/Users/erensoylu/.pico-sdk/sdk/1.5.1/src/common/pico_time/time.c.obj
 .text.ph_contains_node
                0x10000d04       0x1e CMakeFiles/basics.dir/Users/erensoylu/.pico-sdk/sdk/1.5.1/src/common/pico_time/time.c.obj
 .text.ph_new_node
                0x10000d22       0x28 CMakeFiles/basics.dir/Users/erensoylu/.pico-sdk/sdk/1.5.1/src/common/pico_time/time.c.obj
 *fill*         0x10000d4a        0x2 
 .text.ph_add_child_node
                0x10000d4c       0x6c CMakeFiles/basics.dir/Users/erensoylu/.pico-sdk/sdk/1.5.1/src/common/pico_time/time.c.obj
 .text.ph_merge_nodes
                0x10000db8       0x3e CMakeFiles/basics.dir/Users/erensoylu/.pico-sdk/sdk/1.5.1/src/common/pico_time/time.c.obj
 *fill*         0x10000df6        0x2 
 .text.ph_insert_node
                0x10000df8       0x3c CMakeFiles/basics.dir/Users/erensoylu/.pico-sdk/sdk/1.5.1/src/common/pico_time/time.c.obj
 .text.ph_free_node
                0x10000e34       0x5c CMakeFiles/basics.dir/Users/erensoylu/.pico-sdk/sdk/1.5.1/src/common/pico_time/time.c.obj
 .text.get_entry_id_high
                0x10000e90       0x30 CMakeFiles/basics.dir/Users/erensoylu/.pico-sdk/sdk/1.5.1/src/common/pico_time/time.c.obj
 .text.alarm_pool_post_alloc_init
                0x10000ec0       0x40 CMakeFiles/basics.dir/Users/erensoylu/.pico-sdk/sdk/1.5.1/src/common/pico_time/time.c.obj
 .text.sleep_until_callback
                0x10000f00       0x30 CMakeFiles/basics.dir/Users/erensoylu/.pico-sdk/sdk/1.5.1/src/common/pico_time/time.c.obj
 .text.get_absolute_time
                0x10000f30       0x22 CMakeFiles/basics.dir/Users/erensoylu/.pico-sdk/sdk/1.5.1/src/common/pico_time/time.c.obj
 .text.make_timeout_time_us
                0x10000f52       0x24 CMakeFiles/basics.dir/Users/erensoylu/.pico-sdk/sdk/1.5.1/src/common/pico_time/time.c.obj
 *fill*         0x10000f76        0x2 
 .text.add_alarm_under_lock
                0x10000f78       0x94 CMakeFiles/basics.dir/Users/erensoylu/.pico-sdk/sdk/1.5.1/src/common/pico_time/time.c.obj
 .text.alarm_pool_alarm_callback
                0x1000100c      0x210 CMakeFiles/basics.dir/Users/erensoylu/.pico-sdk/sdk/1.5.1/src/common/pico_time/time.c.obj
 .text.alarm_pool_init_default
                0x1000121c       0x40 CMakeFiles/basics.dir/Users/erensoylu/.pico-sdk/sdk/1.5.1/src/common/pico_time/time.c.obj
                0x1000121c                alarm_pool_init_default
 .text.alarm_pool_get_default
                0x1000125c       0x2c CMakeFiles/basics.dir/Users/erensoylu/.pico-sdk/sdk/1.5.1/src/common/pico_time/time.c.obj
                0x1000125c                alarm_pool_get_default
 .text.alarm_pool_add_alarm_at
                0x10001288      0x10e CMakeFiles/basics.dir/Users/erensoylu/.pico-sdk/sdk/1.5.1/src/common/pico_time/time.c.obj
                0x10001288                alarm_pool_add_alarm_at
 .text.add_alarm_at
                0x10001396       0x2e CMakeFiles/basics.dir/Users/erensoylu/.pico-sdk/sdk/1.5.1/src/common/pico_time/time.c.obj
 .text.alarm_pool_cancel_alarm
                0x100013c4       0xa8 CMakeFiles/basics.dir/Users/erensoylu/.pico-sdk/sdk/1.5.1/src/common/pico_time/time.c.obj
                0x100013c4                alarm_pool_cancel_alarm
 .text.cancel_alarm
                0x1000146c       0x10 CMakeFiles/basics.dir/Users/erensoylu/.pico-sdk/sdk/1.5.1/src/common/pico_time/time.c.obj
 .text.alarm_pool_core_num
                0x1000147c        0x4 CMakeFiles/basics.dir/Users/erensoylu/.pico-sdk/sdk/1.5.1/src/common/pico_time/time.c.obj
                0x1000147c                alarm_pool_core_num
 .text.sleep_until
                0x10001480       0xb0 CMakeFiles/basics.dir/Users/erensoylu/.pico-sdk/sdk/1.5.1/src/common/pico_time/time.c.obj
                0x10001480                sleep_until
 .text.sleep_us
                0x10001530       0x1a CMakeFiles/basics.dir/Users/erensoylu/.pico-sdk/sdk/1.5.1/src/common/pico_time/time.c.obj
                0x10001530                sleep_us
 .text.sleep_ms
                0x1000154a       0x14 CMakeFiles/basics.dir/Users/erensoylu/.pico-sdk/sdk/1.5.1/src/common/pico_time/time.c.obj
                0x1000154a                sleep_ms
 *fill*         0x1000155e        0x2 
 .text.best_effort_wfe_or_timeout
                0x10001560       0x44 CMakeFiles/basics.dir/Users/erensoylu/.pico-sdk/sdk/1.5.1/src/common/pico_time/time.c.obj
                0x10001560                best_effort_wfe_or_timeout
 .text.hardware_alarm_irq_handler
                0x100015a4       0x8c CMakeFiles/basics.dir/Users/erensoylu/.pico-sdk/sdk/1.5.1/src/rp2_common/hardware_timer/timer.c.obj
 .text.hardware_alarm_claim
                0x10001630       0x18 CMakeFiles/basics.dir/Users/erensoylu/.pico-sdk/sdk/1.5.1/src/rp2_common/hardware_timer/timer.c.obj
                0x10001630                hardware_alarm_claim
 .text.time_us_64
                0x10001648       0x18 CMakeFiles/basics.dir/Users/erensoylu/.pico-sdk/sdk/1.5.1/src/rp2_common/hardware_timer/timer.c.obj
                0x10001648                time_us_64
 .text.busy_wait_until
                0x10001660       0x28 CMakeFiles/basics.dir/Users/erensoylu/.pico-sdk/sdk/1.5.1/src/rp2_common/hardware_timer/timer.c.obj
                0x10001660                busy_wait_until
 .text.hardware_alarm_set_callback
                0x10001688       0x90 CMakeFiles/basics.dir/Users/erensoylu/.pico-sdk/sdk/1.5.1/src/rp2_common/hardware_timer/timer.c.obj
                0x10001688                hardware_alarm_set_callback
 .text.hardware_alarm_set_target
                0x10001718       0xe8 CMakeFiles/basics.dir/Users/erensoylu/.pico-sdk/sdk/1.5.1/src/rp2_common/hardware_timer/timer.c.obj
                0x10001718                hardware_alarm_set_target
 .text.hardware_alarm_cancel
                0x10001800       0x40 CMakeFiles/basics.dir/Users/erensoylu/.pico-sdk/sdk/1.5.1/src/rp2_common/hardware_timer/timer.c.obj
                0x10001800                hardware_alarm_cancel
 .text.ph_get_node
                0x10001840       0x30 CMakeFiles/basics.dir/Users/erensoylu/.pico-sdk/sdk/1.5.1/src/common/pico_util/pheap.c.obj
 .text.ph_add_child_node
                0x10001870       0x6c CMakeFiles/basics.dir/Users/erensoylu/.pico-sdk/sdk/1.5.1/src/common/pico_util/pheap.c.obj
 .text.ph_merge_nodes
                0x100018dc       0x3e CMakeFiles/basics.dir/Users/erensoylu/.pico-sdk/sdk/1.5.1/src/common/pico_util/pheap.c.obj
 .text.ph_clear
                0x1000191a       0x34 CMakeFiles/basics.dir/Users/erensoylu/.pico-sdk/sdk/1.5.1/src/common/pico_util/pheap.c.obj
                0x1000191a                ph_clear
 .text.ph_post_alloc_init
                0x1000194e        0xe CMakeFiles/basics.dir/Users/erensoylu/.pico-sdk/sdk/1.5.1/src/common/pico_util/pheap.c.obj
                0x1000194e                ph_post_alloc_init
 .text.ph_merge_two_pass
                0x1000195c       0x5c CMakeFiles/basics.dir/Users/erensoylu/.pico-sdk/sdk/1.5.1/src/common/pico_util/pheap.c.obj
                0x1000195c                ph_merge_two_pass
 .text.ph_remove_any_head
                0x100019b8       0xc0 CMakeFiles/basics.dir/Users/erensoylu/.pico-sdk/sdk/1.5.1/src/common/pico_util/pheap.c.obj
 .text.ph_remove_head
                0x10001a78       0x14 CMakeFiles/basics.dir/Users/erensoylu/.pico-sdk/sdk/1.5.1/src/common/pico_util/pheap.c.obj
                0x10001a78                ph_remove_head
 .text.ph_remove_and_free_node
                0x10001a8c       0xa0 CMakeFiles/basics.dir/Users/erensoylu/.pico-sdk/sdk/1.5.1/src/common/pico_util/pheap.c.obj
                0x10001a8c                ph_remove_and_free_node
 .text.clock_configure
                0x10001b2c      0x108 CMakeFiles/basics.dir/Users/erensoylu/.pico-sdk/sdk/1.5.1/src/rp2_common/hardware_clocks/clocks.c.obj
                0x10001b2c                clock_configure
 .text.clocks_init
                0x10001c34      0x100 CMakeFiles/basics.dir/Users/erensoylu/.pico-sdk/sdk/1.5.1/src/rp2_common/hardware_clocks/clocks.c.obj
                0x10001c34                clocks_init
 .text.pll_init
                0x10001d34      0x120 CMakeFiles/basics.dir/Users/erensoylu/.pico-sdk/sdk/1.5.1/src/rp2_common/hardware_pll/pll.c.obj
                0x10001d34                pll_init
 .text.watchdog_start_tick
                0x10001e54       0x10 CMakeFiles/basics.dir/Users/erensoylu/.pico-sdk/sdk/1.5.1/src/rp2_common/hardware_watchdog/watchdog.c.obj
                0x10001e54                watchdog_start_tick
 .text.watchdog_update
                0x10001e64       0x14 CMakeFiles/basics.dir/Users/erensoylu/.pico-sdk/sdk/1.5.1/src/rp2_common/hardware_watchdog/watchdog.c.obj
                0x10001e64                watchdog_update
 .text._watchdog_enable
                0x10001e78       0x78 CMakeFiles/basics.dir/Users/erensoylu/.pico-sdk/sdk/1.5.1/src/rp2_common/hardware_watchdog/watchdog.c.obj
                0x10001e78                _watchdog_enable
 .text.watchdog_reboot
                0x10001ef0       0x48 CMakeFiles/basics.dir/Users/erensoylu/.pico-sdk/sdk/1.5.1/src/rp2_common/hardware_watchdog/watchdog.c.obj
                0x10001ef0                watchdog_reboot
 .text.xosc_init
                0x10001f38       0x28 CMakeFiles/basics.dir/Users/erensoylu/.pico-sdk/sdk/1.5.1/src/rp2_common/hardware_xosc/xosc.c.obj
                0x10001f38                xosc_init
 .text._exit    0x10001f60        0x4 CMakeFiles/basics.dir/Users/erensoylu/.pico-sdk/sdk/1.5.1/src/rp2_common/pico_runtime/runtime.c.obj
                0x10001f60                _exit
 .text.exit     0x10001f64        0x6 CMakeFiles/basics.dir/Users/erensoylu/.pico-sdk/sdk/1.5.1/src/rp2_common/pico_runtime/runtime.c.obj
                0x10001f64                exit
 *fill*         0x10001f6a        0x2 
 .text.__assert_func
                0x10001f6c       0x38 CMakeFiles/basics.dir/Users/erensoylu/.pico-sdk/sdk/1.5.1/src/rp2_common/pico_runtime/runtime.c.obj
                0x10001f6c                __assert_func
 .text.runtime_init
                0x10001fa4       0xf8 CMakeFiles/basics.dir/Users/erensoylu/.pico-sdk/sdk/1.5.1/src/rp2_common/pico_runtime/runtime.c.obj
                0x10001fa4                runtime_init
 .text.panic    0x1000209c       0x30 CMakeFiles/basics.dir/Users/erensoylu/.pico-sdk/sdk/1.5.1/src/rp2_common/pico_runtime/runtime.c.obj
                0x1000209c                panic
 .text._out_null
                0x100020cc        0x2 CMakeFiles/basics.dir/Users/erensoylu/.pico-sdk/sdk/1.5.1/src/rp2_common/pico_printf/printf.c.obj
 .text._out_fct
                0x100020ce        0xe CMakeFiles/basics.dir/Users/erensoylu/.pico-sdk/sdk/1.5.1/src/rp2_common/pico_printf/printf.c.obj
 .text._atoi    0x100020dc       0x24 CMakeFiles/basics.dir/Users/erensoylu/.pico-sdk/sdk/1.5.1/src/rp2_common/pico_printf/printf.c.obj
 .text._out_rev
                0x10002100       0xae CMakeFiles/basics.dir/Users/erensoylu/.pico-sdk/sdk/1.5.1/src/rp2_common/pico_printf/printf.c.obj
 .text._ntoa_format
                0x100021ae      0x110 CMakeFiles/basics.dir/Users/erensoylu/.pico-sdk/sdk/1.5.1/src/rp2_common/pico_printf/printf.c.obj
 .text._ntoa_long
                0x100022be       0xbc CMakeFiles/basics.dir/Users/erensoylu/.pico-sdk/sdk/1.5.1/src/rp2_common/pico_printf/printf.c.obj
 .text._ntoa_long_long
                0x1000237a      0x10e CMakeFiles/basics.dir/Users/erensoylu/.pico-sdk/sdk/1.5.1/src/rp2_common/pico_printf/printf.c.obj
 .text._etoa    0x10002488      0x420 CMakeFiles/basics.dir/Users/erensoylu/.pico-sdk/sdk/1.5.1/src/rp2_common/pico_printf/printf.c.obj
 .text._ftoa    0x100028a8      0x354 CMakeFiles/basics.dir/Users/erensoylu/.pico-sdk/sdk/1.5.1/src/rp2_common/pico_printf/printf.c.obj
 .text._vsnprintf
                0x10002bfc      0x668 CMakeFiles/basics.dir/Users/erensoylu/.pico-sdk/sdk/1.5.1/src/rp2_common/pico_printf/printf.c.obj
 .text.vfctprintf
                0x10003264       0x20 CMakeFiles/basics.dir/Users/erensoylu/.pico-sdk/sdk/1.5.1/src/rp2_common/pico_printf/printf.c.obj
                0x10003264                vfctprintf
 .text          0x10003284       0x10 CMakeFiles/basics.dir/Users/erensoylu/.pico-sdk/sdk/1.5.1/src/rp2_common/pico_bit_ops/bit_ops_aeabi.S.obj
 .text.rom_func_lookup
                0x10003294       0x10 CMakeFiles/basics.dir/Users/erensoylu/.pico-sdk/sdk/1.5.1/src/rp2_common/pico_bootrom/bootrom.c.obj
                0x10003294                rom_func_lookup
 .text.rom_data_lookup
                0x100032a4       0x10 CMakeFiles/basics.dir/Users/erensoylu/.pico-sdk/sdk/1.5.1/src/rp2_common/pico_bootrom/bootrom.c.obj
                0x100032a4                rom_data_lookup
 .text.rom_funcs_lookup
                0x100032b4       0x36 CMakeFiles/basics.dir/Users/erensoylu/.pico-sdk/sdk/1.5.1/src/rp2_common/pico_bootrom/bootrom.c.obj
                0x100032b4                rom_funcs_lookup
 *fill*         0x100032ea        0x2 
 .text.__wrap___aeabi_idiv
                0x100032ec       0x50 CMakeFiles/basics.dir/Users/erensoylu/.pico-sdk/sdk/1.5.1/src/rp2_common/pico_divider/divider.S.obj
                0x100032ec                __wrap___aeabi_idivmod
                0x100032ec                divmod_s32s32
                0x100032ec                div_s32s32
                0x100032ec                __wrap___aeabi_idiv
                0x100032f4                divmod_s32s32_unsafe
                0x10003320                divmod_s32s32_savestate
 .text.__wrap___aeabi_uidiv
                0x1000333c       0x4c CMakeFiles/basics.dir/Users/erensoylu/.pico-sdk/sdk/1.5.1/src/rp2_common/pico_divider/divider.S.obj
                0x1000333c                __wrap___aeabi_uidiv
                0x1000333c                __wrap___aeabi_uidivmod
                0x1000333c                div_u32u32
                0x1000333c                divmod_u32u32
                0x10003344                divmod_u32u32_unsafe
                0x1000336c                divmod_u32u32_savestate
 .text.__wrap___aeabi_ldiv
                0x10003388      0x424 CMakeFiles/basics.dir/Users/erensoylu/.pico-sdk/sdk/1.5.1/src/rp2_common/pico_divider/divider.S.obj
                0x10003388                __wrap___aeabi_ldivmod
                0x10003388                div_s64s64
                0x10003388                divmod_s64s64
                0x100033b8                divmod_u64u64
                0x100033b8                div_u64u64
                0x100033b8                __wrap___aeabi_uldivmod
                0x100033c8                divmod_u64u64_savestate
                0x100033e8                divmod_s64s64_unsafe
                0x10003470                divmod_u64u64_unsafe
 .text.__wrap___aeabi_darithmetic
                0x100037ac       0x80 CMakeFiles/basics.dir/Users/erensoylu/.pico-sdk/sdk/1.5.1/src/rp2_common/pico_double/double_aeabi.S.obj
                0x100037ac                __wrap___aeabi_drsub
                0x100037b2                __wrap___aeabi_dsub
                0x100037c4                __wrap___aeabi_dadd
                0x100037d6                __wrap___aeabi_ddiv
                0x10003812                __wrap___aeabi_dmul
 .text.__wrap___aeabi_cdcmple
                0x1000382c       0x6c CMakeFiles/basics.dir/Users/erensoylu/.pico-sdk/sdk/1.5.1/src/rp2_common/pico_double/double_aeabi.S.obj
                0x1000382c                __wrap___aeabi_cdrcmple
                0x1000383c                __wrap___aeabi_cdcmple
                0x1000383c                __wrap___aeabi_cdcmpeq
 .text.__wrap___aeabi_dcmplt
                0x10003898        0xc CMakeFiles/basics.dir/Users/erensoylu/.pico-sdk/sdk/1.5.1/src/rp2_common/pico_double/double_aeabi.S.obj
                0x10003898                __wrap___aeabi_dcmplt
 .text.__wrap___aeabi_dcmple
                0x100038a4       0x10 CMakeFiles/basics.dir/Users/erensoylu/.pico-sdk/sdk/1.5.1/src/rp2_common/pico_double/double_aeabi.S.obj
                0x100038a4                __wrap___aeabi_dcmple
 .text.__wrap___aeabi_dcmpge
                0x100038b4       0x10 CMakeFiles/basics.dir/Users/erensoylu/.pico-sdk/sdk/1.5.1/src/rp2_common/pico_double/double_aeabi.S.obj
                0x100038b4                __wrap___aeabi_dcmpge
 .text.__wrap___aeabi_dcmpgt
                0x100038c4        0xa CMakeFiles/basics.dir/Users/erensoylu/.pico-sdk/sdk/1.5.1/src/rp2_common/pico_double/double_aeabi.S.obj
                0x100038c4                __wrap___aeabi_dcmpgt
 .text.__wrap___aeabi_dcmpun
                0x100038ce       0x1c CMakeFiles/basics.dir/Users/erensoylu/.pico-sdk/sdk/1.5.1/src/rp2_common/pico_double/double_aeabi.S.obj
                0x100038ce                __wrap___aeabi_dcmpun
 *fill*         0x100038ea        0x2 
 .text.__wrap___aeabi_i2d
                0x100038ec       0x38 CMakeFiles/basics.dir/Users/erensoylu/.pico-sdk/sdk/1.5.1/src/rp2_common/pico_double/double_aeabi.S.obj
                0x100038ec                __wrap___aeabi_ui2d
                0x100038f4                __wrap___aeabi_i2d
 .text.__wrap___aeabi_d2iz
                0x10003924       0x48 CMakeFiles/basics.dir/Users/erensoylu/.pico-sdk/sdk/1.5.1/src/rp2_common/pico_double/double_aeabi.S.obj
                0x10003924                __wrap___aeabi_d2iz
                0x10003924                double2int_z
 .text.__wrap___aeabi_d2uiz
                0x1000396c       0x18 CMakeFiles/basics.dir/Users/erensoylu/.pico-sdk/sdk/1.5.1/src/rp2_common/pico_double/double_aeabi.S.obj
                0x1000396c                double2uint
                0x1000396c                __wrap___aeabi_d2uiz
 .text.__aeabi_double_init
                0x10003984       0xcc CMakeFiles/basics.dir/Users/erensoylu/.pico-sdk/sdk/1.5.1/src/rp2_common/pico_double/double_init_rom.c.obj
                0x10003984                __aeabi_double_init
 .text.double_table_shim_on_use_helper
                0x10003a50       0x34 CMakeFiles/basics.dir/Users/erensoylu/.pico-sdk/sdk/1.5.1/src/rp2_common/pico_double/double_v1_rom_shim.S.obj
                0x10003a50                double_table_shim_on_use_helper
 .text.__wrap___aeabi_dsub
                0x10003a84       0x10 CMakeFiles/basics.dir/Users/erensoylu/.pico-sdk/sdk/1.5.1/src/rp2_common/pico_double/double_v1_rom_shim.S.obj
                0x10003a84                drsub_shim
                0x10003a8a                dsub_shim
 .text.dadd_shim
                0x10003a94      0x15c CMakeFiles/basics.dir/Users/erensoylu/.pico-sdk/sdk/1.5.1/src/rp2_common/pico_double/double_v1_rom_shim.S.obj
                0x10003a94                dadd_shim
 .text.dmul_shim
                0x10003bf0      0x15c CMakeFiles/basics.dir/Users/erensoylu/.pico-sdk/sdk/1.5.1/src/rp2_common/pico_double/double_v1_rom_shim.S.obj
                0x10003bf0                dmul_shim
 .text.ddiv_shim
                0x10003d4c      0x1b0 CMakeFiles/basics.dir/Users/erensoylu/.pico-sdk/sdk/1.5.1/src/rp2_common/pico_double/double_v1_rom_shim.S.obj
                0x10003d4c                ddiv_shim
 .text.double2uint_shim
                0x10003efc        0xe CMakeFiles/basics.dir/Users/erensoylu/.pico-sdk/sdk/1.5.1/src/rp2_common/pico_double/double_v1_rom_shim.S.obj
                0x10003efc                double2uint_shim
                0x10003efe                double2ufix_shim
 *fill*         0x10003f0a        0x2 
 .text.double2uint64_shim
                0x10003f0c       0x70 CMakeFiles/basics.dir/Users/erensoylu/.pico-sdk/sdk/1.5.1/src/rp2_common/pico_double/double_v1_rom_shim.S.obj
                0x10003f0c                double2uint64_shim
                0x10003f0e                double2ufix64_shim
                0x10003f2e                d2fix_a
 .text.dunpacks
                0x10003f7c       0x3c CMakeFiles/basics.dir/Users/erensoylu/.pico-sdk/sdk/1.5.1/src/rp2_common/pico_double/double_v1_rom_shim.S.obj
                0x10003f7c                dunpacks
 .text.__aeabi_lmul
                0x10003fb8       0x32 CMakeFiles/basics.dir/Users/erensoylu/.pico-sdk/sdk/1.5.1/src/rp2_common/pico_int64_ops/pico_int64_ops_aeabi.S.obj
                0x10003fb8                __wrap___aeabi_lmul
 *fill*         0x10003fea        0x2 
 .text.__aeabi_float_init
                0x10003fec       0xfc CMakeFiles/basics.dir/Users/erensoylu/.pico-sdk/sdk/1.5.1/src/rp2_common/pico_float/float_init_rom.c.obj
                0x10003fec                __aeabi_float_init
 .text.float_table_shim_on_use_helper
                0x100040e8       0x34 CMakeFiles/basics.dir/Users/erensoylu/.pico-sdk/sdk/1.5.1/src/rp2_common/pico_float/float_v1_rom_shim.S.obj
                0x100040e8                float_table_shim_on_use_helper
 .text          0x1000411c       0x10 CMakeFiles/basics.dir/Users/erensoylu/.pico-sdk/sdk/1.5.1/src/rp2_common/pico_mem_ops/mem_ops_aeabi.S.obj
                0x1000411c                __aeabi_mem_init
 .text.memset   0x1000412c        0xc CMakeFiles/basics.dir/Users/erensoylu/.pico-sdk/sdk/1.5.1/src/rp2_common/pico_mem_ops/mem_ops_aeabi.S.obj
                0x1000412c                __wrap_memset
 .text.memcpy   0x10004138        0xc CMakeFiles/basics.dir/Users/erensoylu/.pico-sdk/sdk/1.5.1/src/rp2_common/pico_mem_ops/mem_ops_aeabi.S.obj
                0x10004138                __wrap___aeabi_memcpy
                0x10004138                __wrap_memcpy
 .text.stdio_out_chars_no_crlf
                0x10004144        0xe CMakeFiles/basics.dir/Users/erensoylu/.pico-sdk/sdk/1.5.1/src/rp2_common/pico_stdio/stdio.c.obj
 *fill*         0x10004152        0x2 
 .text.stdio_out_chars_crlf
                0x10004154       0x80 CMakeFiles/basics.dir/Users/erensoylu/.pico-sdk/sdk/1.5.1/src/rp2_common/pico_stdio/stdio.c.obj
 .text.stdio_stack_buffer_flush
                0x100041d4       0x44 CMakeFiles/basics.dir/Users/erensoylu/.pico-sdk/sdk/1.5.1/src/rp2_common/pico_stdio/stdio.c.obj
 .text.stdio_buffered_printer
                0x10004218       0x20 CMakeFiles/basics.dir/Users/erensoylu/.pico-sdk/sdk/1.5.1/src/rp2_common/pico_stdio/stdio.c.obj
 .text.update_us_since_boot
                0x10004238       0x24 CMakeFiles/basics.dir/Users/erensoylu/.pico-sdk/sdk/1.5.1/src/rp2_common/pico_stdio/stdio.c.obj
 .text.get_absolute_time
                0x1000425c       0x22 CMakeFiles/basics.dir/Users/erensoylu/.pico-sdk/sdk/1.5.1/src/rp2_common/pico_stdio/stdio.c.obj
 *fill*         0x1000427e        0x2 
 .text.delayed_by_ms
                0x10004280       0x44 CMakeFiles/basics.dir/Users/erensoylu/.pico-sdk/sdk/1.5.1/src/rp2_common/pico_stdio/stdio.c.obj
 .text.make_timeout_time_ms
                0x100042c4       0x20 CMakeFiles/basics.dir/Users/erensoylu/.pico-sdk/sdk/1.5.1/src/rp2_common/pico_stdio/stdio.c.obj
 .text.stdout_serialize_begin
                0x100042e4       0x20 CMakeFiles/basics.dir/Users/erensoylu/.pico-sdk/sdk/1.5.1/src/rp2_common/pico_stdio/stdio.c.obj
                0x100042e4                stdout_serialize_begin
 .text.stdout_serialize_end
                0x10004304       0x10 CMakeFiles/basics.dir/Users/erensoylu/.pico-sdk/sdk/1.5.1/src/rp2_common/pico_stdio/stdio.c.obj
                0x10004304                stdout_serialize_end
 .text.stdio_put_string
                0x10004314       0x98 CMakeFiles/basics.dir/Users/erensoylu/.pico-sdk/sdk/1.5.1/src/rp2_common/pico_stdio/stdio.c.obj
 .text.stdio_set_driver_enabled
                0x100043ac       0x2c CMakeFiles/basics.dir/Users/erensoylu/.pico-sdk/sdk/1.5.1/src/rp2_common/pico_stdio/stdio.c.obj
                0x100043ac                stdio_set_driver_enabled
 .text.stdio_flush
                0x100043d8       0x20 CMakeFiles/basics.dir/Users/erensoylu/.pico-sdk/sdk/1.5.1/src/rp2_common/pico_stdio/stdio.c.obj
                0x100043d8                stdio_flush
 .text.__wrap_puts
                0x100043f8       0x1e CMakeFiles/basics.dir/Users/erensoylu/.pico-sdk/sdk/1.5.1/src/rp2_common/pico_stdio/stdio.c.obj
                0x100043f8                __wrap_puts
 *fill*         0x10004416        0x2 
 .text.__wrap_vprintf
                0x10004418       0x40 CMakeFiles/basics.dir/Users/erensoylu/.pico-sdk/sdk/1.5.1/src/rp2_common/pico_stdio/stdio.c.obj
                0x10004418                __wrap_vprintf
 .text.__wrap_printf
                0x10004458       0x18 CMakeFiles/basics.dir/Users/erensoylu/.pico-sdk/sdk/1.5.1/src/rp2_common/pico_stdio/stdio.c.obj
                0x10004458                __wrap_printf
 .text.stdio_init_all
                0x10004470        0x8 CMakeFiles/basics.dir/Users/erensoylu/.pico-sdk/sdk/1.5.1/src/rp2_common/pico_stdio/stdio.c.obj
                0x10004470                stdio_init_all
 .text.resetd_init
                0x10004478        0x2 CMakeFiles/basics.dir/Users/erensoylu/.pico-sdk/sdk/1.5.1/src/rp2_common/pico_stdio_usb/reset_interface.c.obj
 *fill*         0x1000447a        0x2 
 .text.resetd_reset
                0x1000447c        0xc CMakeFiles/basics.dir/Users/erensoylu/.pico-sdk/sdk/1.5.1/src/rp2_common/pico_stdio_usb/reset_interface.c.obj
 .text.resetd_open
                0x10004488       0x34 CMakeFiles/basics.dir/Users/erensoylu/.pico-sdk/sdk/1.5.1/src/rp2_common/pico_stdio_usb/reset_interface.c.obj
 .text.resetd_xfer_cb
                0x100044bc        0x4 CMakeFiles/basics.dir/Users/erensoylu/.pico-sdk/sdk/1.5.1/src/rp2_common/pico_stdio_usb/reset_interface.c.obj
 .text.reset_usb_boot
                0x100044c0       0x18 CMakeFiles/basics.dir/Users/erensoylu/.pico-sdk/sdk/1.5.1/src/rp2_common/pico_stdio_usb/reset_interface.c.obj
 .text.resetd_control_xfer_cb
                0x100044d8       0x5c CMakeFiles/basics.dir/Users/erensoylu/.pico-sdk/sdk/1.5.1/src/rp2_common/pico_stdio_usb/reset_interface.c.obj
 .text.usbd_app_driver_get_cb
                0x10004534        0xc CMakeFiles/basics.dir/Users/erensoylu/.pico-sdk/sdk/1.5.1/src/rp2_common/pico_stdio_usb/reset_interface.c.obj
                0x10004534                usbd_app_driver_get_cb
 .text.tud_cdc_line_coding_cb
                0x10004540       0x28 CMakeFiles/basics.dir/Users/erensoylu/.pico-sdk/sdk/1.5.1/src/rp2_common/pico_stdio_usb/reset_interface.c.obj
                0x10004540                tud_cdc_line_coding_cb
 .text.stdio_usb_set_chars_available_callback
                0x10004568       0x14 CMakeFiles/basics.dir/Users/erensoylu/.pico-sdk/sdk/1.5.1/src/rp2_common/pico_stdio_usb/stdio_usb.c.obj
                0x10004568                stdio_usb_set_chars_available_callback
 .text.update_us_since_boot
                0x1000457c       0x24 CMakeFiles/basics.dir/Users/erensoylu/.pico-sdk/sdk/1.5.1/src/rp2_common/pico_stdio_usb/stdio_usb.c.obj
 .text.get_absolute_time
                0x100045a0       0x22 CMakeFiles/basics.dir/Users/erensoylu/.pico-sdk/sdk/1.5.1/src/rp2_common/pico_stdio_usb/stdio_usb.c.obj
 *fill*         0x100045c2        0x2 
 .text.delayed_by_ms
                0x100045c4       0x44 CMakeFiles/basics.dir/Users/erensoylu/.pico-sdk/sdk/1.5.1/src/rp2_common/pico_stdio_usb/stdio_usb.c.obj
 .text.make_timeout_time_ms
                0x10004608       0x20 CMakeFiles/basics.dir/Users/erensoylu/.pico-sdk/sdk/1.5.1/src/rp2_common/pico_stdio_usb/stdio_usb.c.obj
 .text.delayed_by_us
                0x10004628       0x34 CMakeFiles/basics.dir/Users/erensoylu/.pico-sdk/sdk/1.5.1/src/rp2_common/pico_stdio_usb/stdio_usb.c.obj
 .text.usb_irq  0x1000465c       0x10 CMakeFiles/basics.dir/Users/erensoylu/.pico-sdk/sdk/1.5.1/src/rp2_common/pico_stdio_usb/stdio_usb.c.obj
 .text.critical_section_enter_blocking
                0x1000466c       0x16 CMakeFiles/basics.dir/Users/erensoylu/.pico-sdk/sdk/1.5.1/src/rp2_common/pico_stdio_usb/stdio_usb.c.obj
 *fill*         0x10004682        0x2 
 .text.timer_task
                0x10004684       0x4c CMakeFiles/basics.dir/Users/erensoylu/.pico-sdk/sdk/1.5.1/src/rp2_common/pico_stdio_usb/stdio_usb.c.obj
 .text.alarm_pool_add_alarm_in_us
                0x100046d0       0x3a CMakeFiles/basics.dir/Users/erensoylu/.pico-sdk/sdk/1.5.1/src/rp2_common/pico_stdio_usb/stdio_usb.c.obj
 .text.add_alarm_in_us
                0x1000470a       0x2e CMakeFiles/basics.dir/Users/erensoylu/.pico-sdk/sdk/1.5.1/src/rp2_common/pico_stdio_usb/stdio_usb.c.obj
 .text.low_priority_worker_irq
                0x10004738       0x7c CMakeFiles/basics.dir/Users/erensoylu/.pico-sdk/sdk/1.5.1/src/rp2_common/pico_stdio_usb/stdio_usb.c.obj
 .text.tud_cdc_rx_cb
                0x100047b4       0x20 CMakeFiles/basics.dir/Users/erensoylu/.pico-sdk/sdk/1.5.1/src/rp2_common/pico_stdio_usb/stdio_usb.c.obj
                0x100047b4                tud_cdc_rx_cb
 .text.stdio_usb_init
                0x100047d4       0xd0 CMakeFiles/basics.dir/Users/erensoylu/.pico-sdk/sdk/1.5.1/src/rp2_common/pico_stdio_usb/stdio_usb.c.obj
                0x100047d4                stdio_usb_init
 .text.stdio_usb_connected
                0x100048a4        0xa CMakeFiles/basics.dir/Users/erensoylu/.pico-sdk/sdk/1.5.1/src/rp2_common/pico_stdio_usb/stdio_usb.c.obj
                0x100048a4                stdio_usb_connected
 *fill*         0x100048ae        0x2 
 .text.stdio_usb_in_chars
                0x100048b0       0x88 CMakeFiles/basics.dir/Users/erensoylu/.pico-sdk/sdk/1.5.1/src/rp2_common/pico_stdio_usb/stdio_usb.c.obj
                0x100048b0                stdio_usb_in_chars
 .text.stdio_usb_out_chars
                0x10004938       0xd8 CMakeFiles/basics.dir/Users/erensoylu/.pico-sdk/sdk/1.5.1/src/rp2_common/pico_stdio_usb/stdio_usb.c.obj
 .text.tud_descriptor_device_cb
                0x10004a10        0x8 CMakeFiles/basics.dir/Users/erensoylu/.pico-sdk/sdk/1.5.1/src/rp2_common/pico_stdio_usb/stdio_usb_descriptors.c.obj
                0x10004a10                tud_descriptor_device_cb
 .text.tud_descriptor_configuration_cb
                0x10004a18        0x8 CMakeFiles/basics.dir/Users/erensoylu/.pico-sdk/sdk/1.5.1/src/rp2_common/pico_stdio_usb/stdio_usb_descriptors.c.obj
                0x10004a18                tud_descriptor_configuration_cb
 .text.tud_descriptor_string_cb
                0x10004a20       0x6c CMakeFiles/basics.dir/Users/erensoylu/.pico-sdk/sdk/1.5.1/src/rp2_common/pico_stdio_usb/stdio_usb_descriptors.c.obj
                0x10004a20                tud_descriptor_string_cb
 .text._retrieve_unique_id_on_boot
                0x10004a8c       0x10 CMakeFiles/basics.dir/Users/erensoylu/.pico-sdk/sdk/1.5.1/src/rp2_common/pico_unique_id/unique_id.c.obj
 .text.pico_get_unique_board_id_string
                0x10004a9c       0x5c CMakeFiles/basics.dir/Users/erensoylu/.pico-sdk/sdk/1.5.1/src/rp2_common/pico_unique_id/unique_id.c.obj
                0x10004a9c                pico_get_unique_board_id_string
 .text.flash_get_unique_id
                0x10004af8       0x40 CMakeFiles/basics.dir/Users/erensoylu/.pico-sdk/sdk/1.5.1/src/rp2_common/hardware_flash/flash.c.obj
                0x10004af8                flash_get_unique_id
 .text.hw_endpoint_get_by_addr
                0x10004b38       0x18 CMakeFiles/basics.dir/Users/erensoylu/.pico-sdk/sdk/1.5.1/lib/tinyusb/src/portable/raspberrypi/rp2040/dcd_rp2040.c.obj
 .text._hw_endpoint_alloc
                0x10004b50       0x70 CMakeFiles/basics.dir/Users/erensoylu/.pico-sdk/sdk/1.5.1/lib/tinyusb/src/portable/raspberrypi/rp2040/dcd_rp2040.c.obj
 .text.hw_endpoint_init
                0x10004bc0       0x88 CMakeFiles/basics.dir/Users/erensoylu/.pico-sdk/sdk/1.5.1/lib/tinyusb/src/portable/raspberrypi/rp2040/dcd_rp2040.c.obj
 .text.dcd_event_sof
                0x10004c48       0x2c CMakeFiles/basics.dir/Users/erensoylu/.pico-sdk/sdk/1.5.1/lib/tinyusb/src/portable/raspberrypi/rp2040/dcd_rp2040.c.obj
 .text.hw_endpoint_xfer
                0x10004c74       0x14 CMakeFiles/basics.dir/Users/erensoylu/.pico-sdk/sdk/1.5.1/lib/tinyusb/src/portable/raspberrypi/rp2040/dcd_rp2040.c.obj
 .text.dcd_int_enable
                0x10004c88       0x2c CMakeFiles/basics.dir/Users/erensoylu/.pico-sdk/sdk/1.5.1/lib/tinyusb/src/portable/raspberrypi/rp2040/dcd_rp2040.c.obj
                0x10004c88                dcd_int_enable
 .text.dcd_set_address
                0x10004cb4       0x2c CMakeFiles/basics.dir/Users/erensoylu/.pico-sdk/sdk/1.5.1/lib/tinyusb/src/portable/raspberrypi/rp2040/dcd_rp2040.c.obj
                0x10004cb4                dcd_set_address
 .text.dcd_connect
                0x10004ce0       0x10 CMakeFiles/basics.dir/Users/erensoylu/.pico-sdk/sdk/1.5.1/lib/tinyusb/src/portable/raspberrypi/rp2040/dcd_rp2040.c.obj
                0x10004ce0                dcd_connect
 .text.dcd_init
                0x10004cf0       0x80 CMakeFiles/basics.dir/Users/erensoylu/.pico-sdk/sdk/1.5.1/lib/tinyusb/src/portable/raspberrypi/rp2040/dcd_rp2040.c.obj
                0x10004cf0                dcd_init
 .text.dcd_edpt0_status_complete
                0x10004d70       0x1c CMakeFiles/basics.dir/Users/erensoylu/.pico-sdk/sdk/1.5.1/lib/tinyusb/src/portable/raspberrypi/rp2040/dcd_rp2040.c.obj
                0x10004d70                dcd_edpt0_status_complete
 .text.dcd_edpt_open
                0x10004d8c       0x40 CMakeFiles/basics.dir/Users/erensoylu/.pico-sdk/sdk/1.5.1/lib/tinyusb/src/portable/raspberrypi/rp2040/dcd_rp2040.c.obj
                0x10004d8c                dcd_edpt_open
 .text.dcd_edpt_close_all
                0x10004dcc        0x8 CMakeFiles/basics.dir/Users/erensoylu/.pico-sdk/sdk/1.5.1/lib/tinyusb/src/portable/raspberrypi/rp2040/dcd_rp2040.c.obj
                0x10004dcc                dcd_edpt_close_all
 .text.dcd_edpt_xfer
                0x10004dd4       0x34 CMakeFiles/basics.dir/Users/erensoylu/.pico-sdk/sdk/1.5.1/lib/tinyusb/src/portable/raspberrypi/rp2040/dcd_rp2040.c.obj
                0x10004dd4                dcd_edpt_xfer
 .text.dcd_edpt_stall
                0x10004e08       0x2c CMakeFiles/basics.dir/Users/erensoylu/.pico-sdk/sdk/1.5.1/lib/tinyusb/src/portable/raspberrypi/rp2040/dcd_rp2040.c.obj
                0x10004e08                dcd_edpt_stall
 .text.dcd_edpt_clear_stall
                0x10004e34       0x20 CMakeFiles/basics.dir/Users/erensoylu/.pico-sdk/sdk/1.5.1/lib/tinyusb/src/portable/raspberrypi/rp2040/dcd_rp2040.c.obj
                0x10004e34                dcd_edpt_clear_stall
 .text.rp2040_usb_init
                0x10004e54       0x4c CMakeFiles/basics.dir/Users/erensoylu/.pico-sdk/sdk/1.5.1/lib/tinyusb/src/portable/raspberrypi/rp2040/rp2040_usb.c.obj
                0x10004e54                rp2040_usb_init
 .text.hw_endpoint_xfer_start
                0x10004ea0       0x50 CMakeFiles/basics.dir/Users/erensoylu/.pico-sdk/sdk/1.5.1/lib/tinyusb/src/portable/raspberrypi/rp2040/rp2040_usb.c.obj
                0x10004ea0                hw_endpoint_xfer_start
 .text.configuration_reset
                0x10004ef0       0x84 CMakeFiles/basics.dir/Users/erensoylu/.pico-sdk/sdk/1.5.1/lib/tinyusb/src/device/usbd.c.obj
 .text.critical_section_enter_blocking
                0x10004f74       0x16 CMakeFiles/basics.dir/Users/erensoylu/.pico-sdk/sdk/1.5.1/lib/tinyusb/src/device/usbd.c.obj
 .text.usbd_reset
                0x10004f8a        0xc CMakeFiles/basics.dir/Users/erensoylu/.pico-sdk/sdk/1.5.1/lib/tinyusb/src/device/usbd.c.obj
 .text.invoke_class_control
                0x10004f96       0x1a CMakeFiles/basics.dir/Users/erensoylu/.pico-sdk/sdk/1.5.1/lib/tinyusb/src/device/usbd.c.obj
 .text.process_set_config
                0x10004fb0      0x178 CMakeFiles/basics.dir/Users/erensoylu/.pico-sdk/sdk/1.5.1/lib/tinyusb/src/device/usbd.c.obj
 .text.process_get_descriptor
                0x10005128       0xdc CMakeFiles/basics.dir/Users/erensoylu/.pico-sdk/sdk/1.5.1/lib/tinyusb/src/device/usbd.c.obj
 .text.tud_mounted
                0x10005204       0x10 CMakeFiles/basics.dir/Users/erensoylu/.pico-sdk/sdk/1.5.1/lib/tinyusb/src/device/usbd.c.obj
                0x10005204                tud_mounted
 .text.tud_suspended
                0x10005214       0x10 CMakeFiles/basics.dir/Users/erensoylu/.pico-sdk/sdk/1.5.1/lib/tinyusb/src/device/usbd.c.obj
                0x10005214                tud_suspended
 .text.tud_inited
                0x10005224       0x14 CMakeFiles/basics.dir/Users/erensoylu/.pico-sdk/sdk/1.5.1/lib/tinyusb/src/device/usbd.c.obj
                0x10005224                tud_inited
 .text.tud_init
                0x10005238       0xcc CMakeFiles/basics.dir/Users/erensoylu/.pico-sdk/sdk/1.5.1/lib/tinyusb/src/device/usbd.c.obj
                0x10005238                tud_init
 .text.usbd_defer_func
                0x10005304       0x2a CMakeFiles/basics.dir/Users/erensoylu/.pico-sdk/sdk/1.5.1/lib/tinyusb/src/device/usbd.c.obj
                0x10005304                usbd_defer_func
 *fill*         0x1000532e        0x2 
 .text.usbd_edpt_open
                0x10005330       0x34 CMakeFiles/basics.dir/Users/erensoylu/.pico-sdk/sdk/1.5.1/lib/tinyusb/src/device/usbd.c.obj
                0x10005330                usbd_edpt_open
 .text.usbd_open_edpt_pair
                0x10005364       0x62 CMakeFiles/basics.dir/Users/erensoylu/.pico-sdk/sdk/1.5.1/lib/tinyusb/src/device/usbd.c.obj
                0x10005364                usbd_open_edpt_pair
 *fill*         0x100053c6        0x2 
 .text.usbd_edpt_claim
                0x100053c8       0x28 CMakeFiles/basics.dir/Users/erensoylu/.pico-sdk/sdk/1.5.1/lib/tinyusb/src/device/usbd.c.obj
                0x100053c8                usbd_edpt_claim
 .text.usbd_edpt_release
                0x100053f0       0x28 CMakeFiles/basics.dir/Users/erensoylu/.pico-sdk/sdk/1.5.1/lib/tinyusb/src/device/usbd.c.obj
                0x100053f0                usbd_edpt_release
 .text.usbd_edpt_xfer
                0x10005418       0x78 CMakeFiles/basics.dir/Users/erensoylu/.pico-sdk/sdk/1.5.1/lib/tinyusb/src/device/usbd.c.obj
                0x10005418                usbd_edpt_xfer
 .text.usbd_edpt_stall
                0x10005490       0x48 CMakeFiles/basics.dir/Users/erensoylu/.pico-sdk/sdk/1.5.1/lib/tinyusb/src/device/usbd.c.obj
                0x10005490                usbd_edpt_stall
 .text.usbd_edpt_clear_stall
                0x100054d8       0x48 CMakeFiles/basics.dir/Users/erensoylu/.pico-sdk/sdk/1.5.1/lib/tinyusb/src/device/usbd.c.obj
                0x100054d8                usbd_edpt_clear_stall
 .text.usbd_edpt_stalled
                0x10005520       0x1c CMakeFiles/basics.dir/Users/erensoylu/.pico-sdk/sdk/1.5.1/lib/tinyusb/src/device/usbd.c.obj
                0x10005520                usbd_edpt_stalled
 .text.process_control_request
                0x1000553c      0x374 CMakeFiles/basics.dir/Users/erensoylu/.pico-sdk/sdk/1.5.1/lib/tinyusb/src/device/usbd.c.obj
 .text.tud_task_ext
                0x100058b0      0x1a8 CMakeFiles/basics.dir/Users/erensoylu/.pico-sdk/sdk/1.5.1/lib/tinyusb/src/device/usbd.c.obj
                0x100058b0                tud_task_ext
 .text._status_stage_xact
                0x10005a58       0x1a CMakeFiles/basics.dir/Users/erensoylu/.pico-sdk/sdk/1.5.1/lib/tinyusb/src/device/usbd_control.c.obj
 *fill*         0x10005a72        0x2 
 .text._data_stage_xact
                0x10005a74       0x58 CMakeFiles/basics.dir/Users/erensoylu/.pico-sdk/sdk/1.5.1/lib/tinyusb/src/device/usbd_control.c.obj
 .text.tud_control_status
                0x10005acc       0x28 CMakeFiles/basics.dir/Users/erensoylu/.pico-sdk/sdk/1.5.1/lib/tinyusb/src/device/usbd_control.c.obj
                0x10005acc                tud_control_status
 .text.tud_control_xfer
                0x10005af4       0x68 CMakeFiles/basics.dir/Users/erensoylu/.pico-sdk/sdk/1.5.1/lib/tinyusb/src/device/usbd_control.c.obj
                0x10005af4                tud_control_xfer
 .text.usbd_control_reset
                0x10005b5c       0x14 CMakeFiles/basics.dir/Users/erensoylu/.pico-sdk/sdk/1.5.1/lib/tinyusb/src/device/usbd_control.c.obj
                0x10005b5c                usbd_control_reset
 .text.usbd_control_set_complete_callback
                0x10005b70        0xc CMakeFiles/basics.dir/Users/erensoylu/.pico-sdk/sdk/1.5.1/lib/tinyusb/src/device/usbd_control.c.obj
                0x10005b70                usbd_control_set_complete_callback
 .text.usbd_control_set_request
                0x10005b7c       0x1c CMakeFiles/basics.dir/Users/erensoylu/.pico-sdk/sdk/1.5.1/lib/tinyusb/src/device/usbd_control.c.obj
                0x10005b7c                usbd_control_set_request
 .text.usbd_control_xfer_cb
                0x10005b98       0xbc CMakeFiles/basics.dir/Users/erensoylu/.pico-sdk/sdk/1.5.1/lib/tinyusb/src/device/usbd_control.c.obj
                0x10005b98                usbd_control_xfer_cb
 .text._prep_out_transaction
                0x10005c54       0x4a CMakeFiles/basics.dir/Users/erensoylu/.pico-sdk/sdk/1.5.1/lib/tinyusb/src/class/cdc/cdc_device.c.obj
 *fill*         0x10005c9e        0x2 
 .text.tud_cdc_n_connected
                0x10005ca0       0x38 CMakeFiles/basics.dir/Users/erensoylu/.pico-sdk/sdk/1.5.1/lib/tinyusb/src/class/cdc/cdc_device.c.obj
                0x10005ca0                tud_cdc_n_connected
 .text.tud_cdc_n_available
                0x10005cd8       0x18 CMakeFiles/basics.dir/Users/erensoylu/.pico-sdk/sdk/1.5.1/lib/tinyusb/src/class/cdc/cdc_device.c.obj
                0x10005cd8                tud_cdc_n_available
 .text.tud_cdc_n_read
                0x10005cf0       0x28 CMakeFiles/basics.dir/Users/erensoylu/.pico-sdk/sdk/1.5.1/lib/tinyusb/src/class/cdc/cdc_device.c.obj
                0x10005cf0                tud_cdc_n_read
 .text.tud_cdc_n_write_flush
                0x10005d18       0xb8 CMakeFiles/basics.dir/Users/erensoylu/.pico-sdk/sdk/1.5.1/lib/tinyusb/src/class/cdc/cdc_device.c.obj
                0x10005d18                tud_cdc_n_write_flush
 .text.tud_cdc_n_write
                0x10005dd0       0x38 CMakeFiles/basics.dir/Users/erensoylu/.pico-sdk/sdk/1.5.1/lib/tinyusb/src/class/cdc/cdc_device.c.obj
                0x10005dd0                tud_cdc_n_write
 .text.tud_cdc_n_write_available
                0x10005e08       0x1c CMakeFiles/basics.dir/Users/erensoylu/.pico-sdk/sdk/1.5.1/lib/tinyusb/src/class/cdc/cdc_device.c.obj
                0x10005e08                tud_cdc_n_write_available
 .text.cdcd_init
                0x10005e24       0xbc CMakeFiles/basics.dir/Users/erensoylu/.pico-sdk/sdk/1.5.1/lib/tinyusb/src/class/cdc/cdc_device.c.obj
                0x10005e24                cdcd_init
 .text.cdcd_reset
                0x10005ee0       0x44 CMakeFiles/basics.dir/Users/erensoylu/.pico-sdk/sdk/1.5.1/lib/tinyusb/src/class/cdc/cdc_device.c.obj
                0x10005ee0                cdcd_reset
 .text.cdcd_open
                0x10005f24       0xc4 CMakeFiles/basics.dir/Users/erensoylu/.pico-sdk/sdk/1.5.1/lib/tinyusb/src/class/cdc/cdc_device.c.obj
                0x10005f24                cdcd_open
 .text.cdcd_control_xfer_cb
                0x10005fe8      0x134 CMakeFiles/basics.dir/Users/erensoylu/.pico-sdk/sdk/1.5.1/lib/tinyusb/src/class/cdc/cdc_device.c.obj
                0x10005fe8                cdcd_control_xfer_cb
 .text.cdcd_xfer_cb
                0x1000611c      0x130 CMakeFiles/basics.dir/Users/erensoylu/.pico-sdk/sdk/1.5.1/lib/tinyusb/src/class/cdc/cdc_device.c.obj
                0x1000611c                cdcd_xfer_cb
 .text.tusb_init
                0x1000624c        0xa CMakeFiles/basics.dir/Users/erensoylu/.pico-sdk/sdk/1.5.1/lib/tinyusb/src/tusb.c.obj
                0x1000624c                tusb_init
 .text.tusb_inited
                0x10006256        0xe CMakeFiles/basics.dir/Users/erensoylu/.pico-sdk/sdk/1.5.1/lib/tinyusb/src/tusb.c.obj
                0x10006256                tusb_inited
 .text.tu_edpt_claim
                0x10006264       0x50 CMakeFiles/basics.dir/Users/erensoylu/.pico-sdk/sdk/1.5.1/lib/tinyusb/src/tusb.c.obj
                0x10006264                tu_edpt_claim
 .text.tu_edpt_release
                0x100062b4       0x38 CMakeFiles/basics.dir/Users/erensoylu/.pico-sdk/sdk/1.5.1/lib/tinyusb/src/tusb.c.obj
                0x100062b4                tu_edpt_release
 .text.tu_edpt_validate
                0x100062ec       0x78 CMakeFiles/basics.dir/Users/erensoylu/.pico-sdk/sdk/1.5.1/lib/tinyusb/src/tusb.c.obj
                0x100062ec                tu_edpt_validate
 .text.tu_edpt_bind_driver
                0x10006364       0x26 CMakeFiles/basics.dir/Users/erensoylu/.pico-sdk/sdk/1.5.1/lib/tinyusb/src/tusb.c.obj
                0x10006364                tu_edpt_bind_driver
 .text.advance_index
                0x1000638a       0x1a CMakeFiles/basics.dir/Users/erensoylu/.pico-sdk/sdk/1.5.1/lib/tinyusb/src/common/tusb_fifo.c.obj
 .text._tu_fifo_peek
                0x100063a4       0x56 CMakeFiles/basics.dir/Users/erensoylu/.pico-sdk/sdk/1.5.1/lib/tinyusb/src/common/tusb_fifo.c.obj
 .text._ff_pull_const_addr
                0x100063fa       0x4c CMakeFiles/basics.dir/Users/erensoylu/.pico-sdk/sdk/1.5.1/lib/tinyusb/src/common/tusb_fifo.c.obj
 .text._ff_pull_n
                0x10006446      0x110 CMakeFiles/basics.dir/Users/erensoylu/.pico-sdk/sdk/1.5.1/lib/tinyusb/src/common/tusb_fifo.c.obj
 .text._tu_fifo_peek_n
                0x10006556       0x6a CMakeFiles/basics.dir/Users/erensoylu/.pico-sdk/sdk/1.5.1/lib/tinyusb/src/common/tusb_fifo.c.obj
 .text._tu_fifo_read_n
                0x100065c0       0x4e CMakeFiles/basics.dir/Users/erensoylu/.pico-sdk/sdk/1.5.1/lib/tinyusb/src/common/tusb_fifo.c.obj
 .text._ff_push_const_addr
                0x1000660e       0x40 CMakeFiles/basics.dir/Users/erensoylu/.pico-sdk/sdk/1.5.1/lib/tinyusb/src/common/tusb_fifo.c.obj
 .text._ff_push_n
                0x1000664e      0x10c CMakeFiles/basics.dir/Users/erensoylu/.pico-sdk/sdk/1.5.1/lib/tinyusb/src/common/tusb_fifo.c.obj
 .text._tu_fifo_write_n
                0x1000675a       0xf0 CMakeFiles/basics.dir/Users/erensoylu/.pico-sdk/sdk/1.5.1/lib/tinyusb/src/common/tusb_fifo.c.obj
 .text.tu_fifo_config
                0x1000684a       0x7c CMakeFiles/basics.dir/Users/erensoylu/.pico-sdk/sdk/1.5.1/lib/tinyusb/src/common/tusb_fifo.c.obj
                0x1000684a                tu_fifo_config
 .text.tu_fifo_count
                0x100068c6       0x2a CMakeFiles/basics.dir/Users/erensoylu/.pico-sdk/sdk/1.5.1/lib/tinyusb/src/common/tusb_fifo.c.obj
                0x100068c6                tu_fifo_count
 .text.tu_fifo_empty
                0x100068f0        0xe CMakeFiles/basics.dir/Users/erensoylu/.pico-sdk/sdk/1.5.1/lib/tinyusb/src/common/tusb_fifo.c.obj
                0x100068f0                tu_fifo_empty
 .text.tu_fifo_full
                0x100068fe       0x28 CMakeFiles/basics.dir/Users/erensoylu/.pico-sdk/sdk/1.5.1/lib/tinyusb/src/common/tusb_fifo.c.obj
                0x100068fe                tu_fifo_full
 .text.tu_fifo_remaining
                0x10006926       0x2c CMakeFiles/basics.dir/Users/erensoylu/.pico-sdk/sdk/1.5.1/lib/tinyusb/src/common/tusb_fifo.c.obj
                0x10006926                tu_fifo_remaining
 .text.tu_fifo_read
                0x10006952       0x42 CMakeFiles/basics.dir/Users/erensoylu/.pico-sdk/sdk/1.5.1/lib/tinyusb/src/common/tusb_fifo.c.obj
                0x10006952                tu_fifo_read
 .text.tu_fifo_read_n
                0x10006994        0xa CMakeFiles/basics.dir/Users/erensoylu/.pico-sdk/sdk/1.5.1/lib/tinyusb/src/common/tusb_fifo.c.obj
                0x10006994                tu_fifo_read_n
 .text.tu_fifo_write
                0x1000699e       0x64 CMakeFiles/basics.dir/Users/erensoylu/.pico-sdk/sdk/1.5.1/lib/tinyusb/src/common/tusb_fifo.c.obj
                0x1000699e                tu_fifo_write
 .text.tu_fifo_write_n
                0x10006a02        0xa CMakeFiles/basics.dir/Users/erensoylu/.pico-sdk/sdk/1.5.1/lib/tinyusb/src/common/tusb_fifo.c.obj
                0x10006a02                tu_fifo_write_n
 .text.tu_fifo_clear
                0x10006a0c       0x3e CMakeFiles/basics.dir/Users/erensoylu/.pico-sdk/sdk/1.5.1/lib/tinyusb/src/common/tusb_fifo.c.obj
                0x10006a0c                tu_fifo_clear
 .text.tu_fifo_set_overwritable
                0x10006a4a       0x46 CMakeFiles/basics.dir/Users/erensoylu/.pico-sdk/sdk/1.5.1/lib/tinyusb/src/common/tusb_fifo.c.obj
                0x10006a4a                tu_fifo_set_overwritable
 .text.sendHello
                0x10006a90       0x10 CMakeFiles/basics.dir/lib/sendHello/sendHello.c.obj
                0x10006a90                sendHello
 .text.strlen   0x10006aa0       0x5c /Users/erensoylu/.pico-sdk/toolchain/13_2_Rel1/bin/../lib/gcc/arm-none-eabi/13.2.1/../../../../arm-none-eabi/lib/thumb/v6-m/nofp/libg.a(libc_a-strlen-stub.o)
                0x10006aa0                strlen
 *(.fini)
 .fini          0x10006afc        0x4 /Users/erensoylu/.pico-sdk/toolchain/13_2_Rel1/bin/../lib/gcc/arm-none-eabi/13.2.1/thumb/v6-m/nofp/crti.o
                0x10006afc                _fini
 .fini.__stub   0x10006b00       0xe0 linker stubs
 *crtbegin.o(.ctors)
 *crtbegin?.o(.ctors)
 *(EXCLUDE_FILE(*crtend.o *crtend?.o) .ctors)
 *(SORT_BY_NAME(.ctors.*))
 *(.ctors)
 *crtbegin.o(.dtors)
 *crtbegin?.o(.dtors)
 *(EXCLUDE_FILE(*crtend.o *crtend?.o) .dtors)
 *(SORT_BY_NAME(.dtors.*))
 *(.dtors)
 *(.eh_frame*)
 .eh_frame      0x10006be0        0x0 /Users/erensoylu/.pico-sdk/toolchain/13_2_Rel1/bin/../lib/gcc/arm-none-eabi/13.2.1/thumb/v6-m/nofp/crtbegin.o
                0x10006be0                        . = ALIGN (0x4)

.glue_7         0x10006be0        0x0
 .glue_7        0x10006be0        0x0 linker stubs

.glue_7t        0x10006be0        0x0
 .glue_7t       0x10006be0        0x0 linker stubs

.vfp11_veneer   0x10006be0        0x0
 .vfp11_veneer  0x10006be0        0x0 linker stubs

.v4_bx          0x10006be0        0x0
 .v4_bx         0x10006be0        0x0 linker stubs

.iplt           0x10006be0        0x0
 .iplt          0x10006be0        0x0 /Users/erensoylu/.pico-sdk/toolchain/13_2_Rel1/bin/../lib/gcc/arm-none-eabi/13.2.1/thumb/v6-m/nofp/crtbegin.o

.rodata         0x10006be0     0x15c4
 *(EXCLUDE_FILE(*libm.a: *libc.a:*lib_a-mem*.o *libgcc.a:) .rodata*)
 .rodata.spin_lock_claim_unused.str1.4
                0x10006be0      0xf0a CMakeFiles/basics.dir/Users/erensoylu/.pico-sdk/sdk/1.5.1/src/rp2_common/hardware_sync/sync.c.obj
                                 0x1b (size before relaxing)
 .rodata.resolve_branch.str1.4
                0x10007aea       0x5f CMakeFiles/basics.dir/Users/erensoylu/.pico-sdk/sdk/1.5.1/src/rp2_common/hardware_irq/irq.c.obj
 .rodata.make_branch.str1.4
                0x10007aea       0x30 CMakeFiles/basics.dir/Users/erensoylu/.pico-sdk/sdk/1.5.1/src/rp2_common/hardware_irq/irq.c.obj
 .rodata.insert_branch_and_link.str1.4
                0x10007aea       0x10 CMakeFiles/basics.dir/Users/erensoylu/.pico-sdk/sdk/1.5.1/src/rp2_common/hardware_irq/irq.c.obj
 .rodata.irq_set_exclusive_handler.str1.4
                0x10007aea       0x36 CMakeFiles/basics.dir/Users/erensoylu/.pico-sdk/sdk/1.5.1/src/rp2_common/hardware_irq/irq.c.obj
 .rodata.irq_add_shared_handler.str1.4
                0x10007aea       0xc2 CMakeFiles/basics.dir/Users/erensoylu/.pico-sdk/sdk/1.5.1/src/rp2_common/hardware_irq/irq.c.obj
 .rodata.irq_remove_handler.str1.4
                0x10007aea       0x3a CMakeFiles/basics.dir/Users/erensoylu/.pico-sdk/sdk/1.5.1/src/rp2_common/hardware_irq/irq.c.obj
 .rodata.irq_add_tail_to_free_list.str1.4
                0x10007aea       0x3a CMakeFiles/basics.dir/Users/erensoylu/.pico-sdk/sdk/1.5.1/src/rp2_common/hardware_irq/irq.c.obj
 .rodata.user_irq_claim_unused.str1.4
                0x10007aea       0x1b CMakeFiles/basics.dir/Users/erensoylu/.pico-sdk/sdk/1.5.1/src/rp2_common/hardware_irq/irq.c.obj
 *fill*         0x10007aea        0x2 
 .rodata.__func__.0
                0x10007aec       0x1a CMakeFiles/basics.dir/Users/erensoylu/.pico-sdk/sdk/1.5.1/src/rp2_common/hardware_irq/irq.c.obj
 *fill*         0x10007b06        0x2 
 .rodata.__func__.1
                0x10007b08       0x17 CMakeFiles/basics.dir/Users/erensoylu/.pico-sdk/sdk/1.5.1/src/rp2_common/hardware_irq/irq.c.obj
 *fill*         0x10007b1f        0x1 
 .rodata.__func__.2
                0x10007b20       0x13 CMakeFiles/basics.dir/Users/erensoylu/.pico-sdk/sdk/1.5.1/src/rp2_common/hardware_irq/irq.c.obj
 *fill*         0x10007b33        0x1 
 .rodata.__func__.3
                0x10007b34        0xc CMakeFiles/basics.dir/Users/erensoylu/.pico-sdk/sdk/1.5.1/src/rp2_common/hardware_irq/irq.c.obj
 .rodata.__func__.4
                0x10007b40        0xf CMakeFiles/basics.dir/Users/erensoylu/.pico-sdk/sdk/1.5.1/src/rp2_common/hardware_irq/irq.c.obj
 *fill*         0x10007b4f        0x1 
 .rodata.__func__.5
                0x10007b50       0x17 CMakeFiles/basics.dir/Users/erensoylu/.pico-sdk/sdk/1.5.1/src/rp2_common/hardware_irq/irq.c.obj
 *fill*         0x10007b67        0x1 
 .rodata.__func__.6
                0x10007b68       0x1a CMakeFiles/basics.dir/Users/erensoylu/.pico-sdk/sdk/1.5.1/src/rp2_common/hardware_irq/irq.c.obj
 .rodata.update_us_since_boot.str1.4
                0x10007b82       0x6b CMakeFiles/basics.dir/Users/erensoylu/.pico-sdk/sdk/1.5.1/src/common/pico_sync/mutex.c.obj
 .rodata.str1.4
                0x10007b82       0x95 CMakeFiles/basics.dir/Users/erensoylu/.pico-sdk/sdk/1.5.1/src/common/pico_sync/mutex.c.obj
 *fill*         0x10007b82        0x2 
 .rodata.__func__.1
                0x10007b84        0xb CMakeFiles/basics.dir/Users/erensoylu/.pico-sdk/sdk/1.5.1/src/common/pico_sync/mutex.c.obj
 *fill*         0x10007b8f        0x1 
 .rodata.__func__.3
                0x10007b90       0x18 CMakeFiles/basics.dir/Users/erensoylu/.pico-sdk/sdk/1.5.1/src/common/pico_sync/mutex.c.obj
 .rodata.__func__.4
                0x10007ba8       0x15 CMakeFiles/basics.dir/Users/erensoylu/.pico-sdk/sdk/1.5.1/src/common/pico_sync/mutex.c.obj
 .rodata.get_entry.str1.4
                0x10007bbd       0x65 CMakeFiles/basics.dir/Users/erensoylu/.pico-sdk/sdk/1.5.1/src/common/pico_time/time.c.obj
 .rodata.update_us_since_boot.str1.4
                0x10007bbd       0x6b CMakeFiles/basics.dir/Users/erensoylu/.pico-sdk/sdk/1.5.1/src/common/pico_time/time.c.obj
 .rodata.ph_get_node.str1.4
                0x10007bbd       0x70 CMakeFiles/basics.dir/Users/erensoylu/.pico-sdk/sdk/1.5.1/src/common/pico_time/time.c.obj
 .rodata.ph_add_child_node.str1.4
                0x10007bbd       0x2e CMakeFiles/basics.dir/Users/erensoylu/.pico-sdk/sdk/1.5.1/src/common/pico_time/time.c.obj
 .rodata.ph_insert_node.str1.4
                0x10007bbd        0x3 CMakeFiles/basics.dir/Users/erensoylu/.pico-sdk/sdk/1.5.1/src/common/pico_time/time.c.obj
 .rodata.ph_free_node.str1.4
                0x10007bbd       0x38 CMakeFiles/basics.dir/Users/erensoylu/.pico-sdk/sdk/1.5.1/src/common/pico_time/time.c.obj
 .rodata.add_alarm_under_lock.str1.4
                0x10007bbd       0x28 CMakeFiles/basics.dir/Users/erensoylu/.pico-sdk/sdk/1.5.1/src/common/pico_time/time.c.obj
 .rodata.alarm_pool_alarm_callback.str1.4
                0x10007bbd       0x60 CMakeFiles/basics.dir/Users/erensoylu/.pico-sdk/sdk/1.5.1/src/common/pico_time/time.c.obj
 .rodata.alarm_pool_get_default.str1.4
                0x10007bbd       0x21 CMakeFiles/basics.dir/Users/erensoylu/.pico-sdk/sdk/1.5.1/src/common/pico_time/time.c.obj
 .rodata.alarm_pool_cancel_alarm.str1.4
                0x10007bbd       0x27 CMakeFiles/basics.dir/Users/erensoylu/.pico-sdk/sdk/1.5.1/src/common/pico_time/time.c.obj
 .rodata.sleep_until.str1.4
                0x10007bbd       0x4d CMakeFiles/basics.dir/Users/erensoylu/.pico-sdk/sdk/1.5.1/src/common/pico_time/time.c.obj
 *fill*         0x10007bbd        0x3 
 .rodata.__func__.1
                0x10007bc0       0x18 CMakeFiles/basics.dir/Users/erensoylu/.pico-sdk/sdk/1.5.1/src/common/pico_time/time.c.obj
 .rodata.__func__.3
                0x10007bd8       0x17 CMakeFiles/basics.dir/Users/erensoylu/.pico-sdk/sdk/1.5.1/src/common/pico_time/time.c.obj
 *fill*         0x10007bef        0x1 
 .rodata.__func__.4
                0x10007bf0       0x12 CMakeFiles/basics.dir/Users/erensoylu/.pico-sdk/sdk/1.5.1/src/common/pico_time/time.c.obj
 *fill*         0x10007c02        0x2 
 .rodata.__func__.5
                0x10007c04        0xd CMakeFiles/basics.dir/Users/erensoylu/.pico-sdk/sdk/1.5.1/src/common/pico_time/time.c.obj
 *fill*         0x10007c11        0x3 
 .rodata.__func__.6
                0x10007c14       0x12 CMakeFiles/basics.dir/Users/erensoylu/.pico-sdk/sdk/1.5.1/src/common/pico_time/time.c.obj
 *fill*         0x10007c26        0x2 
 .rodata.__func__.7
                0x10007c28        0xf CMakeFiles/basics.dir/Users/erensoylu/.pico-sdk/sdk/1.5.1/src/common/pico_time/time.c.obj
 *fill*         0x10007c37        0x1 
 .rodata.__func__.8
                0x10007c38        0xc CMakeFiles/basics.dir/Users/erensoylu/.pico-sdk/sdk/1.5.1/src/common/pico_time/time.c.obj
 .rodata.__func__.9
                0x10007c44       0x15 CMakeFiles/basics.dir/Users/erensoylu/.pico-sdk/sdk/1.5.1/src/common/pico_time/time.c.obj
 *fill*         0x10007c59        0x3 
 .rodata.__func__.10
                0x10007c5c       0x15 CMakeFiles/basics.dir/Users/erensoylu/.pico-sdk/sdk/1.5.1/src/common/pico_time/time.c.obj
 *fill*         0x10007c71        0x3 
 .rodata.__func__.11
                0x10007c74       0x1a CMakeFiles/basics.dir/Users/erensoylu/.pico-sdk/sdk/1.5.1/src/common/pico_time/time.c.obj
 *fill*         0x10007c8e        0x2 
 .rodata.__func__.12
                0x10007c90        0xa CMakeFiles/basics.dir/Users/erensoylu/.pico-sdk/sdk/1.5.1/src/common/pico_time/time.c.obj
 .rodata.hardware_alarm_claim.str1.4
                0x10007c9a       0x22 CMakeFiles/basics.dir/Users/erensoylu/.pico-sdk/sdk/1.5.1/src/rp2_common/hardware_timer/timer.c.obj
 .rodata.hardware_alarm_set_target.str1.4
                0x10007c9a       0x6f CMakeFiles/basics.dir/Users/erensoylu/.pico-sdk/sdk/1.5.1/src/rp2_common/hardware_timer/timer.c.obj
 *fill*         0x10007c9a        0x2 
 .rodata.__func__.0
                0x10007c9c       0x1a CMakeFiles/basics.dir/Users/erensoylu/.pico-sdk/sdk/1.5.1/src/rp2_common/hardware_timer/timer.c.obj
 .rodata.ph_get_node.str1.4
                0x10007cb6       0x70 CMakeFiles/basics.dir/Users/erensoylu/.pico-sdk/sdk/1.5.1/src/common/pico_util/pheap.c.obj
 .rodata.ph_add_child_node.str1.4
                0x10007cb6       0x2e CMakeFiles/basics.dir/Users/erensoylu/.pico-sdk/sdk/1.5.1/src/common/pico_util/pheap.c.obj
 .rodata.ph_remove_any_head.str1.4
                0x10007cb6       0xac CMakeFiles/basics.dir/Users/erensoylu/.pico-sdk/sdk/1.5.1/src/common/pico_util/pheap.c.obj
 .rodata.ph_remove_and_free_node.str1.4
                0x10007cb6       0x26 CMakeFiles/basics.dir/Users/erensoylu/.pico-sdk/sdk/1.5.1/src/common/pico_util/pheap.c.obj
 *fill*         0x10007cb6        0x2 
 .rodata.__func__.0
                0x10007cb8       0x18 CMakeFiles/basics.dir/Users/erensoylu/.pico-sdk/sdk/1.5.1/src/common/pico_util/pheap.c.obj
 .rodata.__func__.1
                0x10007cd0       0x13 CMakeFiles/basics.dir/Users/erensoylu/.pico-sdk/sdk/1.5.1/src/common/pico_util/pheap.c.obj
 *fill*         0x10007ce3        0x1 
 .rodata.__func__.2
                0x10007ce4       0x12 CMakeFiles/basics.dir/Users/erensoylu/.pico-sdk/sdk/1.5.1/src/common/pico_util/pheap.c.obj
 *fill*         0x10007cf6        0x2 
 .rodata.__func__.3
                0x10007cf8        0xc CMakeFiles/basics.dir/Users/erensoylu/.pico-sdk/sdk/1.5.1/src/common/pico_util/pheap.c.obj
 .rodata.clock_configure.str1.4
                0x10007d04       0x61 CMakeFiles/basics.dir/Users/erensoylu/.pico-sdk/sdk/1.5.1/src/rp2_common/hardware_clocks/clocks.c.obj
 .rodata.__func__.1
                0x10007d04       0x10 CMakeFiles/basics.dir/Users/erensoylu/.pico-sdk/sdk/1.5.1/src/rp2_common/hardware_clocks/clocks.c.obj
 .rodata.pll_init.str1.4
                0x10007d14      0x12c CMakeFiles/basics.dir/Users/erensoylu/.pico-sdk/sdk/1.5.1/src/rp2_common/hardware_pll/pll.c.obj
 .rodata.__func__.0
                0x10007d14        0x9 CMakeFiles/basics.dir/Users/erensoylu/.pico-sdk/sdk/1.5.1/src/rp2_common/hardware_pll/pll.c.obj
 .rodata.__assert_func.str1.4
                0x10007d1d       0x43 CMakeFiles/basics.dir/Users/erensoylu/.pico-sdk/sdk/1.5.1/src/rp2_common/pico_runtime/runtime.c.obj
 .rodata.runtime_init.str1.4
                0x10007d1d       0x6b CMakeFiles/basics.dir/Users/erensoylu/.pico-sdk/sdk/1.5.1/src/rp2_common/pico_runtime/runtime.c.obj
 .rodata.panic.str1.4
                0x10007d1d       0x12 CMakeFiles/basics.dir/Users/erensoylu/.pico-sdk/sdk/1.5.1/src/rp2_common/pico_runtime/runtime.c.obj
 *fill*         0x10007d1d        0x3 
 .rodata.__func__.2
                0x10007d20        0xd CMakeFiles/basics.dir/Users/erensoylu/.pico-sdk/sdk/1.5.1/src/rp2_common/pico_runtime/runtime.c.obj
 .rodata._ftoa.str1.4
                0x10007d2d       0x15 CMakeFiles/basics.dir/Users/erensoylu/.pico-sdk/sdk/1.5.1/src/rp2_common/pico_printf/printf.c.obj
 *fill*         0x10007d2d        0x3 
 .rodata._vsnprintf
                0x10007d30      0x19c CMakeFiles/basics.dir/Users/erensoylu/.pico-sdk/sdk/1.5.1/src/rp2_common/pico_printf/printf.c.obj
 *fill*         0x10007ecc        0x4 
 .rodata.pow10.0
                0x10007ed0       0x50 CMakeFiles/basics.dir/Users/erensoylu/.pico-sdk/sdk/1.5.1/src/rp2_common/pico_printf/printf.c.obj
 .rodata.__aeabi_double_init.str1.4
                0x10007f20       0xa6 CMakeFiles/basics.dir/Users/erensoylu/.pico-sdk/sdk/1.5.1/src/rp2_common/pico_double/double_init_rom.c.obj
 .rodata.__func__.0
                0x10007f20       0x14 CMakeFiles/basics.dir/Users/erensoylu/.pico-sdk/sdk/1.5.1/src/rp2_common/pico_double/double_init_rom.c.obj
 .rodata.__aeabi_float_init.str1.4
                0x10007f34       0x88 CMakeFiles/basics.dir/Users/erensoylu/.pico-sdk/sdk/1.5.1/src/rp2_common/pico_float/float_init_rom.c.obj
 .rodata.__func__.0
                0x10007f34       0x13 CMakeFiles/basics.dir/Users/erensoylu/.pico-sdk/sdk/1.5.1/src/rp2_common/pico_float/float_init_rom.c.obj
 .rodata.str1.4
                0x10007f47       0x40 CMakeFiles/basics.dir/Users/erensoylu/.pico-sdk/sdk/1.5.1/src/rp2_common/pico_standard_link/binary_info.c.obj
 *fill*         0x10007f47        0x1 
 .rodata.__bi_81
                0x10007f48        0xc CMakeFiles/basics.dir/Users/erensoylu/.pico-sdk/sdk/1.5.1/src/rp2_common/pico_standard_link/binary_info.c.obj
 .rodata.__bi_75
                0x10007f54        0xc CMakeFiles/basics.dir/Users/erensoylu/.pico-sdk/sdk/1.5.1/src/rp2_common/pico_standard_link/binary_info.c.obj
 .rodata.__bi_56
                0x10007f60        0xc CMakeFiles/basics.dir/Users/erensoylu/.pico-sdk/sdk/1.5.1/src/rp2_common/pico_standard_link/binary_info.c.obj
 .rodata.__bi_44
                0x10007f6c        0xc CMakeFiles/basics.dir/Users/erensoylu/.pico-sdk/sdk/1.5.1/src/rp2_common/pico_standard_link/binary_info.c.obj
 .rodata.update_us_since_boot.str1.4
                0x10007f78       0x6b CMakeFiles/basics.dir/Users/erensoylu/.pico-sdk/sdk/1.5.1/src/rp2_common/pico_stdio/stdio.c.obj
 .rodata.crlf_str.2
                0x10007f78        0x2 CMakeFiles/basics.dir/Users/erensoylu/.pico-sdk/sdk/1.5.1/src/rp2_common/pico_stdio/stdio.c.obj
 *fill*         0x10007f7a        0x2 
 .rodata.__func__.3
                0x10007f7c       0x15 CMakeFiles/basics.dir/Users/erensoylu/.pico-sdk/sdk/1.5.1/src/rp2_common/pico_stdio/stdio.c.obj
 *fill*         0x10007f91        0x3 
 .rodata._resetd_driver
                0x10007f94       0x18 CMakeFiles/basics.dir/Users/erensoylu/.pico-sdk/sdk/1.5.1/src/rp2_common/pico_stdio_usb/reset_interface.c.obj
 .rodata.update_us_since_boot.str1.4
                0x10007fac       0x6b CMakeFiles/basics.dir/Users/erensoylu/.pico-sdk/sdk/1.5.1/src/rp2_common/pico_stdio_usb/stdio_usb.c.obj
 .rodata.stdio_usb_init.str1.4
                0x10007fac       0x57 CMakeFiles/basics.dir/Users/erensoylu/.pico-sdk/sdk/1.5.1/src/rp2_common/pico_stdio_usb/stdio_usb.c.obj
 .rodata.str1.4
                0x10007fac       0x13 CMakeFiles/basics.dir/Users/erensoylu/.pico-sdk/sdk/1.5.1/src/rp2_common/pico_stdio_usb/stdio_usb.c.obj
 .rodata.__bi_182.0
                0x10007fac        0xc CMakeFiles/basics.dir/Users/erensoylu/.pico-sdk/sdk/1.5.1/src/rp2_common/pico_stdio_usb/stdio_usb.c.obj
 .rodata.__func__.1
                0x10007fb8        0xf CMakeFiles/basics.dir/Users/erensoylu/.pico-sdk/sdk/1.5.1/src/rp2_common/pico_stdio_usb/stdio_usb.c.obj
 *fill*         0x10007fc7        0x1 
 .rodata.__func__.3
                0x10007fc8       0x15 CMakeFiles/basics.dir/Users/erensoylu/.pico-sdk/sdk/1.5.1/src/rp2_common/pico_stdio_usb/stdio_usb.c.obj
 .rodata.str1.4
                0x10007fdd       0x2a CMakeFiles/basics.dir/Users/erensoylu/.pico-sdk/sdk/1.5.1/src/rp2_common/pico_stdio_usb/stdio_usb_descriptors.c.obj
 *fill*         0x10007fdd        0x3 
 .rodata.usbd_desc_str
                0x10007fe0       0x18 CMakeFiles/basics.dir/Users/erensoylu/.pico-sdk/sdk/1.5.1/src/rp2_common/pico_stdio_usb/stdio_usb_descriptors.c.obj
 .rodata.usbd_desc_cfg
                0x10007ff8       0x54 CMakeFiles/basics.dir/Users/erensoylu/.pico-sdk/sdk/1.5.1/src/rp2_common/pico_stdio_usb/stdio_usb_descriptors.c.obj
 .rodata.usbd_desc_device
                0x1000804c       0x12 CMakeFiles/basics.dir/Users/erensoylu/.pico-sdk/sdk/1.5.1/src/rp2_common/pico_stdio_usb/stdio_usb_descriptors.c.obj
 .rodata.pico_get_unique_board_id_string.str1.4
                0x1000805e       0x57 CMakeFiles/basics.dir/Users/erensoylu/.pico-sdk/sdk/1.5.1/src/rp2_common/pico_unique_id/unique_id.c.obj
 *fill*         0x1000805e        0x2 
 .rodata.__func__.0
                0x10008060       0x20 CMakeFiles/basics.dir/Users/erensoylu/.pico-sdk/sdk/1.5.1/src/rp2_common/pico_unique_id/unique_id.c.obj
 .rodata.str1.4
                0x10008080      0x162 CMakeFiles/basics.dir/Users/erensoylu/.pico-sdk/sdk/1.5.1/src/rp2_common/hardware_flash/flash.c.obj
 .rodata.__func__.0
                0x10008080        0xd CMakeFiles/basics.dir/Users/erensoylu/.pico-sdk/sdk/1.5.1/src/rp2_common/hardware_flash/flash.c.obj
 .rodata._hw_endpoint_alloc.str1.4
                0x1000808d       0xc1 CMakeFiles/basics.dir/Users/erensoylu/.pico-sdk/sdk/1.5.1/lib/tinyusb/src/portable/raspberrypi/rp2040/dcd_rp2040.c.obj
 .rodata.str1.4
                0x1000808d       0x14 CMakeFiles/basics.dir/Users/erensoylu/.pico-sdk/sdk/1.5.1/lib/tinyusb/src/portable/raspberrypi/rp2040/dcd_rp2040.c.obj
 .rodata.dcd_int_enable.str1.4
                0x1000808d        0xc CMakeFiles/basics.dir/Users/erensoylu/.pico-sdk/sdk/1.5.1/lib/tinyusb/src/portable/raspberrypi/rp2040/dcd_rp2040.c.obj
 *fill*         0x1000808d        0x3 
 .rodata.__func__.0
                0x10008090        0xe CMakeFiles/basics.dir/Users/erensoylu/.pico-sdk/sdk/1.5.1/lib/tinyusb/src/portable/raspberrypi/rp2040/dcd_rp2040.c.obj
 *fill*         0x1000809e        0x2 
 .rodata.__func__.1
                0x100080a0        0xe CMakeFiles/basics.dir/Users/erensoylu/.pico-sdk/sdk/1.5.1/lib/tinyusb/src/portable/raspberrypi/rp2040/dcd_rp2040.c.obj
 *fill*         0x100080ae        0x2 
 .rodata.__func__.3
                0x100080b0       0x10 CMakeFiles/basics.dir/Users/erensoylu/.pico-sdk/sdk/1.5.1/lib/tinyusb/src/portable/raspberrypi/rp2040/dcd_rp2040.c.obj
 .rodata.__func__.5
                0x100080c0        0xf CMakeFiles/basics.dir/Users/erensoylu/.pico-sdk/sdk/1.5.1/lib/tinyusb/src/portable/raspberrypi/rp2040/dcd_rp2040.c.obj
 *fill*         0x100080cf        0x1 
 .rodata.__func__.6
                0x100080d0       0x13 CMakeFiles/basics.dir/Users/erensoylu/.pico-sdk/sdk/1.5.1/lib/tinyusb/src/portable/raspberrypi/rp2040/dcd_rp2040.c.obj
 *fill*         0x100080e3        0x1 
 .rodata.__func__.7
                0x100080e4        0x9 CMakeFiles/basics.dir/Users/erensoylu/.pico-sdk/sdk/1.5.1/lib/tinyusb/src/portable/raspberrypi/rp2040/dcd_rp2040.c.obj
 .rodata.str1.4
                0x100080ed       0xf3 CMakeFiles/basics.dir/Users/erensoylu/.pico-sdk/sdk/1.5.1/lib/tinyusb/src/portable/raspberrypi/rp2040/rp2040_usb.c.obj
 *fill*         0x100080ed        0x3 
 .rodata.__func__.0
                0x100080f0        0xf CMakeFiles/basics.dir/Users/erensoylu/.pico-sdk/sdk/1.5.1/lib/tinyusb/src/portable/raspberrypi/rp2040/rp2040_usb.c.obj
 *fill*         0x100080ff        0x1 
 .rodata.process_get_descriptor
                0x10008100       0x40 CMakeFiles/basics.dir/Users/erensoylu/.pico-sdk/sdk/1.5.1/lib/tinyusb/src/device/usbd.c.obj
 .rodata.process_control_request
                0x10008140       0x28 CMakeFiles/basics.dir/Users/erensoylu/.pico-sdk/sdk/1.5.1/lib/tinyusb/src/device/usbd.c.obj
 .rodata.tud_task_ext
                0x10008168       0x24 CMakeFiles/basics.dir/Users/erensoylu/.pico-sdk/sdk/1.5.1/lib/tinyusb/src/device/usbd.c.obj
 .rodata._usbd_driver
                0x1000818c       0x18 CMakeFiles/basics.dir/Users/erensoylu/.pico-sdk/sdk/1.5.1/lib/tinyusb/src/device/usbd.c.obj
 .rodata.sendHello.str1.4
                0x100081a4        0xe CMakeFiles/basics.dir/lib/sendHello/sendHello.c.obj
                0x100081b4                        . = ALIGN (0x4)
 *(SORT_BY_ALIGNMENT(SORT_BY_NAME(.flashdata*)))
                0x100081b4                        . = ALIGN (0x4)

.ARM.extab
 *(.ARM.extab* .gnu.linkonce.armextab.*)
                0x100081a4                        __exidx_start = .

.ARM.exidx
 *(.ARM.exidx* .gnu.linkonce.armexidx.*)
                0x100081a4                        __exidx_end = .
                0x100081b4                        . = ALIGN (0x4)
                0x100081a4                        __binary_info_start = .

.binary_info    0x100081a4       0x24
 *(.binary_info.keep.*)
 .binary_info.keep.__bi_ptr81
                0x100081a4        0x4 CMakeFiles/basics.dir/Users/erensoylu/.pico-sdk/sdk/1.5.1/src/rp2_common/pico_standard_link/binary_info.c.obj
 .binary_info.keep.__bi_ptr75
                0x100081a8        0x4 CMakeFiles/basics.dir/Users/erensoylu/.pico-sdk/sdk/1.5.1/src/rp2_common/pico_standard_link/binary_info.c.obj
 .binary_info.keep.__bi_ptr56
                0x100081ac        0x4 CMakeFiles/basics.dir/Users/erensoylu/.pico-sdk/sdk/1.5.1/src/rp2_common/pico_standard_link/binary_info.c.obj
 .binary_info.keep.__bi_ptr50
                0x100081b0        0x4 CMakeFiles/basics.dir/Users/erensoylu/.pico-sdk/sdk/1.5.1/src/rp2_common/pico_standard_link/binary_info.c.obj
 .binary_info.keep.__bi_ptr44
                0x100081b4        0x4 CMakeFiles/basics.dir/Users/erensoylu/.pico-sdk/sdk/1.5.1/src/rp2_common/pico_standard_link/binary_info.c.obj
 .binary_info.keep.__bi_ptr38
                0x100081b8        0x4 CMakeFiles/basics.dir/Users/erensoylu/.pico-sdk/sdk/1.5.1/src/rp2_common/pico_standard_link/binary_info.c.obj
 .binary_info.keep.__bi_ptr30
                0x100081bc        0x4 CMakeFiles/basics.dir/Users/erensoylu/.pico-sdk/sdk/1.5.1/src/rp2_common/pico_standard_link/binary_info.c.obj
 .binary_info.keep.__bi_ptr22
                0x100081c0        0x4 CMakeFiles/basics.dir/Users/erensoylu/.pico-sdk/sdk/1.5.1/src/rp2_common/pico_standard_link/binary_info.c.obj
 *(.binary_info.*)
 .binary_info.__bi_ptr182
                0x100081c4        0x4 CMakeFiles/basics.dir/Users/erensoylu/.pico-sdk/sdk/1.5.1/src/rp2_common/pico_stdio_usb/stdio_usb.c.obj
                0x100081c8                        __binary_info_end = .

.rel.dyn        0x100081c8        0x0
 .rel.iplt      0x100081c8        0x0 /Users/erensoylu/.pico-sdk/toolchain/13_2_Rel1/bin/../lib/gcc/arm-none-eabi/13.2.1/thumb/v6-m/nofp/crtbegin.o
                0x100081c8                        . = ALIGN (0x4)

.ram_vector_table
                0x20000000       0xc0
 *(.ram_vector_table)
 .ram_vector_table
                0x20000000       0xc0 CMakeFiles/basics.dir/Users/erensoylu/.pico-sdk/sdk/1.5.1/src/rp2_common/pico_runtime/runtime.c.obj
                0x20000000                ram_vector_table

.data           0x200000c0      0xb40 load address 0x100081c8
                0x200000c0                        __data_start__ = .
 *(vtable)
 *(.time_critical*)
 .time_critical.mutex_try_enter
                0x200000c0       0x46 CMakeFiles/basics.dir/Users/erensoylu/.pico-sdk/sdk/1.5.1/src/common/pico_sync/mutex.c.obj
                0x200000c0                mutex_try_enter
 *fill*         0x20000106        0x2 
 .time_critical.mutex_enter_block_until
                0x20000108       0x8c CMakeFiles/basics.dir/Users/erensoylu/.pico-sdk/sdk/1.5.1/src/common/pico_sync/mutex.c.obj
                0x20000108                mutex_enter_block_until
 .time_critical.mutex_try_enter_block_until
                0x20000194       0x34 CMakeFiles/basics.dir/Users/erensoylu/.pico-sdk/sdk/1.5.1/src/common/pico_sync/mutex.c.obj
                0x20000194                mutex_try_enter_block_until
 .time_critical.mutex_enter_timeout_ms
                0x200001c8       0x1a CMakeFiles/basics.dir/Users/erensoylu/.pico-sdk/sdk/1.5.1/src/common/pico_sync/mutex.c.obj
                0x200001c8                mutex_enter_timeout_ms
 *fill*         0x200001e2        0x2 
 .time_critical.mutex_exit
                0x200001e4       0x4c CMakeFiles/basics.dir/Users/erensoylu/.pico-sdk/sdk/1.5.1/src/common/pico_sync/mutex.c.obj
                0x200001e4                mutex_exit
 .time_critical.flash_init_boot2_copyout
                0x20000230       0x30 CMakeFiles/basics.dir/Users/erensoylu/.pico-sdk/sdk/1.5.1/src/rp2_common/hardware_flash/flash.c.obj
 .time_critical.flash_enable_xip_via_boot2
                0x20000260        0xc CMakeFiles/basics.dir/Users/erensoylu/.pico-sdk/sdk/1.5.1/src/rp2_common/hardware_flash/flash.c.obj
 .time_critical.flash_cs_force
                0x2000026c       0x28 CMakeFiles/basics.dir/Users/erensoylu/.pico-sdk/sdk/1.5.1/src/rp2_common/hardware_flash/flash.c.obj
 .time_critical.flash_do_cmd
                0x20000294       0xd8 CMakeFiles/basics.dir/Users/erensoylu/.pico-sdk/sdk/1.5.1/src/rp2_common/hardware_flash/flash.c.obj
                0x20000294                flash_do_cmd
 .time_critical.reset_non_control_endpoints
                0x2000036c       0x40 CMakeFiles/basics.dir/Users/erensoylu/.pico-sdk/sdk/1.5.1/lib/tinyusb/src/portable/raspberrypi/rp2040/dcd_rp2040.c.obj
 .time_critical.hw_handle_buff_status
                0x200003ac       0xa4 CMakeFiles/basics.dir/Users/erensoylu/.pico-sdk/sdk/1.5.1/lib/tinyusb/src/portable/raspberrypi/rp2040/dcd_rp2040.c.obj
 .time_critical.dcd_rp2040_irq
                0x20000450      0x1b8 CMakeFiles/basics.dir/Users/erensoylu/.pico-sdk/sdk/1.5.1/lib/tinyusb/src/portable/raspberrypi/rp2040/dcd_rp2040.c.obj
 .time_critical.e15_is_bulkin_ep
                0x20000608       0x2c CMakeFiles/basics.dir/Users/erensoylu/.pico-sdk/sdk/1.5.1/lib/tinyusb/src/portable/raspberrypi/rp2040/rp2040_usb.c.obj
 .time_critical.e15_is_critical_frame_period
                0x20000634       0x30 CMakeFiles/basics.dir/Users/erensoylu/.pico-sdk/sdk/1.5.1/lib/tinyusb/src/portable/raspberrypi/rp2040/rp2040_usb.c.obj
 .time_critical.prepare_ep_buffer
                0x20000664       0x6c CMakeFiles/basics.dir/Users/erensoylu/.pico-sdk/sdk/1.5.1/lib/tinyusb/src/portable/raspberrypi/rp2040/rp2040_usb.c.obj
 .time_critical.sync_ep_buffer
                0x200006d0       0x7c CMakeFiles/basics.dir/Users/erensoylu/.pico-sdk/sdk/1.5.1/lib/tinyusb/src/portable/raspberrypi/rp2040/rp2040_usb.c.obj
 .time_critical._hw_endpoint_xfer_sync
                0x2000074c       0x28 CMakeFiles/basics.dir/Users/erensoylu/.pico-sdk/sdk/1.5.1/lib/tinyusb/src/portable/raspberrypi/rp2040/rp2040_usb.c.obj
 .time_critical.hw_endpoint_reset_transfer
                0x20000774        0xc CMakeFiles/basics.dir/Users/erensoylu/.pico-sdk/sdk/1.5.1/lib/tinyusb/src/portable/raspberrypi/rp2040/rp2040_usb.c.obj
                0x20000774                hw_endpoint_reset_transfer
 .time_critical._hw_endpoint_buffer_control_update32
                0x20000780       0x58 CMakeFiles/basics.dir/Users/erensoylu/.pico-sdk/sdk/1.5.1/lib/tinyusb/src/portable/raspberrypi/rp2040/rp2040_usb.c.obj
                0x20000780                _hw_endpoint_buffer_control_update32
 .time_critical.hw_endpoint_start_next_buffer
                0x200007d8       0x88 CMakeFiles/basics.dir/Users/erensoylu/.pico-sdk/sdk/1.5.1/lib/tinyusb/src/portable/raspberrypi/rp2040/rp2040_usb.c.obj
                0x200007d8                hw_endpoint_start_next_buffer
 .time_critical.hw_endpoint_xfer_continue
                0x20000860       0x50 CMakeFiles/basics.dir/Users/erensoylu/.pico-sdk/sdk/1.5.1/lib/tinyusb/src/portable/raspberrypi/rp2040/rp2040_usb.c.obj
                0x20000860                hw_endpoint_xfer_continue
 .time_critical.tinyusb
                0x200008b0      0x1ac CMakeFiles/basics.dir/Users/erensoylu/.pico-sdk/sdk/1.5.1/lib/tinyusb/src/device/usbd.c.obj
                0x200008b0                dcd_event_handler
 *(.text*)
 .text          0x20000a5c        0x4 /Users/erensoylu/.pico-sdk/toolchain/13_2_Rel1/bin/../lib/gcc/arm-none-eabi/13.2.1/thumb/v6-m/nofp/libgcc.a(_dvmd_tls.o)
                0x20000a5c                __aeabi_ldiv0
                0x20000a5c                __aeabi_idiv0
 .text.__stub   0x20000a60       0xa0 linker stubs
                0x20000b00                        . = ALIGN (0x4)
 *(.rodata*)
                0x20000b00                        . = ALIGN (0x4)
 *(.data*)
 .data.striped_spin_lock_num
                0x20000b00        0x1 CMakeFiles/basics.dir/Users/erensoylu/.pico-sdk/sdk/1.5.1/src/rp2_common/hardware_sync/sync.c.obj
 *fill*         0x20000b01        0x3 
 .data          0x20000b04       0x48 CMakeFiles/basics.dir/Users/erensoylu/.pico-sdk/sdk/1.5.1/src/rp2_common/hardware_irq/irq_handler_chain.S.obj
                0x20000b04                irq_handler_chain_slots
                0x20000b34                irq_handler_chain_first_slot
                0x20000b3e                irq_handler_chain_remove_tail
 .data.default_alarm_pool
                0x20000b4c       0x18 CMakeFiles/basics.dir/Users/erensoylu/.pico-sdk/sdk/1.5.1/src/common/pico_time/time.c.obj
 .data.default_alarm_pool_heap
                0x20000b64       0x10 CMakeFiles/basics.dir/Users/erensoylu/.pico-sdk/sdk/1.5.1/src/common/pico_time/time.c.obj
 *fill*         0x20000b74        0xc 
 .data.aeabi_bits_funcs
                0x20000b80       0x10 CMakeFiles/basics.dir/Users/erensoylu/.pico-sdk/sdk/1.5.1/src/rp2_common/pico_bit_ops/bit_ops_aeabi.S.obj
                0x20000b80                aeabi_bits_funcs
                0x20000b90                aeabi_bits_funcs_end
 .data.aeabi_mem_funcs
                0x20000b90       0x10 CMakeFiles/basics.dir/Users/erensoylu/.pico-sdk/sdk/1.5.1/src/rp2_common/pico_mem_ops/mem_ops_aeabi.S.obj
                0x20000b90                aeabi_mem_funcs
                0x20000ba0                aeabi_mem_funcs_end
 .data.stdio_usb
                0x20000ba0       0x18 CMakeFiles/basics.dir/Users/erensoylu/.pico-sdk/sdk/1.5.1/src/rp2_common/pico_stdio_usb/stdio_usb.c.obj
                0x20000ba0                stdio_usb
 .data.ep_dir_string
                0x20000bb8        0x8 CMakeFiles/basics.dir/Users/erensoylu/.pico-sdk/sdk/1.5.1/lib/tinyusb/src/portable/raspberrypi/rp2040/rp2040_usb.c.obj
                0x20000bb8                ep_dir_string
 .data._usbd_qdef
                0x20000bc0       0x1c CMakeFiles/basics.dir/Users/erensoylu/.pico-sdk/sdk/1.5.1/lib/tinyusb/src/device/usbd.c.obj
                0x20000bc0                _usbd_qdef
 .data._usbd_rhport
                0x20000bdc        0x1 CMakeFiles/basics.dir/Users/erensoylu/.pico-sdk/sdk/1.5.1/lib/tinyusb/src/device/usbd.c.obj
                0x20000be0                        . = ALIGN (0x4)
 *fill*         0x20000bdd        0x3 
 *(.after_data.*)
                0x20000be0                        . = ALIGN (0x4)
                0x20000be0                        PROVIDE (__mutex_array_start = .)
 *(SORT_BY_NAME(.mutex_array.*))
 *(.mutex_array)
 .mutex_array   0x20000be0        0x8 CMakeFiles/basics.dir/Users/erensoylu/.pico-sdk/sdk/1.5.1/src/rp2_common/pico_stdio/stdio.c.obj
                0x20000be8                        PROVIDE (__mutex_array_end = .)
                0x20000be8                        . = ALIGN (0x4)
                0x20000be8                        PROVIDE (__preinit_array_start = .)
 *(SORT_BY_NAME(.preinit_array.*))
 .preinit_array.00001
                0x20000be8        0x4 CMakeFiles/basics.dir/Users/erensoylu/.pico-sdk/sdk/1.5.1/src/rp2_common/pico_mem_ops/mem_ops_aeabi.S.obj
 .preinit_array.00010
                0x20000bec        0x4 CMakeFiles/basics.dir/Users/erensoylu/.pico-sdk/sdk/1.5.1/src/rp2_common/pico_bit_ops/bit_ops_aeabi.S.obj
 .preinit_array.00020
                0x20000bf0        0x4 CMakeFiles/basics.dir/Users/erensoylu/.pico-sdk/sdk/1.5.1/src/rp2_common/pico_double/double_aeabi.S.obj
 .preinit_array.00020
                0x20000bf4        0x4 CMakeFiles/basics.dir/Users/erensoylu/.pico-sdk/sdk/1.5.1/src/rp2_common/pico_float/float_aeabi.S.obj
 *(.preinit_array)
                0x20000bf8                        PROVIDE (__preinit_array_end = .)
                0x20000bf8                        . = ALIGN (0x4)
                0x20000bf8                        PROVIDE (__init_array_start = .)
 *(SORT_BY_NAME(.init_array.*))
 *(.init_array)
 .init_array    0x20000bf8        0x4 /Users/erensoylu/.pico-sdk/toolchain/13_2_Rel1/bin/../lib/gcc/arm-none-eabi/13.2.1/thumb/v6-m/nofp/crtbegin.o
 .init_array    0x20000bfc        0x4 CMakeFiles/basics.dir/Users/erensoylu/.pico-sdk/sdk/1.5.1/src/rp2_common/pico_unique_id/unique_id.c.obj